Component: ARM Compiler 5.06 update 7 (build 960) Tool: armlink [4d3601]

==============================================================================

Section Cross References

    startup_stm32f407xx.o(RESET) refers to startup_stm32f407xx.o(STACK) for __initial_sp
    startup_stm32f407xx.o(RESET) refers to startup_stm32f407xx.o(.text) for Reset_Handler
    startup_stm32f407xx.o(RESET) refers to stm32f4xx_it.o(i.NMI_Handler) for NMI_Handler
    startup_stm32f407xx.o(RESET) refers to stm32f4xx_it.o(i.HardFault_Handler) for HardFault_Handler
    startup_stm32f407xx.o(RESET) refers to stm32f4xx_it.o(i.MemManage_Handler) for MemManage_Handler
    startup_stm32f407xx.o(RESET) refers to stm32f4xx_it.o(i.BusFault_Handler) for BusFault_Handler
    startup_stm32f407xx.o(RESET) refers to stm32f4xx_it.o(i.UsageFault_Handler) for UsageFault_Handler
    startup_stm32f407xx.o(RESET) refers to stm32f4xx_it.o(i.SVC_Handler) for SVC_Handler
    startup_stm32f407xx.o(RESET) refers to stm32f4xx_it.o(i.DebugMon_Handler) for DebugMon_Handler
    startup_stm32f407xx.o(RESET) refers to stm32f4xx_it.o(i.PendSV_Handler) for PendSV_Handler
    startup_stm32f407xx.o(RESET) refers to stm32f4xx_it.o(i.SysTick_Handler) for SysTick_Handler
    startup_stm32f407xx.o(RESET) refers to stm32f4xx_it.o(i.USART1_IRQHandler) for USART1_IRQHandler
    startup_stm32f407xx.o(RESET) refers to stm32f4xx_it.o(i.UART4_IRQHandler) for UART4_IRQHandler
    startup_stm32f407xx.o(RESET) refers to stm32f4xx_it.o(i.DMA2_Stream1_IRQHandler) for DMA2_Stream1_IRQHandler
    startup_stm32f407xx.o(RESET) refers to stm32f4xx_it.o(i.CAN2_RX0_IRQHandler) for CAN2_RX0_IRQHandler
    startup_stm32f407xx.o(.text) refers to system_stm32f4xx.o(i.SystemInit) for SystemInit
    startup_stm32f407xx.o(.text) refers to entry.o(.ARM.Collect$$$$00000000) for __main
    main.o(i.SystemClock_Config) refers to memseta.o(.text) for __aeabi_memclr4
    main.o(i.SystemClock_Config) refers to stm32f4xx_hal_rcc.o(i.HAL_RCC_OscConfig) for HAL_RCC_OscConfig
    main.o(i.SystemClock_Config) refers to main.o(i.Error_Handler) for Error_Handler
    main.o(i.SystemClock_Config) refers to stm32f4xx_hal_rcc.o(i.HAL_RCC_ClockConfig) for HAL_RCC_ClockConfig
    main.o(i.main) refers to main.o(.conststring) for .conststring
    main.o(i.main) refers to can.o(.data) for can2Ready
    main.o(i.main) refers to main.o(.data) for g_boot_error_stage
    main.o(i.main) refers to can.o(.bss) for hcan2
    main.o(i.main) refers to stm32f4xx_hal.o(i.HAL_Init) for HAL_Init
    main.o(i.main) refers to main.o(i.SystemClock_Config) for SystemClock_Config
    main.o(i.main) refers to gpio.o(i.MX_GPIO_Init) for MX_GPIO_Init
    main.o(i.main) refers to dma.o(i.MX_DMA_Init) for MX_DMA_Init
    main.o(i.main) refers to usart.o(i.MX_USART1_UART_Init) for MX_USART1_UART_Init
    main.o(i.main) refers to tim.o(i.MX_TIM1_Init) for MX_TIM1_Init
    main.o(i.main) refers to adc.o(i.MX_ADC1_Init) for MX_ADC1_Init
    main.o(i.main) refers to usart.o(i.MX_UART4_Init) for MX_UART4_Init
    main.o(i.main) refers to can.o(i.MX_CAN2_Init) for MX_CAN2_Init
    main.o(i.main) refers to oled.o(i.OLED_Init) for OLED_Init
    main.o(i.main) refers to oled.o(i.OLED_Clear) for OLED_Clear
    main.o(i.main) refers to oled.o(i.OLED_ShowString) for OLED_ShowString
    main.o(i.main) refers to oled.o(i.OLED_Update) for OLED_Update
    main.o(i.main) refers to can.o(i.USER_CAN2_Filter_Init) for USER_CAN2_Filter_Init
    main.o(i.main) refers to stm32f4xx_hal_can.o(i.HAL_CAN_Start) for HAL_CAN_Start
    main.o(i.main) refers to stm32f4xx_hal_can.o(i.HAL_CAN_ActivateNotification) for HAL_CAN_ActivateNotification
    main.o(i.main) refers to oled.o(i.OLED_ShowNum) for OLED_ShowNum
    main.o(i.main) refers to bsp_key.o(i.Key_Init) for Key_Init
    main.o(i.main) refers to mid_button.o(i.user_button_init) for user_button_init
    main.o(i.main) refers to debug.o(i.Debug_Init) for Debug_Init
    main.o(i.main) refers to bsp_bluetooth.o(i.Bluetooth_Init) for Bluetooth_Init
    main.o(i.main) refers to hx711.o(i.HX711_Init) for HX711_Init
    main.o(i.main) refers to bsp_relay.o(i.Relay_Init) for Relay_Init
    main.o(i.main) refers to servo_ctrl.o(i.ServoSystem_Init) for ServoSystem_Init
    main.o(i.main) refers to app_conveyor.o(i.App_Conwashing_Init) for App_Conwashing_Init
    main.o(i.main) refers to printfa.o(i.__0printf) for __2printf
    main.o(i.main) refers to oled.o(i.OLED_ShowChar) for OLED_ShowChar
    main.o(i.main) refers to bsp_bluetooth.o(i.Bluetooth_Printf) for Bluetooth_Printf
    main.o(i.main) refers to stm32f4xx_hal.o(i.HAL_GetTick) for HAL_GetTick
    main.o(i.main) refers to app_conveyor.o(i.App_Conwashing_Task) for App_Conwashing_Task
    main.o(i.main) refers to mid_button.o(i.flex_button_scan) for flex_button_scan
    main.o(i.main) refers to app_bluetooth_task.o(i.Process_Bluetooth_Command) for Process_Bluetooth_Command
    main.o(i.main) refers to app_conveyor.o(i.App_Get_CurrentMode) for App_Get_CurrentMode
[...]
    i.UART_Transmit_IT                       0x080057e0   Section        0  stm32f4xx_hal_uart.o(i.UART_Transmit_IT)
    UART_Transmit_IT                         0x080057e1   Thumb Code    94  stm32f4xx_hal_uart.o(i.UART_Transmit_IT)
    i.UART_WaitOnFlagUntilTimeout            0x0800583e   Section        0  stm32f4xx_hal_uart.o(i.UART_WaitOnFlagUntilTimeout)
    UART_WaitOnFlagUntilTimeout              0x0800583f   Thumb Code   142  stm32f4xx_hal_uart.o(i.UART_WaitOnFlagUntilTimeout)
    i.USART1_IRQHandler                      0x080058cc   Section        0  stm32f4xx_it.o(i.USART1_IRQHandler)
    i.USER_CAN2_Filter_Init                  0x080058dc   Section        0  can.o(i.USER_CAN2_Filter_Init)
    i.UpdateLowerScrewState                  0x0800595e   Section        0  conveyor_belt.o(i.UpdateLowerScrewState)
    UpdateLowerScrewState                    0x0800595f   Thumb Code    56  conveyor_belt.o(i.UpdateLowerScrewState)
    i.UsageFault_Handler                     0x08005996   Section        0  stm32f4xx_it.o(i.UsageFault_Handler)
    i.WashingSystem_Init                     0x0800599a   Section        0  conveyor_belt.o(i.WashingSystem_Init)
    i.__0printf                              0x08005adc   Section        0  printfa.o(i.__0printf)
    i.__0vsprintf                            0x08005afc   Section        0  printfa.o(i.__0vsprintf)
    i.__scatterload_copy                     0x08005b20   Section       14  handlers.o(i.__scatterload_copy)
    i.__scatterload_null                     0x08005b2e   Section        2  handlers.o(i.__scatterload_null)
    i.__scatterload_zeroinit                 0x08005b30   Section       14  handlers.o(i.__scatterload_zeroinit)
    i._fp_digits                             0x08005b40   Section        0  printfa.o(i._fp_digits)
    _fp_digits                               0x08005b41   Thumb Code   366  printfa.o(i._fp_digits)
    i._printf_core                           0x08005cc4   Section        0  printfa.o(i._printf_core)
    _printf_core                             0x08005cc5   Thumb Code  1704  printfa.o(i._printf_core)
    i._printf_post_padding                   0x08006378   Section        0  printfa.o(i._printf_post_padding)
    _printf_post_padding                     0x08006379   Thumb Code    36  printfa.o(i._printf_post_padding)
    i._printf_pre_padding                    0x0800639c   Section        0  printfa.o(i._printf_pre_padding)
    _printf_pre_padding                      0x0800639d   Thumb Code    46  printfa.o(i._printf_pre_padding)
    i._sputc                                 0x080063ca   Section        0  printfa.o(i._sputc)
    _sputc                                   0x080063cb   Thumb Code    10  printfa.o(i._sputc)
    i.btn_four_cb                            0x080063d4   Section        0  app_key_task.o(i.btn_four_cb)
    i.btn_one_cb                             0x08006468   Section        0  app_key_task.o(i.btn_one_cb)
    i.btn_three_cb                           0x080064e4   Section        0  app_key_task.o(i.btn_three_cb)
    i.btn_two_cb                             0x08006572   Section        0  app_key_task.o(i.btn_two_cb)
    i.button_four_read                       0x080065f0   Section        0  mid_button.o(i.button_four_read)
    button_four_read                         0x080065f1   Thumb Code    14  mid_button.o(i.button_four_read)
    i.button_one_read                        0x080065fe   Section        0  mid_button.o(i.button_one_read)
    button_one_read                          0x080065ff   Thumb Code    14  mid_button.o(i.button_one_read)
    i.button_three_read                      0x0800660c   Section        0  mid_button.o(i.button_three_read)
    button_three_read                        0x0800660d   Thumb Code    14  mid_button.o(i.button_three_read)
    i.button_two_read                        0x0800661a   Section        0  mid_button.o(i.button_two_read)
    button_two_read                          0x0800661b   Thumb Code    14  mid_button.o(i.button_two_read)
    i.can_SendCmd                            0x08006628   Section        0  can.o(i.can_SendCmd)
    i.delay_us                               0x0800679e   Section        0  delay_us.o(i.delay_us)
    i.flex_button_process                    0x080067b6   Section        0  mid_button.o(i.flex_button_process)
    flex_button_process                      0x080067b7   Thumb Code   718  mid_button.o(i.flex_button_process)
    i.flex_button_read                       0x08006a84   Section        0  mid_button.o(i.flex_button_read)
    flex_button_read                         0x08006a85   Thumb Code   162  mid_button.o(i.flex_button_read)
    i.flex_button_register                   0x08006b26   Section        0  mid_button.o(i.flex_button_register)
    i.flex_button_scan                       0x08006bc2   Section        0  mid_button.o(i.flex_button_scan)
    i.fputc                                  0x08006bce   Section        0  debug.o(i.fputc)
    i.key_scan                               0x08006bea   Section        0  bsp_key.o(i.key_scan)
    i.main                                   0x08006c68   Section        0  main.o(i.main)
    i.user_button_init                       0x08006ed0   Section        0  mid_button.o(i.user_button_init)
    .constdata                               0x08006fac   Section       24  system_stm32f4xx.o(.constdata)
    .constdata                               0x08006fc4   Section        8  stm32f4xx_hal_dma.o(.constdata)
    flagBitshiftOffset                       0x08006fc4   Data           8  stm32f4xx_hal_dma.o(.constdata)
    .constdata                               0x08006fcc   Section     6357  oled_data.o(.constdata)
    .conststring                             0x080088a4   Section      148  main.o(.conststring)
    .conststring                             0x08008938   Section      156  debug.o(.conststring)
    .conststring                             0x080089d4   Section        1  oled.o(.conststring)
    .conststring                             0x080089d8   Section        7  conveyor_belt.o(.conststring)
    .conststring                             0x080089e0   Section      140  app_key_task.o(.conststring)
    .conststring                             0x08008a6c   Section      764  app_conveyor.o(.conststring)
    .conststring                             0x08008d68   Section      224  app_bluetooth_task.o(.conststring)
    c.Run_Auto_Process_FSM.0000002a          0x08008e68   Section       15  app_conveyor.o(c.Run_Auto_Process_FSM.0000002a)
    c.flex_button_process.00000028           0x08008e77   Section        7  mid_button.o(c.flex_button_process.00000028)
    .data                                    0x20000000   Section       24  main.o(.data)
    last_bluetooth_time                      0x20000004   Data           4  main.o(.data)
    last_scan_time                           0x20000008   Data           4  main.o(.data)
    last_wish_time                           0x2000000c   Data           4  main.o(.data)
    last_ui_time                             0x20000010   Data           4  main.o(.data)
    .data                                    0x20000018   Section        8  can.o(.data)
    TxMailbox                                0x2000001c   Data           4  can.o(.data)
    .data                                    0x20000020   Section        4  system_stm32f4xx.o(.data)
    .data                                    0x20000024   Section       12  stm32f4xx_hal.o(.data)
    .data                                    0x20000030   Section        4  bsp_bluetooth.o(.data)
    RxIndex                                  0x20000032   Data           1  bsp_bluetooth.o(.data)
    RxState                                  0x20000033   Data           1  bsp_bluetooth.o(.data)
    .data                                    0x20000034   Section        8  servo.o(.data)
    s_servo_cfg                              0x20000034   Data           8  servo.o(.data)
    .data                                    0x2000003c   Section       13  mid_button.o(.data)
    btn_head                                 0x2000003c   Data           4  mid_button.o(.data)
    trg                                      0x20000040   Data           2  mid_button.o(.data)
    cont                                     0x20000042   Data           2  mid_button.o(.data)
    keydata                                  0x20000044   Data           2  mid_button.o(.data)
    key_rst_data                             0x20000046   Data           2  mid_button.o(.data)
    button_cnt                               0x20000048   Data           1  mid_button.o(.data)
    .data                                    0x2000004c   Section       72  hx711.o(.data)
    .data                                    0x20000094   Section        4  stdout.o(.data)
    .bss                                     0x20000098   Section       72  adc.o(.bss)
    .bss                                     0x200000e0   Section      160  can.o(.bss)
    .bss                                     0x20000180   Section       96  dma.o(.bss)
    .bss                                     0x200001e0   Section       72  tim.o(.bss)
    .bss                                     0x20000228   Section      144  usart.o(.bss)
    .bss                                     0x200002b8   Section     1024  oled.o(.bss)
    .bss                                     0x200006b8   Section     2260  emm_v5.o(.bss)
    cmd                                      0x20000ab8   Data          16  emm_v5.o(.bss)
    cmd                                      0x20000ac8   Data          16  emm_v5.o(.bss)
    cmd                                      0x20000ad8   Data          16  emm_v5.o(.bss)
    cmd                                      0x20000ae8   Data          16  emm_v5.o(.bss)
    cmd                                      0x20000af8   Data          16  emm_v5.o(.bss)
    cmd                                      0x20000b08   Data         512  emm_v5.o(.bss)
    cmd                                      0x20000d08   Data          16  emm_v5.o(.bss)
    cmd                                      0x20000d18   Data          16  emm_v5.o(.bss)
    cmd                                      0x20000d28   Data          16  emm_v5.o(.bss)
    cmd                                      0x20000d38   Data          16  emm_v5.o(.bss)
    cmd                                      0x20000d48   Data          16  emm_v5.o(.bss)
    cmd                                      0x20000d58   Data          16  emm_v5.o(.bss)
    cmd                                      0x20000d68   Data          16  emm_v5.o(.bss)
    cmd                                      0x20000d78   Data          16  emm_v5.o(.bss)
    cmd                                      0x20000d88   Data          16  emm_v5.o(.bss)
    cmd                                      0x20000d98   Data          32  emm_v5.o(.bss)
    cmd                                      0x20000db8   Data          16  emm_v5.o(.bss)
    cmd                                      0x20000dc8   Data          16  emm_v5.o(.bss)
    cmd                                      0x20000dd8   Data          16  emm_v5.o(.bss)
    cmd                                      0x20000de8   Data          16  emm_v5.o(.bss)
    cmd                                      0x20000df8   Data          16  emm_v5.o(.bss)
    cmd                                      0x20000e08   Data          16  emm_v5.o(.bss)
    cmd                                      0x20000e18   Data          16  emm_v5.o(.bss)
    cmd                                      0x20000e28   Data          16  emm_v5.o(.bss)
    cmd                                      0x20000e38   Data          16  emm_v5.o(.bss)
    cmd                                      0x20000e48   Data          16  emm_v5.o(.bss)
    cmd                                      0x20000e58   Data          16  emm_v5.o(.bss)
    cmd                                      0x20000e68   Data          16  emm_v5.o(.bss)
    cmd                                      0x20000e78   Data          16  emm_v5.o(.bss)
    cmd                                      0x20000e88   Data          16  emm_v5.o(.bss)
    cmd                                      0x20000e98   Data          16  emm_v5.o(.bss)
    cmd                                      0x20000ea8   Data          20  emm_v5.o(.bss)
    cmd                                      0x20000ebc   Data          16  emm_v5.o(.bss)
    cmd                                      0x20000ecc   Data          32  emm_v5.o(.bss)
    cmd                                      0x20000eec   Data          16  emm_v5.o(.bss)
    cmd                                      0x20000efc   Data          16  emm_v5.o(.bss)
    cmd                                      0x20000f0c   Data          16  emm_v5.o(.bss)
    cmd                                      0x20000f1c   Data          16  emm_v5.o(.bss)
    cmd                                      0x20000f2c   Data          16  emm_v5.o(.bss)
    cmd                                      0x20000f3c   Data          16  emm_v5.o(.bss)
    cmd                                      0x20000f4c   Data          16  emm_v5.o(.bss)
    cmd                                      0x20000f5c   Data          16  emm_v5.o(.bss)
    cmd                                      0x20000f6c   Data          16  emm_v5.o(.bss)
    cmd                                      0x20000f7c   Data          16  emm_v5.o(.bss)
    .bss                                     0x20000f8c   Section      150  bsp_bluetooth.o(.bss)
    .bss                                     0x20001024   Section      112  mid_button.o(.bss)
    user_button                              0x20001024   Data         112  mid_button.o(.bss)
    .bss                                     0x20001094   Section      112  conveyor_belt.o(.bss)
    .bss                                     0x20001104   Section       36  hx711.o(.bss)
    .bss                                     0x20001128   Section      120  app_conveyor.o(.bss)
    appCtrl                                  0x20001128   Data         120  app_conveyor.o(.bss)
    STACK                                    0x200011a0   Section     2048  startup_stm32f407xx.o(STACK)

    Global Symbols

    Symbol Name                              Value     Ov Type        Size  Object(Section)

    BuildAttributes$$THM_ISAv4$E$P$D$K$B$S$7EM$VFPi3$EXTD16$VFPS$VFMA$PE$A:L22UL41UL21$X:L11$S22US41US21$IEEE1$IW$USESV6$~STKCKD$USESV7$~SHL$OTIME$ROPI$IEEEX$EBA8$MICROLIB$REQ8$PRES8$EABIv2 0x00000000   Number         0  anon$$obj.o ABSOLUTE
    __ARM_use_no_argv                        0x00000000   Number         0  main.o ABSOLUTE
    _printf_a                                0x00000000   Number         0  stubs.o ABSOLUTE
    _printf_c                                0x00000000   Number         0  stubs.o ABSOLUTE
    _printf_charcount                        0x00000000   Number         0  stubs.o ABSOLUTE
    _printf_d                                0x00000000   Number         0  stubs.o ABSOLUTE
    _printf_e                                0x00000000   Number         0  stubs.o ABSOLUTE
    _printf_f                                0x00000000   Number         0  stubs.o ABSOLUTE
    _printf_flags                            0x00000000   Number         0  stubs.o ABSOLUTE
    _printf_fp_dec                           0x00000000   Number         0  stubs.o ABSOLUTE
    _printf_fp_hex                           0x00000000   Number         0  stubs.o ABSOLUTE
    _printf_g                                0x00000000   Number         0  stubs.o ABSOLUTE
    _printf_i                                0x00000000   Number         0  stubs.o ABSOLUTE
    _printf_int_dec                          0x00000000   Number         0  stubs.o ABSOLUTE
    _printf_l                                0x00000000   Number         0  stubs.o ABSOLUTE
    _printf_lc                               0x00000000   Number         0  stubs.o ABSOLUTE
    _printf_ll                               0x00000000   Number         0  stubs.o ABSOLUTE
    _printf_lld                              0x00000000   Number         0  stubs.o ABSOLUTE
    _printf_lli                              0x00000000   Number         0  stubs.o ABSOLUTE
    _printf_llo                              0x00000000   Number         0  stubs.o ABSOLUTE
    _printf_llu                              0x00000000   Number         0  stubs.o ABSOLUTE
    _printf_llx                              0x00000000   Number         0  stubs.o ABSOLUTE
    _printf_longlong_dec                     0x00000000   Number         0  stubs.o ABSOLUTE
    _printf_longlong_hex                     0x00000000   Number         0  stubs.o ABSOLUTE
    _printf_longlong_oct                     0x00000000   Number         0  stubs.o ABSOLUTE
    _printf_ls                               0x00000000   Number         0  stubs.o ABSOLUTE
    _printf_mbtowc                           0x00000000   Number         0  stubs.o ABSOLUTE
    _printf_n                                0x00000000   Number         0  stubs.o ABSOLUTE
    _printf_o                                0x00000000   Number         0  stubs.o ABSOLUTE
    _printf_p                                0x00000000   Number         0  stubs.o ABSOLUTE
    _printf_percent                          0x00000000   Number         0  stubs.o ABSOLUTE
    _printf_pre_padding                      0x00000000   Number         0  stubs.o ABSOLUTE
    _printf_return_value                     0x00000000   Number         0  stubs.o ABSOLUTE
    _printf_s                                0x00000000   Number         0  stubs.o ABSOLUTE
    _printf_sizespec                         0x00000000   Number         0  stubs.o ABSOLUTE
    _printf_str                              0x00000000   Number         0  stubs.o ABSOLUTE
    _printf_truncate_signed                  0x00000000   Number         0  stubs.o ABSOLUTE
    _printf_truncate_unsigned                0x00000000   Number         0  stubs.o ABSOLUTE
    _printf_u                                0x00000000   Number         0  stubs.o ABSOLUTE
    _printf_wc                               0x00000000   Number         0  stubs.o ABSOLUTE
    _printf_wctomb                           0x00000000   Number         0  stubs.o ABSOLUTE
    _printf_widthprec                        0x00000000   Number         0  stubs.o ABSOLUTE
    _printf_x                                0x00000000   Number         0  stubs.o ABSOLUTE
    __arm_fini_                               - Undefined Weak Reference
    __cpp_initialize__aeabi_                  - Undefined Weak Reference
    __cxa_finalize                            - Undefined Weak Reference
    __decompress                              - Undefined Weak Reference
    _clock_init                               - Undefined Weak Reference
    _microlib_exit                            - Undefined Weak Reference
    __Vectors_Size                           0x00000188   Number         0  startup_stm32f407xx.o ABSOLUTE
    __Vectors                                0x08000000   Data           4  startup_stm32f407xx.o(RESET)
    __Vectors_End                            0x08000188   Data           0  startup_stm32f407xx.o(RESET)
    __main                                   0x08000189   Thumb Code     0  entry.o(.ARM.Collect$$$$00000000)
    _main_stk                                0x08000189   Thumb Code     0  entry2.o(.ARM.Collect$$$$00000001)
    _main_scatterload                        0x0800018d   Thumb Code     0  entry5.o(.ARM.Collect$$$$00000004)
    __main_after_scatterload                 0x08000191   Thumb Code     0  entry5.o(.ARM.Collect$$$$00000004)
    _main_clock                              0x08000191   Thumb Code     0  entry7b.o(.ARM.Collect$$$$00000008)
    _main_cpp_init                           0x08000191   Thumb Code     0  entry8b.o(.ARM.Collect$$$$0000000A)
    _main_init                               0x08000191   Thumb Code     0  entry9a.o(.ARM.Collect$$$$0000000B)
    __rt_lib_shutdown_fini                   0x08000199   Thumb Code     0  entry12b.o(.ARM.Collect$$$$0000000E)
    __rt_final_cpp                           0x0800019d   Thumb Code     0  entry10a.o(.ARM.Collect$$$$0000000F)
    __rt_final_exit                          0x0800019d   Thumb Code     0  entry11a.o(.ARM.Collect$$$$00000011)
    Reset_Handler                            0x080001a1   Thumb Code     8  startup_stm32f407xx.o(.text)
    ADC_IRQHandler                           0x080001bb   Thumb Code     0  startup_stm32f407xx.o(.text)
    CAN1_RX0_IRQHandler                      0x080001bb   Thumb Code     0  startup_stm32f407xx.o(.text)
    CAN1_RX1_IRQHandler                      0x080001bb   Thumb Code     0  startup_stm32f407xx.o(.text)
    CAN1_SCE_IRQHandler                      0x080001bb   Thumb Code     0  startup_stm32f407xx.o(.text)
    CAN1_TX_IRQHandler                       0x080001bb   Thumb Code     0  startup_stm32f407xx.o(.text)
    CAN2_RX1_IRQHandler                      0x080001bb   Thumb Code     0  startup_stm32f407xx.o(.text)
    CAN2_SCE_IRQHandler                      0x080001bb   Thumb Code     0  startup_stm32f407xx.o(.text)
    CAN2_TX_IRQHandler                       0x080001bb   Thumb Code     0  startup_stm32f407xx.o(.text)
    DCMI_IRQHandler                          0x080001bb   Thumb Code     0  startup_stm32f407xx.o(.text)
    DMA1_Stream0_IRQHandler                  0x080001bb   Thumb Code     0  startup_stm32f407xx.o(.text)
    DMA1_Stream1_IRQHandler                  0x080001bb   Thumb Code     0  startup_stm32f407xx.o(.text)
    DMA1_Stream2_IRQHandler                  0x080001bb   Thumb Code     0  startup_stm32f407xx.o(.text)
    DMA1_Stream3_IRQHandler                  0x080001bb   Thumb Code     0  startup_stm32f407xx.o(.text)
    DMA1_Stream4_IRQHandler                  0x080001bb   Thumb Code     0  startup_stm32f407xx.o(.text)
    DMA1_Stream5_IRQHandler                  0x080001bb   Thumb Code     0  startup_stm32f407xx.o(.text)
    DMA1_Stream6_IRQHandler                  0x080001bb   Thumb Code     0  startup_stm32f407xx.o(.text)
    DMA1_Stream7_IRQHandler                  0x080001bb   Thumb Code     0  startup_stm32f407xx.o(.text)
    DMA2_Stream0_IRQHandler                  0x080001bb   Thumb Code     0  startup_stm32f407xx.o(.text)
    DMA2_Stream2_IRQHandler                  0x080001bb   Thumb Code     0  startup_stm32f407xx.o(.text)
    DMA2_Stream3_IRQHandler                  0x080001bb   Thumb Code     0  startup_stm32f407xx.o(.text)
    DMA2_Stream4_IRQHandler                  0x080001bb   Thumb Code     0  startup_stm32f407xx.o(.text)
    DMA2_Stream5_IRQHandler                  0x080001bb   Thumb Code     0  startup_stm32f407xx.o(.text)
    DMA2_Stream6_IRQHandler                  0x080001bb   Thumb Code     0  startup_stm32f407xx.o(.text)
    DMA2_Stream7_IRQHandler                  0x080001bb   Thumb Code     0  startup_stm32f407xx.o(.text)
    ETH_IRQHandler                           0x080001bb   Thumb Code     0  startup_stm32f407xx.o(.text)
    ETH_WKUP_IRQHandler                      0x080001bb   Thumb Code     0  startup_stm32f407xx.o(.text)
    EXTI0_IRQHandler                         0x080001bb   Thumb Code     0  startup_stm32f407xx.o(.text)
    EXTI15_10_IRQHandler                     0x080001bb   Thumb Code     0  startup_stm32f407xx.o(.text)
    EXTI1_IRQHandler                         0x080001bb   Thumb Code     0  startup_stm32f407xx.o(.text)
    EXTI2_IRQHandler                         0x080001bb   Thumb Code     0  startup_stm32f407xx.o(.text)
    EXTI3_IRQHandler                         0x080001bb   Thumb Code     0  startup_stm32f407xx.o(.text)
    EXTI4_IRQHandler                         0x080001bb   Thumb Code     0  startup_stm32f407xx.o(.text)
    EXTI9_5_IRQHandler                       0x080001bb   Thumb Code     0  startup_stm32f407xx.o(.text)
    FLASH_IRQHandler                         0x080001bb   Thumb Code     0  startup_stm32f407xx.o(.text)
    FMC_IRQHandler                           0x080001bb   Thumb Code     0  startup_stm32f407xx.o(.text)
    FPU_IRQHandler                           0x080001bb   Thumb Code     0  startup_stm32f407xx.o(.text)
    HASH_RNG_IRQHandler                      0x080001bb   Thumb Code     0  startup_stm32f407xx.o(.text)
    I2C1_ER_IRQHandler                       0x080001bb   Thumb Code     0  startup_stm32f407xx.o(.text)
    I2C1_EV_IRQHandler                       0x080001bb   Thumb Code     0  startup_stm32f407xx.o(.text)
    I2C2_ER_IRQHandler                       0x080001bb   Thumb Code     0  startup_stm32f407xx.o(.text)
    I2C2_EV_IRQHandler                       0x080001bb   Thumb Code     0  startup_stm32f407xx.o(.text)
    I2C3_ER_IRQHandler                       0x080001bb   Thumb Code     0  startup_stm32f407xx.o(.text)
    I2C3_EV_IRQHandler                       0x080001bb   Thumb Code     0  startup_stm32f407xx.o(.text)
    OTG_FS_IRQHandler                        0x080001bb   Thumb Code     0  startup_stm32f407xx.o(.text)
    OTG_FS_WKUP_IRQHandler                   0x080001bb   Thumb Code     0  startup_stm32f407xx.o(.text)
    OTG_HS_EP1_IN_IRQHandler                 0x080001bb   Thumb Code     0  startup_stm32f407xx.o(.text)
    OTG_HS_EP1_OUT_IRQHandler                0x080001bb   Thumb Code     0  startup_stm32f407xx.o(.text)
    OTG_HS_IRQHandler                        0x080001bb   Thumb Code     0  startup_stm32f407xx.o(.text)
    OTG_HS_WKUP_IRQHandler                   0x080001bb   Thumb Code     0  startup_stm32f407xx.o(.text)
    PVD_IRQHandler                           0x080001bb   Thumb Code     0  startup_stm32f407xx.o(.text)
    RCC_IRQHandler                           0x080001bb   Thumb Code     0  startup_stm32f407xx.o(.text)
    RTC_Alarm_IRQHandler                     0x080001bb   Thumb Code     0  startup_stm32f407xx.o(.text)
    RTC_WKUP_IRQHandler                      0x080001bb   Thumb Code     0  startup_stm32f407xx.o(.text)
    SDIO_IRQHandler                          0x080001bb   Thumb Code     0  startup_stm32f407xx.o(.text)
    SPI1_IRQHandler                          0x080001bb   Thumb Code     0  startup_stm32f407xx.o(.text)
    SPI2_IRQHandler                          0x080001bb   Thumb Code     0  startup_stm32f407xx.o(.text)
    SPI3_IRQHandler                          0x080001bb   Thumb Code     0  startup_stm32f407xx.o(.text)
    TAMP_STAMP_IRQHandler                    0x080001bb   Thumb Code     0  startup_stm32f407xx.o(.text)
    TIM1_BRK_TIM9_IRQHandler                 0x080001bb   Thumb Code     0  startup_stm32f407xx.o(.text)
    TIM1_CC_IRQHandler                       0x080001bb   Thumb Code     0  startup_stm32f407xx.o(.text)
    TIM1_TRG_COM_TIM11_IRQHandler            0x080001bb   Thumb Code     0  startup_stm32f407xx.o(.text)
    TIM1_UP_TIM10_IRQHandler                 0x080001bb   Thumb Code     0  startup_stm32f407xx.o(.text)
    TIM2_IRQHandler                          0x080001bb   Thumb Code     0  startup_stm32f407xx.o(.text)
    TIM3_IRQHandler                          0x080001bb   Thumb Code     0  startup_stm32f407xx.o(.text)
    TIM4_IRQHandler                          0x080001bb   Thumb Code     0  startup_stm32f407xx.o(.text)
    TIM5_IRQHandler                          0x080001bb   Thumb Code     0  startup_stm32f407xx.o(.text)
    TIM6_DAC_IRQHandler                      0x080001bb   Thumb Code     0  startup_stm32f407xx.o(.text)
    TIM7_IRQHandler                          0x080001bb   Thumb Code     0  startup_stm32f407xx.o(.text)
    TIM8_BRK_TIM12_IRQHandler                0x080001bb   Thumb Code     0  startup_stm32f407xx.o(.text)
    TIM8_CC_IRQHandler                       0x080001bb   Thumb Code     0  startup_stm32f407xx.o(.text)
    TIM8_TRG_COM_TIM14_IRQHandler            0x080001bb   Thumb Code     0  startup_stm32f407xx.o(.text)
    TIM8_UP_TIM13_IRQHandler                 0x080001bb   Thumb Code     0  startup_stm32f407xx.o(.text)
    UART5_IRQHandler                         0x080001bb   Thumb Code     0  startup_stm32f407xx.o(.text)
    USART2_IRQHandler                        0x080001bb   Thumb Code     0  startup_stm32f407xx.o(.text)
    USART3_IRQHandler                        0x080001bb   Thumb Code     0  startup_stm32f407xx.o(.text)
    USART6_IRQHandler                        0x080001bb   Thumb Code     0  startup_stm32f407xx.o(.text)
    WWDG_IRQHandler                          0x080001bb   Thumb Code     0  startup_stm32f407xx.o(.text)
    __aeabi_uldivmod                         0x080001c5   Thumb Code    98  uldiv.o(.text)
    __aeabi_memcpy                           0x08000227   Thumb Code    36  memcpya.o(.text)
    __aeabi_memcpy4                          0x08000227   Thumb Code     0  memcpya.o(.text)
    __aeabi_memcpy8                          0x08000227   Thumb Code     0  memcpya.o(.text)
    __aeabi_memset                           0x0800024b   Thumb Code    14  memseta.o(.text)
    __aeabi_memset4                          0x0800024b   Thumb Code     0  memseta.o(.text)
    __aeabi_memset8                          0x0800024b   Thumb Code     0  memseta.o(.text)
    __aeabi_memclr                           0x08000259   Thumb Code     4  memseta.o(.text)
    __aeabi_memclr4                          0x08000259   Thumb Code     0  memseta.o(.text)
    __aeabi_memclr8                          0x08000259   Thumb Code     0  memseta.o(.text)
    _memset$wrapper                          0x0800025d   Thumb Code    18  memseta.o(.text)
    strlen                                   0x0800026f   Thumb Code    14  strlen.o(.text)
    strcmp                                   0x0800027d   Thumb Code    28  strcmp.o(.text)
    strncmp                                  0x08000299   Thumb Code    30  strncmp.o(.text)
    __aeabi_dadd                             0x080002b7   Thumb Code   322  dadd.o(.text)
    __aeabi_dsub                             0x080003f9   Thumb Code     6  dadd.o(.text)
    __aeabi_drsub                            0x080003ff   Thumb Code     6  dadd.o(.text)
    __aeabi_dmul                             0x08000405   Thumb Code   228  dmul.o(.text)
    __aeabi_ddiv                             0x080004e9   Thumb Code   222  ddiv.o(.text)
    __aeabi_f2d                              0x080005c7   Thumb Code    38  f2d.o(.text)
    __aeabi_cdrcmple                         0x080005ed   Thumb Code    48  cdrcmple.o(.text)
    __aeabi_uidiv                            0x0800061d   Thumb Code     0  uidiv.o(.text)
    __aeabi_uidivmod                         0x0800061d   Thumb Code    44  uidiv.o(.text)
    __aeabi_llsl                             0x08000649   Thumb Code    30  llshl.o(.text)
    _ll_shift_l                              0x08000649   Thumb Code     0  llshl.o(.text)
    __aeabi_llsr                             0x08000667   Thumb Code    32  llushr.o(.text)
    _ll_ushift_r                             0x08000667   Thumb Code     0  llushr.o(.text)
    __aeabi_lasr                             0x08000687   Thumb Code    36  llsshr.o(.text)
    _ll_sshift_r                             0x08000687   Thumb Code     0  llsshr.o(.text)
    __I$use$fp                               0x080006ab   Thumb Code     0  iusefp.o(.text)
    _double_round                            0x080006ab   Thumb Code    30  depilogue.o(.text)
    _double_epilogue                         0x080006c9   Thumb Code   156  depilogue.o(.text)
    __aeabi_d2ulz                            0x08000765   Thumb Code    48  dfixul.o(.text)
    __scatterload                            0x08000795   Thumb Code    28  init.o(.text)
    __scatterload_rt2                        0x08000795   Thumb Code     0  init.o(.text)
    App_Conwashing_Init                      0x08000909   Thumb Code   166  app_conveyor.o(i.App_Conwashing_Init)
    App_Conwashing_Task                      0x080009af   Thumb Code   200  app_conveyor.o(i.App_Conwashing_Task)
    App_Get_CurrentMode                      0x08000a9d   Thumb Code    12  app_conveyor.o(i.App_Get_CurrentMode)
    App_Send_Cmd_Emergency                   0x08000cc3   Thumb Code    24  app_conveyor.o(i.App_Send_Cmd_Emergency)
    App_Send_Cmd_Resume                      0x08000cdb   Thumb Code    66  app_conveyor.o(i.App_Send_Cmd_Resume)
    App_Send_Cmd_StartAuto                   0x08000d1d   Thumb Code    54  app_conveyor.o(i.App_Send_Cmd_StartAuto)
    App_Send_Cmd_Stop                        0x08000d53   Thumb Code    64  app_conveyor.o(i.App_Send_Cmd_Stop)
    Bluetooth_Init                           0x08000dc3   Thumb Code    26  bsp_bluetooth.o(i.Bluetooth_Init)
    Bluetooth_Printf                         0x08000ddd   Thumb Code    36  bsp_bluetooth.o(i.Bluetooth_Printf)
    Bluetooth_SendString                     0x08000e01   Thumb Code    34  bsp_bluetooth.o(i.Bluetooth_SendString)
    BusFault_Handler                         0x08000e23   Thumb Code     4  stm32f4xx_it.o(i.BusFault_Handler)
    CAN2_RX0_IRQHandler                      0x08000e27   Thumb Code    16  stm32f4xx_it.o(i.CAN2_RX0_IRQHandler)
    DMA2_Stream1_IRQHandler                  0x08000e87   Thumb Code    16  stm32f4xx_it.o(i.DMA2_Stream1_IRQHandler)
    DebugMon_Handler                         0x08000f4d   Thumb Code     2  stm32f4xx_it.o(i.DebugMon_Handler)
    Debug_Init                               0x08000f4f   Thumb Code    96  debug.o(i.Debug_Init)
    EmergencyStopAll                         0x08000fb9   Thumb Code    82  conveyor_belt.o(i.EmergencyStopAll)
    Emm_V5_En_Control                        0x0800100b   Thumb Code    60  emm_v5.o(i.Emm_V5_En_Control)
    Emm_V5_Modify_Ctrl_Mode                  0x08001047   Thumb Code    60  emm_v5.o(i.Emm_V5_Modify_Ctrl_Mode)
    Emm_V5_Pos_Control                       0x08001083   Thumb Code   102  emm_v5.o(i.Emm_V5_Pos_Control)
    Emm_V5_Reset_Clog_Pro                    0x080010e9   Thumb Code    50  emm_v5.o(i.Emm_V5_Reset_Clog_Pro)
    Emm_V5_Reset_CurPos_To_Zero              0x0800111b   Thumb Code    50  emm_v5.o(i.Emm_V5_Reset_CurPos_To_Zero)
    Emm_V5_Stop_Now                          0x0800114d   Thumb Code    56  emm_v5.o(i.Emm_V5_Stop_Now)
    Emm_V5_Synchronous_motion                0x08001185   Thumb Code    50  emm_v5.o(i.Emm_V5_Synchronous_motion)
    Emm_V5_Vel_Control                       0x080011b7   Thumb Code    78  emm_v5.o(i.Emm_V5_Vel_Control)
    Error_Handler                            0x08001219   Thumb Code     4  main.o(i.Error_Handler)
    GetConveyorBeltByLayer                   0x0800121d   Thumb Code    36  conveyor_belt.o(i.GetConveyorBeltByLayer)
    HAL_ADC_ConfigChannel                    0x08001241   Thumb Code   380  stm32f4xx_hal_adc.o(i.HAL_ADC_ConfigChannel)
    HAL_ADC_Init                             0x080013bd   Thumb Code    86  stm32f4xx_hal_adc.o(i.HAL_ADC_Init)
    HAL_ADC_MspInit                          0x08001413   Thumb Code   144  adc.o(i.HAL_ADC_MspInit)
    HAL_CAN_ActivateNotification             0x080014a3   Thumb Code    36  stm32f4xx_hal_can.o(i.HAL_CAN_ActivateNotification)
    HAL_CAN_AddTxMessage                     0x080014c7   Thumb Code   240  stm32f4xx_hal_can.o(i.HAL_CAN_AddTxMessage)
    HAL_CAN_ConfigFilter                     0x080015b7   Thumb Code   296  stm32f4xx_hal_can.o(i.HAL_CAN_ConfigFilter)
    HAL_CAN_ErrorCallback                    0x080016df   Thumb Code     2  stm32f4xx_hal_can.o(i.HAL_CAN_ErrorCallback)
    HAL_CAN_GetRxFifoFillLevel               0x080016e1   Thumb Code    38  stm32f4xx_hal_can.o(i.HAL_CAN_GetRxFifoFillLevel)
    HAL_CAN_GetRxMessage                     0x08001707   Thumb Code   372  stm32f4xx_hal_can.o(i.HAL_CAN_GetRxMessage)
    HAL_CAN_IRQHandler                       0x0800187b   Thumb Code   564  stm32f4xx_hal_can.o(i.HAL_CAN_IRQHandler)
    HAL_CAN_Init                             0x08001aaf   Thumb Code   360  stm32f4xx_hal_can.o(i.HAL_CAN_Init)
    HAL_CAN_MspInit                          0x08001c17   Thumb Code   202  can.o(i.HAL_CAN_MspInit)
    HAL_CAN_RxFifo0FullCallback              0x08001ce1   Thumb Code     2  stm32f4xx_hal_can.o(i.HAL_CAN_RxFifo0FullCallback)
    HAL_CAN_RxFifo0MsgPendingCallback        0x08001ce3   Thumb Code    80  can.o(i.HAL_CAN_RxFifo0MsgPendingCallback)
    HAL_CAN_RxFifo1FullCallback              0x08001d33   Thumb Code     2  stm32f4xx_hal_can.o(i.HAL_CAN_RxFifo1FullCallback)
    HAL_CAN_RxFifo1MsgPendingCallback        0x08001d35   Thumb Code     2  stm32f4xx_hal_can.o(i.HAL_CAN_RxFifo1MsgPendingCallback)
    HAL_CAN_SleepCallback                    0x08001d37   Thumb Code     2  stm32f4xx_hal_can.o(i.HAL_CAN_SleepCallback)
    HAL_CAN_Start                            0x08001d39   Thumb Code   100  stm32f4xx_hal_can.o(i.HAL_CAN_Start)
    HAL_CAN_TxMailbox0AbortCallback          0x08001d9d   Thumb Code     2  stm32f4xx_hal_can.o(i.HAL_CAN_TxMailbox0AbortCallback)
    HAL_CAN_TxMailbox0CompleteCallback       0x08001d9f   Thumb Code     2  stm32f4xx_hal_can.o(i.HAL_CAN_TxMailbox0CompleteCallback)
    HAL_CAN_TxMailbox1AbortCallback          0x08001da1   Thumb Code     2  stm32f4xx_hal_can.o(i.HAL_CAN_TxMailbox1AbortCallback)
    HAL_CAN_TxMailbox1CompleteCallback       0x08001da3   Thumb Code     2  stm32f4xx_hal_can.o(i.HAL_CAN_TxMailbox1CompleteCallback)
    HAL_CAN_TxMailbox2AbortCallback          0x08001da5   Thumb Code     2  stm32f4xx_hal_can.o(i.HAL_CAN_TxMailbox2AbortCallback)
    HAL_CAN_TxMailbox2CompleteCallback       0x08001da7   Thumb Code     2  stm32f4xx_hal_can.o(i.HAL_CAN_TxMailbox2CompleteCallback)
    HAL_CAN_WakeUpFromRxMsgCallback          0x08001da9   Thumb Code     2  stm32f4xx_hal_can.o(i.HAL_CAN_WakeUpFromRxMsgCallback)
    HAL_DMA_Abort                            0x08001dab   Thumb Code   162  stm32f4xx_hal_dma.o(i.HAL_DMA_Abort)
    HAL_DMA_Abort_IT                         0x08001e4d   Thumb Code    36  stm32f4xx_hal_dma.o(i.HAL_DMA_Abort_IT)
    HAL_DMA_IRQHandler                       0x08001e71   Thumb Code   494  stm32f4xx_hal_dma.o(i.HAL_DMA_IRQHandler)
    HAL_DMA_Init                             0x0800205f   Thumb Code   236  stm32f4xx_hal_dma.o(i.HAL_DMA_Init)
    HAL_Delay                                0x0800214b   Thumb Code    40  stm32f4xx_hal.o(i.HAL_Delay)
    HAL_GPIO_Init                            0x08002173   Thumb Code   558  stm32f4xx_hal_gpio.o(i.HAL_GPIO_Init)
    HAL_GPIO_ReadPin                         0x080023a1   Thumb Code    14  stm32f4xx_hal_gpio.o(i.HAL_GPIO_ReadPin)
    HAL_GPIO_WritePin                        0x080023af   Thumb Code    14  stm32f4xx_hal_gpio.o(i.HAL_GPIO_WritePin)
    HAL_GetTick                              0x080023bd   Thumb Code    12  stm32f4xx_hal.o(i.HAL_GetTick)
    HAL_IncTick                              0x080023c9   Thumb Code    18  stm32f4xx_hal.o(i.HAL_IncTick)
    HAL_Init                                 0x080023db   Thumb Code    54  stm32f4xx_hal.o(i.HAL_Init)
    HAL_InitTick                             0x08002411   Thumb Code    70  stm32f4xx_hal.o(i.HAL_InitTick)
    HAL_MspInit                              0x08002457   Thumb Code    80  stm32f4xx_hal_msp.o(i.HAL_MspInit)
    HAL_NVIC_EnableIRQ                       0x080024a7   Thumb Code    28  stm32f4xx_hal_cortex.o(i.HAL_NVIC_EnableIRQ)
    HAL_NVIC_SetPriority                     0x080024c3   Thumb Code   104  stm32f4xx_hal_cortex.o(i.HAL_NVIC_SetPriority)
    HAL_NVIC_SetPriorityGrouping             0x0800252b   Thumb Code    36  stm32f4xx_hal_cortex.o(i.HAL_NVIC_SetPriorityGrouping)
    HAL_RCC_ClockConfig                      0x0800254f   Thumb Code   388  stm32f4xx_hal_rcc.o(i.HAL_RCC_ClockConfig)
    HAL_RCC_GetHCLKFreq                      0x080026d3   Thumb Code    12  stm32f4xx_hal_rcc.o(i.HAL_RCC_GetHCLKFreq)
    HAL_RCC_GetPCLK1Freq                     0x080026df   Thumb Code    34  stm32f4xx_hal_rcc.o(i.HAL_RCC_GetPCLK1Freq)
    HAL_RCC_GetPCLK2Freq                     0x08002701   Thumb Code    34  stm32f4xx_hal_rcc.o(i.HAL_RCC_GetPCLK2Freq)
    HAL_RCC_GetSysClockFreq                  0x08002723   Thumb Code   118  stm32f4xx_hal_rcc.o(i.HAL_RCC_GetSysClockFreq)
    HAL_RCC_OscConfig                        0x08002799   Thumb Code  1182  stm32f4xx_hal_rcc.o(i.HAL_RCC_OscConfig)
    HAL_SYSTICK_Config                       0x08002c37   Thumb Code    42  stm32f4xx_hal_cortex.o(i.HAL_SYSTICK_Config)
    HAL_TIMEx_ConfigBreakDeadTime            0x08002c61   Thumb Code   102  stm32f4xx_hal_tim_ex.o(i.HAL_TIMEx_ConfigBreakDeadTime)
    HAL_TIMEx_MasterConfigSynchronization    0x08002cc7   Thumb Code   154  stm32f4xx_hal_tim_ex.o(i.HAL_TIMEx_MasterConfigSynchronization)
    HAL_TIM_Base_Init                        0x08002d61   Thumb Code    92  stm32f4xx_hal_tim.o(i.HAL_TIM_Base_Init)
    HAL_TIM_Base_MspInit                     0x08002dbd   Thumb Code    60  tim.o(i.HAL_TIM_Base_MspInit)
    HAL_TIM_ConfigClockSource                0x08002df9   Thumb Code   234  stm32f4xx_hal_tim.o(i.HAL_TIM_ConfigClockSource)
    HAL_TIM_MspPostInit                      0x08002ee3   Thumb Code   110  tim.o(i.HAL_TIM_MspPostInit)
    HAL_TIM_PWM_ConfigChannel                0x08002f51   Thumb Code   216  stm32f4xx_hal_tim.o(i.HAL_TIM_PWM_ConfigChannel)
    HAL_TIM_PWM_Init                         0x08003029   Thumb Code    92  stm32f4xx_hal_tim.o(i.HAL_TIM_PWM_Init)
    HAL_TIM_PWM_MspInit                      0x08003085   Thumb Code     2  stm32f4xx_hal_tim.o(i.HAL_TIM_PWM_MspInit)
    HAL_TIM_PWM_Start                        0x08003087   Thumb Code   222  stm32f4xx_hal_tim.o(i.HAL_TIM_PWM_Start)
    HAL_UARTEx_RxEventCallback               0x08003165   Thumb Code     2  stm32f4xx_hal_uart.o(i.HAL_UARTEx_RxEventCallback)
    HAL_UART_ErrorCallback                   0x08003167   Thumb Code     2  stm32f4xx_hal_uart.o(i.HAL_UART_ErrorCallback)
    HAL_UART_IRQHandler                      0x08003169   Thumb Code   644  stm32f4xx_hal_uart.o(i.HAL_UART_IRQHandler)
    HAL_UART_Init                            0x080033ed   Thumb Code   102  stm32f4xx_hal_uart.o(i.HAL_UART_Init)
    HAL_UART_MspInit                         0x08003453   Thumb Code   386  usart.o(i.HAL_UART_MspInit)
    HAL_UART_Receive_IT                      0x080035d5   Thumb Code    28  stm32f4xx_hal_uart.o(i.HAL_UART_Receive_IT)
    HAL_UART_RxCpltCallback                  0x080035f1   Thumb Code   236  bsp_bluetooth.o(i.HAL_UART_RxCpltCallback)
    HAL_UART_Transmit                        0x080036dd   Thumb Code   184  stm32f4xx_hal_uart.o(i.HAL_UART_Transmit)
    HAL_UART_TxCpltCallback                  0x08003795   Thumb Code     2  stm32f4xx_hal_uart.o(i.HAL_UART_TxCpltCallback)
    HX711_GetWeightChannel                   0x0800383f   Thumb Code   108  hx711.o(i.HX711_GetWeightChannel)
    HX711_Init                               0x080038ab   Thumb Code    80  hx711.o(i.HX711_Init)
    HX711_IsChannelReady                     0x080038fb   Thumb Code    34  hx711.o(i.HX711_IsChannelReady)
    HX711_IsChannelValid                     0x0800391d   Thumb Code    24  hx711.o(i.HX711_IsChannelValid)
    HX711_ReadChannel                        0x08003935   Thumb Code   164  hx711.o(i.HX711_ReadChannel)
    HX711_TareChannel                        0x080039e7   Thumb Code   106  hx711.o(i.HX711_TareChannel)
    HardFault_Handler                        0x08003a63   Thumb Code     4  stm32f4xx_it.o(i.HardFault_Handler)
    Key_Init                                 0x08003a67   Thumb Code     8  bsp_key.o(i.Key_Init)
    MX_ADC1_Init                             0x08003a6f   Thumb Code   126  adc.o(i.MX_ADC1_Init)
    MX_CAN2_Init                             0x08003aed   Thumb Code    76  can.o(i.MX_CAN2_Init)
    MX_DMA_Init                              0x08003b39   Thumb Code   140  dma.o(i.MX_DMA_Init)
    MX_GPIO_Init                             0x08003bc5   Thumb Code   400  gpio.o(i.MX_GPIO_Init)
    MX_TIM1_Init                             0x08003d55   Thumb Code   284  tim.o(i.MX_TIM1_Init)
    MX_UART4_Init                            0x08003e71   Thumb Code    64  usart.o(i.MX_UART4_Init)
    MX_USART1_UART_Init                      0x08003eb1   Thumb Code    64  usart.o(i.MX_USART1_UART_Init)
    MemManage_Handler                        0x08003ef1   Thumb Code     4  stm32f4xx_it.o(i.MemManage_Handler)
    NMI_Handler                              0x08003ef5   Thumb Code     2  stm32f4xx_it.o(i.NMI_Handler)
    OLED_Clear                               0x08003ef7   Thumb Code    42  oled.o(i.OLED_Clear)
    OLED_ClearArea                           0x08003f21   Thumb Code   148  oled.o(i.OLED_ClearArea)
    OLED_GPIO_Init                           0x08003fb5   Thumb Code   180  oled.o(i.OLED_GPIO_Init)
    OLED_I2C_SendByte                        0x08004069   Thumb Code    74  oled.o(i.OLED_I2C_SendByte)
    OLED_I2C_Start                           0x080040b3   Thumb Code    46  oled.o(i.OLED_I2C_Start)
    OLED_I2C_Stop                            0x080040e1   Thumb Code    34  oled.o(i.OLED_I2C_Stop)
    OLED_Init                                0x08004103   Thumb Code   154  oled.o(i.OLED_Init)
    OLED_Pow                                 0x0800419d   Thumb Code    20  oled.o(i.OLED_Pow)
    OLED_SetCursor                           0x080041b1   Thumb Code    34  oled.o(i.OLED_SetCursor)
    OLED_ShowChar                            0x080041d3   Thumb Code    86  oled.o(i.OLED_ShowChar)
    OLED_ShowImage                           0x08004229   Thumb Code   272  oled.o(i.OLED_ShowImage)
    OLED_ShowNum                             0x08004339   Thumb Code    76  oled.o(i.OLED_ShowNum)
    OLED_ShowString                          0x08004385   Thumb Code   288  oled.o(i.OLED_ShowString)
    OLED_Update                              0x080044a5   Thumb Code    42  oled.o(i.OLED_Update)
    OLED_W_SCL                               0x080044cf   Thumb Code    24  oled.o(i.OLED_W_SCL)
    OLED_W_SDA                               0x080044e7   Thumb Code    24  oled.o(i.OLED_W_SDA)
    OLED_WriteCommand                        0x080044ff   Thumb Code    32  oled.o(i.OLED_WriteCommand)
    OLED_WriteData                           0x0800451f   Thumb Code    46  oled.o(i.OLED_WriteData)
    Pack_Cutter_Extend                       0x0800454d   Thumb Code    12  servo_ctrl.o(i.Pack_Cutter_Extend)
    Pack_Cutter_Retract                      0x08004559   Thumb Code    12  servo_ctrl.o(i.Pack_Cutter_Retract)
    PendSV_Handler                           0x08004565   Thumb Code     2  stm32f4xx_it.o(i.PendSV_Handler)
    Process_Bluetooth_Command                0x08004567   Thumb Code   620  app_bluetooth_task.o(i.Process_Bluetooth_Command)
    Relay_Init                               0x080047d3   Thumb Code    32  bsp_relay.o(i.Relay_Init)
    ResetEmergencyStop                       0x080047f3   Thumb Code    44  conveyor_belt.o(i.ResetEmergencyStop)
    SVC_Handler                              0x08004c79   Thumb Code     2  stm32f4xx_it.o(i.SVC_Handler)
    ServoSystem_Init                         0x08004c7b   Thumb Code    12  servo_ctrl.o(i.ServoSystem_Init)
    Servo_Init                               0x08004c87   Thumb Code    62  servo.o(i.Servo_Init)
    Servo_SetAngleInt                        0x08004cc5   Thumb Code    94  servo.o(i.Servo_SetAngleInt)
    Servo_SetPulse                           0x08004d23   Thumb Code    82  servo.o(i.Servo_SetPulse)
    Set_Relay_Switch                         0x08004d75   Thumb Code    66  bsp_relay.o(i.Set_Relay_Switch)
    StartConveyorBelt                        0x08004db7   Thumb Code   180  conveyor_belt.o(i.StartConveyorBelt)
    StartLowerPushAndPack                    0x08004e6b   Thumb Code    32  conveyor_belt.o(i.StartLowerPushAndPack)
    StartLowerReturn                         0x08004f9f   Thumb Code    26  conveyor_belt.o(i.StartLowerReturn)
    StopConveyorBelt                         0x08005077   Thumb Code    58  conveyor_belt.o(i.StopConveyorBelt)
    StopLowerScrew                           0x080050b1   Thumb Code    74  conveyor_belt.o(i.StopLowerScrew)
    StopPackMotor                            0x080050fb   Thumb Code    40  conveyor_belt.o(i.StopPackMotor)
    StopWashingSystem                        0x08005123   Thumb Code    24  conveyor_belt.o(i.StopWashingSystem)
    SysTick_Handler                          0x0800513b   Thumb Code     8  stm32f4xx_it.o(i.SysTick_Handler)
    SystemClock_Config                       0x08005143   Thumb Code   198  main.o(i.SystemClock_Config)
    SystemInit                               0x08005209   Thumb Code    40  system_stm32f4xx.o(i.SystemInit)
    TIM_Base_SetConfig                       0x08005231   Thumb Code   218  stm32f4xx_hal_tim.o(i.TIM_Base_SetConfig)
    TIM_CCxChannelCmd                        0x0800530b   Thumb Code    30  stm32f4xx_hal_tim.o(i.TIM_CCxChannelCmd)
    TIM_ETR_SetConfig                        0x08005329   Thumb Code    22  stm32f4xx_hal_tim.o(i.TIM_ETR_SetConfig)
    TIM_OC2_SetConfig                        0x080053c1   Thumb Code   122  stm32f4xx_hal_tim.o(i.TIM_OC2_SetConfig)
    UART4_IRQHandler                         0x0800555b   Thumb Code    16  stm32f4xx_it.o(i.UART4_IRQHandler)
    UART_Start_Receive_IT                    0x080057a9   Thumb Code    56  stm32f4xx_hal_uart.o(i.UART_Start_Receive_IT)
    USART1_IRQHandler                        0x080058cd   Thumb Code    16  stm32f4xx_it.o(i.USART1_IRQHandler)
    USER_CAN2_Filter_Init                    0x080058dd   Thumb Code   130  can.o(i.USER_CAN2_Filter_Init)
    UsageFault_Handler                       0x08005997   Thumb Code     4  stm32f4xx_it.o(i.UsageFault_Handler)
    WashingSystem_Init                       0x0800599b   Thumb Code   320  conveyor_belt.o(i.WashingSystem_Init)
    __0printf                                0x08005add   Thumb Code    22  printfa.o(i.__0printf)
    __1printf                                0x08005add   Thumb Code     0  printfa.o(i.__0printf)
    __2printf                                0x08005add   Thumb Code     0  printfa.o(i.__0printf)
    __c89printf                              0x08005add   Thumb Code     0  printfa.o(i.__0printf)
    printf                                   0x08005add   Thumb Code     0  printfa.o(i.__0printf)
    __0vsprintf                              0x08005afd   Thumb Code    30  printfa.o(i.__0vsprintf)
    __1vsprintf                              0x08005afd   Thumb Code     0  printfa.o(i.__0vsprintf)
    __2vsprintf                              0x08005afd   Thumb Code     0  printfa.o(i.__0vsprintf)
    __c89vsprintf                            0x08005afd   Thumb Code     0  printfa.o(i.__0vsprintf)
    vsprintf                                 0x08005afd   Thumb Code     0  printfa.o(i.__0vsprintf)
    __scatterload_copy                       0x08005b21   Thumb Code    14  handlers.o(i.__scatterload_copy)
    __scatterload_null                       0x08005b2f   Thumb Code     2  handlers.o(i.__scatterload_null)
    __scatterload_zeroinit                   0x08005b31   Thumb Code    14  handlers.o(i.__scatterload_zeroinit)
    btn_four_cb                              0x080063d5   Thumb Code   148  app_key_task.o(i.btn_four_cb)
    btn_one_cb                               0x08006469   Thumb Code   124  app_key_task.o(i.btn_one_cb)
    btn_three_cb                             0x080064e5   Thumb Code   142  app_key_task.o(i.btn_three_cb)
    btn_two_cb                               0x08006573   Thumb Code   126  app_key_task.o(i.btn_two_cb)
    can_SendCmd                              0x08006629   Thumb Code   374  can.o(i.can_SendCmd)
    delay_us                                 0x0800679f   Thumb Code    24  delay_us.o(i.delay_us)
    flex_button_register                     0x08006b27   Thumb Code   156  mid_button.o(i.flex_button_register)
    flex_button_scan                         0x08006bc3   Thumb Code    12  mid_button.o(i.flex_button_scan)
    fputc                                    0x08006bcf   Thumb Code    28  debug.o(i.fputc)
    key_scan                                 0x08006beb   Thumb Code   126  bsp_key.o(i.key_scan)
    main                                     0x08006c69   Thumb Code   616  main.o(i.main)
    user_button_init                         0x08006ed1   Thumb Code   220  mid_button.o(i.user_button_init)
    AHBPrescTable                            0x08006fac   Data          16  system_stm32f4xx.o(.constdata)
    APBPrescTable                            0x08006fbc   Data           8  system_stm32f4xx.o(.constdata)
    OLED_F8x16                               0x08006fcc   Data        1520  oled_data.o(.constdata)
    OLED_F6x8                                0x080075bc   Data         570  oled_data.o(.constdata)
    OLED_CF16x16                             0x080077f6   Data        4235  oled_data.o(.constdata)
    Diode                                    0x08008881   Data          32  oled_data.o(.constdata)
    Region$$Table$$Base                      0x08008e48   Number         0  anon$$obj.o(Region$$Table)
    Region$$Table$$Limit                     0x08008e68   Number         0  anon$$obj.o(Region$$Table)
    flag_JiDianQi                            0x20000000   Data           1  main.o(.data)
    g_boot_error_stage                       0x20000014   Data           4  main.o(.data)
    can2Ready                                0x20000018   Data           1  can.o(.data)
    SystemCoreClock                          0x20000020   Data           4  system_stm32f4xx.o(.data)
    uwTickFreq                               0x20000024   Data           1  stm32f4xx_hal.o(.data)
    uwTickPrio                               0x20000028   Data           4  stm32f4xx_hal.o(.data)
    uwTick                                   0x2000002c   Data           4  stm32f4xx_hal.o(.data)
    BT_RxBuffer                              0x20000030   Data           1  bsp_bluetooth.o(.data)
    BT_RxFlag                                0x20000031   Data           1  bsp_bluetooth.o(.data)
    hx711_left                               0x2000004c   Data          36  hx711.o(.data)
    hx711_right                              0x20000070   Data          36  hx711.o(.data)
    __stdout                                 0x20000094   Data           4  stdout.o(.data)
    hadc1                                    0x20000098   Data          72  adc.o(.bss)
    can                                      0x200000e0   Data         120  can.o(.bss)
    hcan2                                    0x20000158   Data          40  can.o(.bss)
    hdma_memtomem_dma2_stream1               0x20000180   Data          96  dma.o(.bss)
    htim1                                    0x200001e0   Data          72  tim.o(.bss)
    huart4                                   0x20000228   Data          72  usart.o(.bss)
    huart1                                   0x20000270   Data          72  usart.o(.bss)
    OLED_DisplayBuf                          0x200002b8   Data        1024  oled.o(.bss)
    MMCL_cmd                                 0x200006b8   Data        1024  emm_v5.o(.bss)
    BT_RxPacket                              0x20000f8c   Data         150  bsp_bluetooth.o(.bss)
    g_washingSystem                          0x20001094   Data         112  conveyor_belt.o(.bss)
    hx711                                    0x20001104   Data          36  hx711.o(.bss)
    __initial_sp                             0x200019a0   Data           0  startup_stm32f407xx.o(STACK)



==============================================================================

Memory Map of the image

  Image Entry point : 0x08000189

  Load Region LR_IROM1 (Base: 0x08000000, Size: 0x00008f18, Max: 0x00080000, ABSOLUTE)

    Execution Region ER_IROM1 (Exec base: 0x08000000, Load base: 0x08000000, Size: 0x00008e80, Max: 0x00080000, ABSOLUTE)

    Exec Addr    Load Addr    Size         Type   Attr      Idx    E Section Name        Object

    0x08000000   0x08000000   0x00000188   Data   RO            3    RESET               startup_stm32f407xx.o
    0x08000188   0x08000188   0x00000000   Code   RO         5327  * .ARM.Collect$$$$00000000  mc_w.l(entry.o)
    0x08000188   0x08000188   0x00000004   Code   RO         5664    .ARM.Collect$$$$00000001  mc_w.l(entry2.o)
    0x0800018c   0x0800018c   0x00000004   Code   RO         5667    .ARM.Collect$$$$00000004  mc_w.l(entry5.o)
    0x08000190   0x08000190   0x00000000   Code   RO         5669    .ARM.Collect$$$$00000008  mc_w.l(entry7b.o)
    0x08000190   0x08000190   0x00000000   Code   RO         5671    .ARM.Collect$$$$0000000A  mc_w.l(entry8b.o)
    0x08000190   0x08000190   0x00000008   Code   RO         5672    .ARM.Collect$$$$0000000B  mc_w.l(entry9a.o)
    0x08000198   0x08000198   0x00000004   Code   RO         5679    .ARM.Collect$$$$0000000E  mc_w.l(entry12b.o)
    0x0800019c   0x0800019c   0x00000000   Code   RO         5674    .ARM.Collect$$$$0000000F  mc_w.l(entry10a.o)
    0x0800019c   0x0800019c   0x00000000   Code   RO         5676    .ARM.Collect$$$$00000011  mc_w.l(entry11a.o)
    0x0800019c   0x0800019c   0x00000004   Code   RO         5665    .ARM.Collect$$$$00002712  mc_w.l(entry2.o)
    0x080001a0   0x080001a0   0x00000024   Code   RO            4    .text               startup_stm32f407xx.o
    0x080001c4   0x080001c4   0x00000062   Code   RO         5330    .text               mc_w.l(uldiv.o)
    0x08000226   0x08000226   0x00000024   Code   RO         5332    .text               mc_w.l(memcpya.o)
    0x0800024a   0x0800024a   0x00000024   Code   RO         5334    .text               mc_w.l(memseta.o)
    0x0800026e   0x0800026e   0x0000000e   Code   RO         5336    .text               mc_w.l(strlen.o)
    0x0800027c   0x0800027c   0x0000001c   Code   RO         5338    .text               mc_w.l(strcmp.o)
    0x08000298   0x08000298   0x0000001e   Code   RO         5340    .text               mc_w.l(strncmp.o)
    0x080002b6   0x080002b6   0x0000014e   Code   RO         5605    .text               mf_w.l(dadd.o)
    0x08000404   0x08000404   0x000000e4   Code   RO         5607    .text               mf_w.l(dmul.o)
    0x080004e8   0x080004e8   0x000000de   Code   RO         5609    .text               mf_w.l(ddiv.o)
    0x080005c6   0x080005c6   0x00000026   Code   RO         5621    .text               mf_w.l(f2d.o)
    0x080005ec   0x080005ec   0x00000030   Code   RO         5625    .text               mf_w.l(cdrcmple.o)
    0x0800061c   0x0800061c   0x0000002c   Code   RO         5681    .text               mc_w.l(uidiv.o)
    0x08000648   0x08000648   0x0000001e   Code   RO         5683    .text               mc_w.l(llshl.o)
    0x08000666   0x08000666   0x00000020   Code   RO         5685    .text               mc_w.l(llushr.o)
    0x08000686   0x08000686   0x00000024   Code   RO         5687    .text               mc_w.l(llsshr.o)
    0x080006aa   0x080006aa   0x00000000   Code   RO         5696    .text               mc_w.l(iusefp.o)
    0x080006aa   0x080006aa   0x000000ba   Code   RO         5699    .text               mf_w.l(depilogue.o)
    0x08000764   0x08000764   0x00000030   Code   RO         5703    .text               mf_w.l(dfixul.o)
    0x08000794   0x08000794   0x00000024   Code   RO         5709    .text               mc_w.l(init.o)
    0x080007b8   0x080007b8   0x00000130   Code   RO          669    i.ADC_Init          stm32f4xx_hal_adc.o
    0x080008e8   0x080008e8   0x00000020   Code   RO         5181    i.App_Consume_StateEntry  app_conveyor.o
    0x08000908   0x08000908   0x000000a6   Code   RO         5182    i.App_Conwashing_Init  app_conveyor.o
    0x080009ae   0x080009ae   0x000000c8   Code   RO         5183    i.App_Conwashing_Task  app_conveyor.o
    0x08000a76   0x08000a76   0x00000026   Code   RO         5184    i.App_Enter_AutoState  app_conveyor.o
    0x08000a9c   0x08000a9c   0x0000000c   Code   RO         5185    i.App_Get_CurrentMode  app_conveyor.o
    0x08000aa8   0x08000aa8   0x000001fa   Code   RO         5186    i.App_ProcessWeighing  app_conveyor.o
    0x08000ca2   0x08000ca2   0x00000020   Code   RO         5187    i.App_ResetWeighing  app_conveyor.o
    0x08000cc2   0x08000cc2   0x00000018   Code   RO         5188    i.App_Send_Cmd_Emergency  app_conveyor.o
    0x08000cda   0x08000cda   0x00000042   Code   RO         5189    i.App_Send_Cmd_Resume  app_conveyor.o
    0x08000d1c   0x08000d1c   0x00000036   Code   RO         5190    i.App_Send_Cmd_StartAuto  app_conveyor.o
    0x08000d52   0x08000d52   0x00000040   Code   RO         5191    i.App_Send_Cmd_Stop  app_conveyor.o
    0x08000d92   0x08000d92   0x00000018   Code   RO         5192    i.App_SetActuatorsSafe  app_conveyor.o
    0x08000daa   0x08000daa   0x00000018   Code   RO         5193    i.App_StateTimeout  app_conveyor.o
    0x08000dc2   0x08000dc2   0x0000001a   Code   RO         4594    i.Bluetooth_Init    bsp_bluetooth.o
    0x08000ddc   0x08000ddc   0x00000024   Code   RO         4595    i.Bluetooth_Printf  bsp_bluetooth.o
    0x08000e00   0x08000e00   0x00000022   Code   RO         4597    i.Bluetooth_SendString  bsp_bluetooth.o
    0x08000e22   0x08000e22   0x00000004   Code   RO          505    i.BusFault_Handler  stm32f4xx_it.o
    0x08000e26   0x08000e26   0x00000010   Code   RO          506    i.CAN2_RX0_IRQHandler  stm32f4xx_it.o
    0x08000e36   0x08000e36   0x0000003c   Code   RO         4767    i.ClampSpeed        conveyor_belt.o
    0x08000e72   0x08000e72   0x00000014   Code   RO         4768    i.ConfigureMotor    conveyor_belt.o
    0x08000e86   0x08000e86   0x00000010   Code   RO          507    i.DMA2_Stream1_IRQHandler  stm32f4xx_it.o
    0x08000e96   0x08000e96   0x00000038   Code   RO         1445    i.DMA_CalcBaseAndBitshift  stm32f4xx_hal_dma.o
    0x08000ece   0x08000ece   0x0000007e   Code   RO         1446    i.DMA_CheckFifoParam  stm32f4xx_hal_dma.o
    0x08000f4c   0x08000f4c   0x00000002   Code   RO          508    i.DebugMon_Handler  stm32f4xx_it.o
    0x08000f4e   0x08000f4e   0x00000060   Code   RO         3758    i.Debug_Init        debug.o
    0x08000fae   0x08000fae   0x0000000a   Code   RO         4769    i.DelayAfterCanCommand  conveyor_belt.o
    0x08000fb8   0x08000fb8   0x00000052   Code   RO         4770    i.EmergencyStopAll  conveyor_belt.o
    0x0800100a   0x0800100a   0x0000003c   Code   RO         4173    i.Emm_V5_En_Control  emm_v5.o
    0x08001046   0x08001046   0x0000003c   Code   RO         4190    i.Emm_V5_Modify_Ctrl_Mode  emm_v5.o
    0x08001082   0x08001082   0x00000066   Code   RO         4213    i.Emm_V5_Pos_Control  emm_v5.o
    0x080010e8   0x080010e8   0x00000032   Code   RO         4224    i.Emm_V5_Reset_Clog_Pro  emm_v5.o
    0x0800111a   0x0800111a   0x00000032   Code   RO         4225    i.Emm_V5_Reset_CurPos_To_Zero  emm_v5.o
    0x0800114c   0x0800114c   0x00000038   Code   RO         4228    i.Emm_V5_Stop_Now   emm_v5.o
    0x08001184   0x08001184   0x00000032   Code   RO         4229    i.Emm_V5_Synchronous_motion  emm_v5.o
    0x080011b6   0x080011b6   0x0000004e   Code   RO         4231    i.Emm_V5_Vel_Control  emm_v5.o
    0x08001204   0x08001204   0x00000014   Code   RO         4771    i.EnableMotorNow    conveyor_belt.o
    0x08001218   0x08001218   0x00000004   Code   RO           13    i.Error_Handler     main.o
    0x0800121c   0x0800121c   0x00000024   Code   RO         4772    i.GetConveyorBeltByLayer  conveyor_belt.o
    0x08001240   0x08001240   0x0000017c   Code   RO          671    i.HAL_ADC_ConfigChannel  stm32f4xx_hal_adc.o
    0x080013bc   0x080013bc   0x00000056   Code   RO          680    i.HAL_ADC_Init      stm32f4xx_hal_adc.o
    0x08001412   0x08001412   0x00000090   Code   RO          273    i.HAL_ADC_MspInit   adc.o
    0x080014a2   0x080014a2   0x00000024   Code   RO         2134    i.HAL_CAN_ActivateNotification  stm32f4xx_hal_can.o
    0x080014c6   0x080014c6   0x000000f0   Code   RO         2135    i.HAL_CAN_AddTxMessage  stm32f4xx_hal_can.o
    0x080015b6   0x080015b6   0x00000128   Code   RO         2136    i.HAL_CAN_ConfigFilter  stm32f4xx_hal_can.o
    0x080016de   0x080016de   0x00000002   Code   RO         2139    i.HAL_CAN_ErrorCallback  stm32f4xx_hal_can.o
    0x080016e0   0x080016e0   0x00000026   Code   RO         2141    i.HAL_CAN_GetRxFifoFillLevel  stm32f4xx_hal_can.o
    0x08001706   0x08001706   0x00000174   Code   RO         2142    i.HAL_CAN_GetRxMessage  stm32f4xx_hal_can.o
    0x0800187a   0x0800187a   0x00000234   Code   RO         2146    i.HAL_CAN_IRQHandler  stm32f4xx_hal_can.o
    0x08001aae   0x08001aae   0x00000168   Code   RO         2147    i.HAL_CAN_Init      stm32f4xx_hal_can.o
    0x08001c16   0x08001c16   0x000000ca   Code   RO          315    i.HAL_CAN_MspInit   can.o
    0x08001ce0   0x08001ce0   0x00000002   Code   RO         2154    i.HAL_CAN_RxFifo0FullCallback  stm32f4xx_hal_can.o
    0x08001ce2   0x08001ce2   0x00000050   Code   RO          316    i.HAL_CAN_RxFifo0MsgPendingCallback  can.o
    0x08001d32   0x08001d32   0x00000002   Code   RO         2156    i.HAL_CAN_RxFifo1FullCallback  stm32f4xx_hal_can.o
    0x08001d34   0x08001d34   0x00000002   Code   RO         2157    i.HAL_CAN_RxFifo1MsgPendingCallback  stm32f4xx_hal_can.o
    0x08001d36   0x08001d36   0x00000002   Code   RO         2158    i.HAL_CAN_SleepCallback  stm32f4xx_hal_can.o
    0x08001d38   0x08001d38   0x00000064   Code   RO         2159    i.HAL_CAN_Start     stm32f4xx_hal_can.o
    0x08001d9c   0x08001d9c   0x00000002   Code   RO         2161    i.HAL_CAN_TxMailbox0AbortCallback  stm32f4xx_hal_can.o
    0x08001d9e   0x08001d9e   0x00000002   Code   RO         2162    i.HAL_CAN_TxMailbox0CompleteCallback  stm32f4xx_hal_can.o
    0x08001da0   0x08001da0   0x00000002   Code   RO         2163    i.HAL_CAN_TxMailbox1AbortCallback  stm32f4xx_hal_can.o
    0x08001da2   0x08001da2   0x00000002   Code   RO         2164    i.HAL_CAN_TxMailbox1CompleteCallback  stm32f4xx_hal_can.o
    0x08001da4   0x08001da4   0x00000002   Code   RO         2165    i.HAL_CAN_TxMailbox2AbortCallback  stm32f4xx_hal_can.o
    0x08001da6   0x08001da6   0x00000002   Code   RO         2166    i.HAL_CAN_TxMailbox2CompleteCallback  stm32f4xx_hal_can.o
    0x08001da8   0x08001da8   0x00000002   Code   RO         2168    i.HAL_CAN_WakeUpFromRxMsgCallback  stm32f4xx_hal_can.o
    0x08001daa   0x08001daa   0x000000a2   Code   RO         1448    i.HAL_DMA_Abort     stm32f4xx_hal_dma.o
    0x08001e4c   0x08001e4c   0x00000024   Code   RO         1449    i.HAL_DMA_Abort_IT  stm32f4xx_hal_dma.o
    0x08001e70   0x08001e70   0x000001ee   Code   RO         1453    i.HAL_DMA_IRQHandler  stm32f4xx_hal_dma.o
    0x0800205e   0x0800205e   0x000000ec   Code   RO         1454    i.HAL_DMA_Init      stm32f4xx_hal_dma.o
    0x0800214a   0x0800214a   0x00000028   Code   RO         1882    i.HAL_Delay         stm32f4xx_hal.o
    0x08002172   0x08002172   0x0000022e   Code   RO         1341    i.HAL_GPIO_Init     stm32f4xx_hal_gpio.o
    0x080023a0   0x080023a0   0x0000000e   Code   RO         1343    i.HAL_GPIO_ReadPin  stm32f4xx_hal_gpio.o
    0x080023ae   0x080023ae   0x0000000e   Code   RO         1345    i.HAL_GPIO_WritePin  stm32f4xx_hal_gpio.o
    0x080023bc   0x080023bc   0x0000000c   Code   RO         1888    i.HAL_GetTick       stm32f4xx_hal.o
    0x080023c8   0x080023c8   0x00000012   Code   RO         1894    i.HAL_IncTick       stm32f4xx_hal.o
    0x080023da   0x080023da   0x00000036   Code   RO         1895    i.HAL_Init          stm32f4xx_hal.o
    0x08002410   0x08002410   0x00000046   Code   RO         1896    i.HAL_InitTick      stm32f4xx_hal.o
    0x08002456   0x08002456   0x00000050   Code   RO          605    i.HAL_MspInit       stm32f4xx_hal_msp.o
    0x080024a6   0x080024a6   0x0000001c   Code   RO         1735    i.HAL_NVIC_EnableIRQ  stm32f4xx_hal_cortex.o
    0x080024c2   0x080024c2   0x00000068   Code   RO         1741    i.HAL_NVIC_SetPriority  stm32f4xx_hal_cortex.o
    0x0800252a   0x0800252a   0x00000024   Code   RO         1742    i.HAL_NVIC_SetPriorityGrouping  stm32f4xx_hal_cortex.o
    0x0800254e   0x0800254e   0x00000184   Code   RO          942    i.HAL_RCC_ClockConfig  stm32f4xx_hal_rcc.o
    0x080026d2   0x080026d2   0x0000000c   Code   RO          947    i.HAL_RCC_GetHCLKFreq  stm32f4xx_hal_rcc.o
    0x080026de   0x080026de   0x00000022   Code   RO          949    i.HAL_RCC_GetPCLK1Freq  stm32f4xx_hal_rcc.o
    0x08002700   0x08002700   0x00000022   Code   RO          950    i.HAL_RCC_GetPCLK2Freq  stm32f4xx_hal_rcc.o
    0x08002722   0x08002722   0x00000076   Code   RO          951    i.HAL_RCC_GetSysClockFreq  stm32f4xx_hal_rcc.o
    0x08002798   0x08002798   0x0000049e   Code   RO          954    i.HAL_RCC_OscConfig  stm32f4xx_hal_rcc.o
    0x08002c36   0x08002c36   0x0000002a   Code   RO         1746    i.HAL_SYSTICK_Config  stm32f4xx_hal_cortex.o
    0x08002c60   0x08002c60   0x00000066   Code   RO         3088    i.HAL_TIMEx_ConfigBreakDeadTime  stm32f4xx_hal_tim_ex.o
    0x08002cc6   0x08002cc6   0x0000009a   Code   RO         3104    i.HAL_TIMEx_MasterConfigSynchronization  stm32f4xx_hal_tim_ex.o
    0x08002d60   0x08002d60   0x0000005c   Code   RO         2369    i.HAL_TIM_Base_Init  stm32f4xx_hal_tim.o
    0x08002dbc   0x08002dbc   0x0000003c   Code   RO          406    i.HAL_TIM_Base_MspInit  tim.o
    0x08002df8   0x08002df8   0x000000ea   Code   RO         2378    i.HAL_TIM_ConfigClockSource  stm32f4xx_hal_tim.o
    0x08002ee2   0x08002ee2   0x0000006e   Code   RO          407    i.HAL_TIM_MspPostInit  tim.o
    0x08002f50   0x08002f50   0x000000d8   Code   RO         2441    i.HAL_TIM_PWM_ConfigChannel  stm32f4xx_hal_tim.o
    0x08003028   0x08003028   0x0000005c   Code   RO         2444    i.HAL_TIM_PWM_Init  stm32f4xx_hal_tim.o
    0x08003084   0x08003084   0x00000002   Code   RO         2446    i.HAL_TIM_PWM_MspInit  stm32f4xx_hal_tim.o
    0x08003086   0x08003086   0x000000de   Code   RO         2449    i.HAL_TIM_PWM_Start  stm32f4xx_hal_tim.o
    0x08003164   0x08003164   0x00000002   Code   RO         3364    i.HAL_UARTEx_RxEventCallback  stm32f4xx_hal_uart.o
    0x08003166   0x08003166   0x00000002   Code   RO         3378    i.HAL_UART_ErrorCallback  stm32f4xx_hal_uart.o
    0x08003168   0x08003168   0x00000284   Code   RO         3381    i.HAL_UART_IRQHandler  stm32f4xx_hal_uart.o
    0x080033ec   0x080033ec   0x00000066   Code   RO         3382    i.HAL_UART_Init     stm32f4xx_hal_uart.o
    0x08003452   0x08003452   0x00000182   Code   RO          454    i.HAL_UART_MspInit  usart.o
    0x080035d4   0x080035d4   0x0000001c   Code   RO         3387    i.HAL_UART_Receive_IT  stm32f4xx_hal_uart.o
    0x080035f0   0x080035f0   0x000000ec   Code   RO         4598    i.HAL_UART_RxCpltCallback  bsp_bluetooth.o
    0x080036dc   0x080036dc   0x000000b8   Code   RO         3390    i.HAL_UART_Transmit  stm32f4xx_hal_uart.o
    0x08003794   0x08003794   0x00000002   Code   RO         3393    i.HAL_UART_TxCpltCallback  stm32f4xx_hal_uart.o
    0x08003796   0x08003796   0x00000086   Code   RO         4907    i.HX711_GPIO_Init   hx711.o
    0x0800381c   0x0800381c   0x00000022   Code   RO         4909    i.HX711_GetDevice   hx711.o
    0x0800383e   0x0800383e   0x0000006c   Code   RO         4911    i.HX711_GetWeightChannel  hx711.o
    0x080038aa   0x080038aa   0x00000050   Code   RO         4912    i.HX711_Init        hx711.o
    0x080038fa   0x080038fa   0x00000022   Code   RO         4913    i.HX711_IsChannelReady  hx711.o
    0x0800391c   0x0800391c   0x00000018   Code   RO         4914    i.HX711_IsChannelValid  hx711.o
    0x08003934   0x08003934   0x000000a4   Code   RO         4916    i.HX711_ReadChannel  hx711.o
    0x080039d8   0x080039d8   0x0000000e   Code   RO         4917    i.HX711_ReadDt      hx711.o
    0x080039e6   0x080039e6   0x0000006a   Code   RO         4919    i.HX711_TareChannel  hx711.o
    0x08003a50   0x08003a50   0x00000012   Code   RO         4920    i.HX711_WriteSck    hx711.o
    0x08003a62   0x08003a62   0x00000004   Code   RO          509    i.HardFault_Handler  stm32f4xx_it.o
    0x08003a66   0x08003a66   0x00000008   Code   RO         3725    i.Key_Init          bsp_key.o
    0x08003a6e   0x08003a6e   0x0000007e   Code   RO          274    i.MX_ADC1_Init      adc.o
    0x08003aec   0x08003aec   0x0000004c   Code   RO          317    i.MX_CAN2_Init      can.o
    0x08003b38   0x08003b38   0x0000008c   Code   RO          375    i.MX_DMA_Init       dma.o
    0x08003bc4   0x08003bc4   0x00000190   Code   RO          248    i.MX_GPIO_Init      gpio.o
    0x08003d54   0x08003d54   0x0000011c   Code   RO          408    i.MX_TIM1_Init      tim.o
    0x08003e70   0x08003e70   0x00000040   Code   RO          455    i.MX_UART4_Init     usart.o
    0x08003eb0   0x08003eb0   0x00000040   Code   RO          456    i.MX_USART1_UART_Init  usart.o
    0x08003ef0   0x08003ef0   0x00000004   Code   RO          510    i.MemManage_Handler  stm32f4xx_it.o
    0x08003ef4   0x08003ef4   0x00000002   Code   RO          511    i.NMI_Handler       stm32f4xx_it.o
    0x08003ef6   0x08003ef6   0x0000002a   Code   RO         3911    i.OLED_Clear        oled.o
    0x08003f20   0x08003f20   0x00000094   Code   RO         3912    i.OLED_ClearArea    oled.o
    0x08003fb4   0x08003fb4   0x000000b4   Code   RO         3920    i.OLED_GPIO_Init    oled.o
    0x08004068   0x08004068   0x0000004a   Code   RO         3922    i.OLED_I2C_SendByte  oled.o
    0x080040b2   0x080040b2   0x0000002e   Code   RO         3923    i.OLED_I2C_Start    oled.o
    0x080040e0   0x080040e0   0x00000022   Code   RO         3924    i.OLED_I2C_Stop     oled.o
    0x08004102   0x08004102   0x0000009a   Code   RO         3925    i.OLED_Init         oled.o
    0x0800419c   0x0800419c   0x00000014   Code   RO         3927    i.OLED_Pow          oled.o
    0x080041b0   0x080041b0   0x00000022   Code   RO         3931    i.OLED_SetCursor    oled.o
    0x080041d2   0x080041d2   0x00000056   Code   RO         3933    i.OLED_ShowChar     oled.o
    0x08004228   0x08004228   0x00000110   Code   RO         3936    i.OLED_ShowImage    oled.o
    0x08004338   0x08004338   0x0000004c   Code   RO         3937    i.OLED_ShowNum      oled.o
    0x08004384   0x08004384   0x00000120   Code   RO         3939    i.OLED_ShowString   oled.o
    0x080044a4   0x080044a4   0x0000002a   Code   RO         3940    i.OLED_Update       oled.o
    0x080044ce   0x080044ce   0x00000018   Code   RO         3942    i.OLED_W_SCL        oled.o
    0x080044e6   0x080044e6   0x00000018   Code   RO         3943    i.OLED_W_SDA        oled.o
    0x080044fe   0x080044fe   0x00000020   Code   RO         3944    i.OLED_WriteCommand  oled.o
    0x0800451e   0x0800451e   0x0000002e   Code   RO         3945    i.OLED_WriteData    oled.o
    0x0800454c   0x0800454c   0x0000000c   Code   RO         5027    i.Pack_Cutter_Extend  servo_ctrl.o
    0x08004558   0x08004558   0x0000000c   Code   RO         5028    i.Pack_Cutter_Retract  servo_ctrl.o
    0x08004564   0x08004564   0x00000002   Code   RO          512    i.PendSV_Handler    stm32f4xx_it.o
    0x08004566   0x08004566   0x0000026c   Code   RO         5285    i.Process_Bluetooth_Command  app_bluetooth_task.o
    0x080047d2   0x080047d2   0x00000020   Code   RO         4561    i.Relay_Init        bsp_relay.o
    0x080047f2   0x080047f2   0x0000002c   Code   RO         4773    i.ResetEmergencyStop  conveyor_belt.o
    0x0800481e   0x0800481e   0x00000458   Code   RO         5194    i.Run_Auto_Process_FSM  app_conveyor.o
    0x08004c76   0x08004c76   0x00000002   Code   RO         5195    i.Run_Maintenance_Mode  app_conveyor.o
    0x08004c78   0x08004c78   0x00000002   Code   RO          513    i.SVC_Handler       stm32f4xx_it.o
    0x08004c7a   0x08004c7a   0x0000000c   Code   RO         5029    i.ServoSystem_Init  servo_ctrl.o
    0x08004c86   0x08004c86   0x0000003e   Code   RO         4650    i.Servo_Init        servo.o
    0x08004cc4   0x08004cc4   0x0000005e   Code   RO         4652    i.Servo_SetAngleInt  servo.o
    0x08004d22   0x08004d22   0x00000052   Code   RO         4653    i.Servo_SetPulse    servo.o
    0x08004d74   0x08004d74   0x00000042   Code   RO         4562    i.Set_Relay_Switch  bsp_relay.o
    0x08004db6   0x08004db6   0x000000b4   Code   RO         4774    i.StartConveyorBelt  conveyor_belt.o
    0x08004e6a   0x08004e6a   0x00000020   Code   RO         4776    i.StartLowerPushAndPack  conveyor_belt.o
    0x08004e8a   0x08004e8a   0x00000114   Code   RO         4777    i.StartLowerPushAndPackMove  conveyor_belt.o
    0x08004f9e   0x08004f9e   0x0000001a   Code   RO         4778    i.StartLowerReturn  conveyor_belt.o
    0x08004fb8   0x08004fb8   0x000000be   Code   RO         4779    i.StartLowerScrewMove  conveyor_belt.o
    0x08005076   0x08005076   0x0000003a   Code   RO         4781    i.StopConveyorBelt  conveyor_belt.o
    0x080050b0   0x080050b0   0x0000004a   Code   RO         4782    i.StopLowerScrew    conveyor_belt.o
    0x080050fa   0x080050fa   0x00000028   Code   RO         4783    i.StopPackMotor     conveyor_belt.o
    0x08005122   0x08005122   0x00000018   Code   RO         4784    i.StopWashingSystem  conveyor_belt.o
    0x0800513a   0x0800513a   0x00000008   Code   RO          514    i.SysTick_Handler   stm32f4xx_it.o
    0x08005142   0x08005142   0x000000c6   Code   RO           14    i.SystemClock_Config  main.o
    0x08005208   0x08005208   0x00000028   Code   RO          630    i.SystemInit        system_stm32f4xx.o
    0x08005230   0x08005230   0x000000da   Code   RO         2462    i.TIM_Base_SetConfig  stm32f4xx_hal_tim.o
    0x0800530a   0x0800530a   0x0000001e   Code   RO         2463    i.TIM_CCxChannelCmd  stm32f4xx_hal_tim.o
    0x08005328   0x08005328   0x00000016   Code   RO         2473    i.TIM_ETR_SetConfig  stm32f4xx_hal_tim.o
    0x0800533e   0x0800533e   0x00000010   Code   RO         2474    i.TIM_ITRx_SetConfig  stm32f4xx_hal_tim.o
    0x0800534e   0x0800534e   0x00000072   Code   RO         2475    i.TIM_OC1_SetConfig  stm32f4xx_hal_tim.o
    0x080053c0   0x080053c0   0x0000007a   Code   RO         2476    i.TIM_OC2_SetConfig  stm32f4xx_hal_tim.o
    0x0800543a   0x0800543a   0x0000007a   Code   RO         2477    i.TIM_OC3_SetConfig  stm32f4xx_hal_tim.o
    0x080054b4   0x080054b4   0x00000058   Code   RO         2478    i.TIM_OC4_SetConfig  stm32f4xx_hal_tim.o
    0x0800550c   0x0800550c   0x00000026   Code   RO         2480    i.TIM_TI1_ConfigInputStage  stm32f4xx_hal_tim.o
    0x08005532   0x08005532   0x00000028   Code   RO         2482    i.TIM_TI2_ConfigInputStage  stm32f4xx_hal_tim.o
    0x0800555a   0x0800555a   0x00000010   Code   RO          515    i.UART4_IRQHandler  stm32f4xx_it.o
    0x0800556a   0x0800556a   0x0000000e   Code   RO         3395    i.UART_DMAAbortOnError  stm32f4xx_hal_uart.o
    0x08005578   0x08005578   0x0000004e   Code   RO         3405    i.UART_EndRxTransfer  stm32f4xx_hal_uart.o
    0x080055c6   0x080055c6   0x0000001a   Code   RO         3406    i.UART_EndTransmit_IT  stm32f4xx_hal_uart.o
    0x080055e0   0x080055e0   0x000000ca   Code   RO         3408    i.UART_Receive_IT   stm32f4xx_hal_uart.o
    0x080056aa   0x080056aa   0x000000fe   Code   RO         3409    i.UART_SetConfig    stm32f4xx_hal_uart.o
    0x080057a8   0x080057a8   0x00000038   Code   RO         3411    i.UART_Start_Receive_IT  stm32f4xx_hal_uart.o
    0x080057e0   0x080057e0   0x0000005e   Code   RO         3412    i.UART_Transmit_IT  stm32f4xx_hal_uart.o
    0x0800583e   0x0800583e   0x0000008e   Code   RO         3413    i.UART_WaitOnFlagUntilTimeout  stm32f4xx_hal_uart.o
    0x080058cc   0x080058cc   0x00000010   Code   RO          516    i.USART1_IRQHandler  stm32f4xx_it.o
    0x080058dc   0x080058dc   0x00000082   Code   RO          318    i.USER_CAN2_Filter_Init  can.o
    0x0800595e   0x0800595e   0x00000038   Code   RO         4785    i.UpdateLowerScrewState  conveyor_belt.o
    0x08005996   0x08005996   0x00000004   Code   RO          517    i.UsageFault_Handler  stm32f4xx_it.o
    0x0800599a   0x0800599a   0x00000140   Code   RO         4786    i.WashingSystem_Init  conveyor_belt.o
    0x08005ada   0x08005ada   0x00000002   PAD
    0x08005adc   0x08005adc   0x00000020   Code   RO         5577    i.__0printf         mc_w.l(printfa.o)
    0x08005afc   0x08005afc   0x00000024   Code   RO         5583    i.__0vsprintf       mc_w.l(printfa.o)
    0x08005b20   0x08005b20   0x0000000e   Code   RO         5713    i.__scatterload_copy  mc_w.l(handlers.o)
    0x08005b2e   0x08005b2e   0x00000002   Code   RO         5714    i.__scatterload_null  mc_w.l(handlers.o)
    0x08005b30   0x08005b30   0x0000000e   Code   RO         5715    i.__scatterload_zeroinit  mc_w.l(handlers.o)
    0x08005b3e   0x08005b3e   0x00000002   PAD
    0x08005b40   0x08005b40   0x00000184   Code   RO         5584    i._fp_digits        mc_w.l(printfa.o)
    0x08005cc4   0x08005cc4   0x000006b4   Code   RO         5585    i._printf_core      mc_w.l(printfa.o)
    0x08006378   0x08006378   0x00000024   Code   RO         5586    i._printf_post_padding  mc_w.l(printfa.o)
    0x0800639c   0x0800639c   0x0000002e   Code   RO         5587    i._printf_pre_padding  mc_w.l(printfa.o)
    0x080063ca   0x080063ca   0x0000000a   Code   RO         5589    i._sputc            mc_w.l(printfa.o)
    0x080063d4   0x080063d4   0x00000094   Code   RO         5121    i.btn_four_cb       app_key_task.o
    0x08006468   0x08006468   0x0000007c   Code   RO         5122    i.btn_one_cb        app_key_task.o
    0x080064e4   0x080064e4   0x0000008e   Code   RO         5123    i.btn_three_cb      app_key_task.o
    0x08006572   0x08006572   0x0000007e   Code   RO         5124    i.btn_two_cb        app_key_task.o
    0x080065f0   0x080065f0   0x0000000e   Code   RO         4694    i.button_four_read  mid_button.o
    0x080065fe   0x080065fe   0x0000000e   Code   RO         4695    i.button_one_read   mid_button.o
    0x0800660c   0x0800660c   0x0000000e   Code   RO         4696    i.button_three_read  mid_button.o
    0x0800661a   0x0800661a   0x0000000e   Code   RO         4697    i.button_two_read   mid_button.o
    0x08006628   0x08006628   0x00000176   Code   RO          319    i.can_SendCmd       can.o
    0x0800679e   0x0800679e   0x00000018   Code   RO         3884    i.delay_us          delay_us.o
    0x080067b6   0x080067b6   0x000002ce   Code   RO         4699    i.flex_button_process  mid_button.o
    0x08006a84   0x08006a84   0x000000a2   Code   RO         4700    i.flex_button_read  mid_button.o
    0x08006b26   0x08006b26   0x0000009c   Code   RO         4701    i.flex_button_register  mid_button.o
    0x08006bc2   0x08006bc2   0x0000000c   Code   RO         4702    i.flex_button_scan  mid_button.o
    0x08006bce   0x08006bce   0x0000001c   Code   RO         3760    i.fputc             debug.o
    0x08006bea   0x08006bea   0x0000007e   Code   RO         3726    i.key_scan          bsp_key.o
    0x08006c68   0x08006c68   0x00000268   Code   RO           15    i.main              main.o
    0x08006ed0   0x08006ed0   0x000000dc   Code   RO         4703    i.user_button_init  mid_button.o
    0x08006fac   0x08006fac   0x00000018   Data   RO          631    .constdata          system_stm32f4xx.o
    0x08006fc4   0x08006fc4   0x00000008   Data   RO         1460    .constdata          stm32f4xx_hal_dma.o
    0x08006fcc   0x08006fcc   0x000018d5   Data   RO         4157    .constdata          oled_data.o
    0x080088a1   0x080088a1   0x00000003   PAD
    0x080088a4   0x080088a4   0x00000094   Data   RO           16    .conststring        main.o
    0x08008938   0x08008938   0x0000009c   Data   RO         3761    .conststring        debug.o
    0x080089d4   0x080089d4   0x00000001   Data   RO         3948    .conststring        oled.o
    0x080089d5   0x080089d5   0x00000003   PAD
    0x080089d8   0x080089d8   0x00000007   Data   RO         4788    .conststring        conveyor_belt.o
    0x080089df   0x080089df   0x00000001   PAD
    0x080089e0   0x080089e0   0x0000008c   Data   RO         5125    .conststring        app_key_task.o
    0x08008a6c   0x08008a6c   0x000002fc   Data   RO         5197    .conststring        app_conveyor.o
    0x08008d68   0x08008d68   0x000000e0   Data   RO         5286    .conststring        app_bluetooth_task.o
    0x08008e48   0x08008e48   0x00000020   Data   RO         5711    Region$$Table       anon$$obj.o
    0x08008e68   0x08008e68   0x0000000f   Data   RO         5198    c.Run_Auto_Process_FSM.0000002a  app_conveyor.o
    0x08008e77   0x08008e77   0x00000007   Data   RO         4706    c.flex_button_process.00000028  mid_button.o


    Execution Region RW_IRAM1 (Exec base: 0x20000000, Load base: 0x08008e80, Size: 0x000019a0, Max: 0x00020000, ABSOLUTE)

    Exec Addr    Load Addr    Size         Type   Attr      Idx    E Section Name        Object

    0x20000000   0x08008e80   0x00000018   Data   RW           17    .data               main.o
    0x20000018   0x08008e98   0x00000008   Data   RW          321    .data               can.o
    0x20000020   0x08008ea0   0x00000004   Data   RW          632    .data               system_stm32f4xx.o
    0x20000024   0x08008ea4   0x0000000c   Data   RW         1902    .data               stm32f4xx_hal.o
    0x20000030   0x08008eb0   0x00000004   Data   RW         4600    .data               bsp_bluetooth.o
    0x20000034   0x08008eb4   0x00000008   Data   RW         4654    .data               servo.o
    0x2000003c   0x08008ebc   0x0000000d   Data   RW         4705    .data               mid_button.o
    0x20000049   0x08008ec9   0x00000003   PAD
    0x2000004c   0x08008ecc   0x00000048   Data   RW         4922    .data               hx711.o
    0x20000094   0x08008f14   0x00000004   Data   RW         5680    .data               mc_w.l(stdout.o)
    0x20000098        -       0x00000048   Zero   RW          275    .bss                adc.o
    0x200000e0        -       0x000000a0   Zero   RW          320    .bss                can.o
    0x20000180        -       0x00000060   Zero   RW          376    .bss                dma.o
    0x200001e0        -       0x00000048   Zero   RW          409    .bss                tim.o
    0x20000228        -       0x00000090   Zero   RW          457    .bss                usart.o
    0x200002b8        -       0x00000400   Zero   RW         3947    .bss                oled.o
    0x200006b8        -       0x000008d4   Zero   RW         4232    .bss                emm_v5.o
    0x20000f8c        -       0x00000096   Zero   RW         4599    .bss                bsp_bluetooth.o
    0x20001022   0x08008f18   0x00000002   PAD
    0x20001024        -       0x00000070   Zero   RW         4704    .bss                mid_button.o
    0x20001094        -       0x00000070   Zero   RW         4787    .bss                conveyor_belt.o
    0x20001104        -       0x00000024   Zero   RW         4921    .bss                hx711.o
    0x20001128        -       0x00000078   Zero   RW         5196    .bss                app_conveyor.o
    0x200011a0        -       0x00000800   Zero   RW            1    STACK               startup_stm32f407xx.o


==============================================================================

Image component sizes


      Code (inc. data)   RO Data    RW Data    ZI Data      Debug   Object Name

       270          0          0          0         72       1733   adc.o
       620          0        224          0          0        736   app_bluetooth_task.o
      2356          0        779          0        120       9394   app_conveyor.o
       540          0        140          0          0       4459   app_key_task.o
       332          0          0          4        150       3125   bsp_bluetooth.o
       134          0          0          0          0       1594   bsp_key.o
        98          0          0          0          0       1148   bsp_relay.o
       862          0          0          8        160       4617   can.o
      1548          0          7          0        112      13583   conveyor_belt.o
       124          0        156          0          0       2365   debug.o
        24          0          0          0          0        511   delay_us.o
       140          0          0          0         96       1071   dma.o
       506          0          0          0       2260      27662   emm_v5.o
       400          0          0          0          0       1127   gpio.o
       716          0          0         72         36       8383   hx711.o
       818          0        148         24          0     722583   main.o
      1324          0          7         13        112       7233   mid_button.o
      1622          0          1          0       1024      12897   oled.o
         0          0       6357          0          0       1146   oled_data.o
       238          0          0          8          0       2358   servo.o
        36          0          0          0          0       1510   servo_ctrl.o
        36          8        392          0       2048        848   startup_stm32f407xx.o
       194          0          0         12          0       9513   stm32f4xx_hal.o
       770          0          0          0          0       2895   stm32f4xx_hal_adc.o
      2030          0          0          0          0      16028   stm32f4xx_hal_can.o
       210          0          0          0          0      33643   stm32f4xx_hal_cortex.o
      1110          0          8          0          0       5919   stm32f4xx_hal_dma.o
       586          0          0          0          0       3123   stm32f4xx_hal_gpio.o
        80          0          0          0          0        862   stm32f4xx_hal_msp.o
      1768          0          0          0          0       6680   stm32f4xx_hal_rcc.o
      1668          0          0          0          0      13078   stm32f4xx_hal_tim.o
       256          0          0          0          0       2360   stm32f4xx_hal_tim_ex.o
      1830          0          0          0          0      12980   stm32f4xx_hal_uart.o
        96          0          0          0          0       6261   stm32f4xx_it.o
        40          0         24          4          0       1167   system_stm32f4xx.o
       454          0          0          0         72       2500   tim.o
       514          0          0          0        144       2445   usart.o

    ----------------------------------------------------------------------
     24352          8       8284        148       6408     949537   Object Totals
         0          0         32          0          0          0   (incl. Generated)
         2          0          9          3          2          0   (incl. Padding)

    ----------------------------------------------------------------------

      Code (inc. data)   RO Data    RW Data    ZI Data      Debug   Library Member Name

         0          0          0          0          0          0   entry.o
         0          0          0          0          0          0   entry10a.o
         0          0          0          0          0          0   entry11a.o
         4          0          0          0          0          0   entry12b.o
         8          4          0          0          0          0   entry2.o
         4          0          0          0          0          0   entry5.o
         0          0          0          0          0          0   entry7b.o
         0          0          0          0          0          0   entry8b.o
         8          4          0          0          0          0   entry9a.o
        30          0          0          0          0          0   handlers.o
        36          8          0          0          0         68   init.o
         0          0          0          0          0          0   iusefp.o
        30          0          0          0          0         68   llshl.o
        36          0          0          0          0         68   llsshr.o
        32          0          0          0          0         68   llushr.o
        36          0          0          0          0         68   memcpya.o
        36          0          0          0          0        108   memseta.o
      2264         96          0          0          0        612   printfa.o
         0          0          0          4          0          0   stdout.o
        28          0          0          0          0         76   strcmp.o
        14          0          0          0          0         68   strlen.o
        30          0          0          0          0         80   strncmp.o
        44          0          0          0          0         80   uidiv.o
        98          0          0          0          0         92   uldiv.o
        48          0          0          0          0         68   cdrcmple.o
       334          0          0          0          0        148   dadd.o
       222          0          0          0          0        100   ddiv.o
       186          0          0          0          0        176   depilogue.o
        48          0          0          0          0         68   dfixul.o
       228          0          0          0          0         96   dmul.o
        38          0          0          0          0         68   f2d.o

    ----------------------------------------------------------------------
      3844        112          0          4          0       2180   Library Totals
         2          0          0          0          0          0   (incl. Padding)

    ----------------------------------------------------------------------

      Code (inc. data)   RO Data    RW Data    ZI Data      Debug   Library Name

      2738        112          0          4          0       1456   mc_w.l
      1104          0          0          0          0        724   mf_w.l

    ----------------------------------------------------------------------
      3844        112          0          4          0       2180   Library Totals

    ----------------------------------------------------------------------

==============================================================================


      Code (inc. data)   RO Data    RW Data    ZI Data      Debug   

     28196        120       8284        152       6408     930177   Grand Totals
     28196        120       8284        152       6408     930177   ELF Image Totals
     28196        120       8284        152          0          0   ROM Totals

==============================================================================

    Total RO  Size (Code + RO Data)                36480 (  35.63kB)
    Total RW  Size (RW Data + ZI Data)              6560 (   6.41kB)
    Total ROM Size (Code + RO Data + RW Data)      36632 (  35.77kB)

==============================================================================

