<html>
<body>
<pre>
<h1>µVision Build Log</h1>
<h2>Tool Versions:</h2>
IDE-Version: ¦ÌVision V5.43.1.0
Copyright (C) 2025 ARM Ltd and ARM Germany GmbH. All rights reserved.
License Information: 111 Administrator, 111, LIC=LSNXV-PLSWP-Z94G9-41HQG-X0RQG-VKN7K
 
Tool Versions:
Toolchain:       MDK-ARM Plus  Version: 5.43.0.0
Toolchain Path:  C:\Users\Administrator\AppData\Local\Keil_v5\ARM\ARMCC\Bin
C Compiler:      Armcc.exe V5.06 update 7 (build 960)
Assembler:       Armasm.exe V5.06 update 7 (build 960)
Linker/Locator:  ArmLink.exe V5.06 update 7 (build 960)
Library Manager: ArmAr.exe V5.06 update 7 (build 960)
Hex Converter:   FromElf.exe V5.06 update 7 (build 960)
CPU DLL:         SARMCM3.DLL V5.43.0.0
Dialog DLL:      DCM.DLL V1.17.5.0
Target DLL:      CMSIS_AGDI.dll V1.33.24.0
Dialog DLL:      TCM.DLL V1.56.6.0
 
<h2>Project:</h2>
E:\STM32\Mech-Innovation\STM32F407_Mech-Innovation\MDK-ARM\STM32F407_UART_CMD.uvprojx
Project File Date:  04/13/2026

<h2>Output:</h2>
*** Using Compiler 'V5.06 update 7 (build 960)', folder: 'C:\Users\Administrator\AppData\Local\Keil_v5\ARM\ARMCC\Bin'
Build target 'STM32F407_UART_CMD'
compiling OLED.c...
linking...
STM32F407_UART_CMD\STM32F407_UART_CMD.axf: Warning: L6096W: String merge section conveyor_belt.o(.conststring) is not null-terminated.
STM32F407_UART_CMD\STM32F407_UART_CMD.axf: Warning: L6480W: Disabling string merging for main.o(.conststring). Relocated MOVT referring to string .conststring has a non-zero addend, which is not supported.
STM32F407_UART_CMD\STM32F407_UART_CMD.axf: Warning: L6480W: Disabling string merging for debug.o(.conststring). Relocated MOVT referring to string .conststring has a non-zero addend, which is not supported.
STM32F407_UART_CMD\STM32F407_UART_CMD.axf: Warning: L6480W: Disabling string merging for app_key_task.o(.conststring). Relocated MOVT referring to string .conststring has a non-zero addend, which is not supported.
STM32F407_UART_CMD\STM32F407_UART_CMD.axf: Warning: L6480W: Disabling string merging for app_conveyor.o(.conststring). Relocated MOVT referring to string .conststring has a non-zero addend, which is not supported.
STM32F407_UART_CMD\STM32F407_UART_CMD.axf: Warning: L6480W: Disabling string merging for app_bluetooth_task.o(.conststring). Relocated MOVT referring to string .conststring has a non-zero addend, which is not supported.
Program Size: Code=29316 RO-data=8280 RW-data=100 ZI-data=8244  
Finished: 0 information, 6 warning and 0 error messages.
FromELF: creating hex file...
"STM32F407_UART_CMD\STM32F407_UART_CMD.axf" - 0 Error(s), 6 Warning(s).

<h2>Software Packages used:</h2>

Package Vendor: ARM
                https://www.keil.com/pack/ARM.CMSIS.6.3.0.pack
                ARM::CMSIS@6.3.0
                CMSIS (Common Microcontroller Software Interface Standard)
   * Component: CORE Version: 6.2.0

Package Vendor: Keil
                http://www.keil.com/pack/Keil.STM32F4xx_DFP.2.14.0.pack
                Keil::STM32F4xx_DFP@2.14.0
                STMicroelectronics STM32F4 Series Device Support, Drivers and Examples

<h2>Collection of Component include folders:</h2>
  ./RTE/_STM32F407_UART_CMD
  C:/Users/Administrator/AppData/Local/Arm/Packs/ARM/CMSIS/6.3.0/CMSIS/Core/Include
  C:/Users/Administrator/AppData/Local/Arm/Packs/Keil/STM32F4xx_DFP/2.14.0/Drivers/CMSIS/Device/ST/STM32F4xx/Include

<h2>Collection of Component Files used:</h2>

   * Component: ARM::CMSIS:CORE@6.2.0
Build Time Elapsed:  00:00:02
</pre>
</body>
</html>
