Component: ARM Compiler 5.06 update 7 (build 960) Tool: armlink [4d3601]

==============================================================================

Section Cross References

    startup_stm32f407xx.o(RESET) refers to startup_stm32f407xx.o(STACK) for __initial_sp
    startup_stm32f407xx.o(RESET) refers to startup_stm32f407xx.o(.text) for Reset_Handler
    startup_stm32f407xx.o(RESET) refers to stm32f4xx_it.o(i.NMI_Handler) for NMI_Handler
    startup_stm32f407xx.o(RESET) refers to stm32f4xx_it.o(i.HardFault_Handler) for HardFault_Handler
    startup_stm32f407xx.o(RESET) refers to stm32f4xx_it.o(i.MemManage_Handler) for MemManage_Handler
    startup_stm32f407xx.o(RESET) refers to stm32f4xx_it.o(i.BusFault_Handler) for BusFault_Handler
    startup_stm32f407xx.o(RESET) refers to stm32f4xx_it.o(i.UsageFault_Handler) for UsageFault_Handler
    startup_stm32f407xx.o(RESET) refers to stm32f4xx_it.o(i.SVC_Handler) for SVC_Handler
    startup_stm32f407xx.o(RESET) refers to stm32f4xx_it.o(i.DebugMon_Handler) for DebugMon_Handler
    startup_stm32f407xx.o(RESET) refers to stm32f4xx_it.o(i.PendSV_Handler) for PendSV_Handler
    startup_stm32f407xx.o(RESET) refers to stm32f4xx_it.o(i.SysTick_Handler) for SysTick_Handler
    startup_stm32f407xx.o(RESET) refers to stm32f4xx_it.o(i.USART1_IRQHandler) for USART1_IRQHandler
    startup_stm32f407xx.o(RESET) refers to stm32f4xx_it.o(i.USART2_IRQHandler) for USART2_IRQHandler
    startup_stm32f407xx.o(RESET) refers to stm32f4xx_it.o(i.UART4_IRQHandler) for UART4_IRQHandler
    startup_stm32f407xx.o(RESET) refers to stm32f4xx_it.o(i.DMA2_Stream1_IRQHandler) for DMA2_Stream1_IRQHandler
    startup_stm32f407xx.o(RESET) refers to stm32f4xx_it.o(i.CAN2_RX0_IRQHandler) for CAN2_RX0_IRQHandler
    startup_stm32f407xx.o(.text) refers to system_stm32f4xx.o(i.SystemInit) for SystemInit
    startup_stm32f407xx.o(.text) refers to entry.o(.ARM.Collect$$$$00000000) for __main
    main.o(i.SystemClock_Config) refers to memseta.o(.text) for __aeabi_memclr4
    main.o(i.SystemClock_Config) refers to stm32f4xx_hal_rcc.o(i.HAL_RCC_OscConfig) for HAL_RCC_OscConfig
    main.o(i.SystemClock_Config) refers to main.o(i.Error_Handler) for Error_Handler
    main.o(i.SystemClock_Config) refers to stm32f4xx_hal_rcc.o(i.HAL_RCC_ClockConfig) for HAL_RCC_ClockConfig
    main.o(i.main) refers to can.o(.bss) for hcan2
    main.o(i.main) refers to main.o(.conststring) for .conststring
    main.o(i.main) refers to main.o(.data) for flag_JiDianQi
    main.o(i.main) refers to stm32f4xx_hal.o(i.HAL_Init) for HAL_Init
    main.o(i.main) refers to main.o(i.SystemClock_Config) for SystemClock_Config
    main.o(i.main) refers to gpio.o(i.MX_GPIO_Init) for MX_GPIO_Init
    main.o(i.main) refers to dma.o(i.MX_DMA_Init) for MX_DMA_Init
    main.o(i.main) refers to usart.o(i.MX_USART1_UART_Init) for MX_USART1_UART_Init
    main.o(i.main) refers to usart.o(i.MX_USART2_UART_Init) for MX_USART2_UART_Init
    main.o(i.main) refers to tim.o(i.MX_TIM1_Init) for MX_TIM1_Init
    main.o(i.main) refers to adc.o(i.MX_ADC1_Init) for MX_ADC1_Init
    main.o(i.main) refers to usart.o(i.MX_UART4_Init) for MX_UART4_Init
    main.o(i.main) refers to can.o(i.MX_CAN2_Init) for MX_CAN2_Init
    main.o(i.main) refers to can.o(i.USER_CAN2_Filter_Init) for USER_CAN2_Filter_Init
    main.o(i.main) refers to stm32f4xx_hal_can.o(i.HAL_CAN_Start) for HAL_CAN_Start
    main.o(i.main) refers to main.o(i.Error_Handler) for Error_Handler
    main.o(i.main) refers to stm32f4xx_hal_can.o(i.HAL_CAN_ActivateNotification) for HAL_CAN_ActivateNotification
    main.o(i.main) refers to oled.o(i.OLED_Init) for OLED_Init
    main.o(i.main) refers to oled.o(i.OLED_Clear) for OLED_Clear
    main.o(i.main) refers to bsp_key.o(i.Key_Init) for Key_Init
    main.o(i.main) refers to mid_button.o(i.user_button_init) for user_button_init
    main.o(i.main) refers to debug.o(i.Debug_Init) for Debug_Init
    main.o(i.main) refers to bsp_bluetooth.o(i.Bluetooth_Init) for Bluetooth_Init
    main.o(i.main) refers to k230_cmd.o(i.bsp_uart4_start_receive) for bsp_uart4_start_receive
    main.o(i.main) refers to hx711.o(i.HX711_Init) for HX711_Init
    main.o(i.main) refers to bsp_relay.o(i.Relay_Init) for Relay_Init
    main.o(i.main) refers to servo_ctrl.o(i.ServoSystem_Init) for ServoSystem_Init
    main.o(i.main) refers to app_conveyor.o(i.App_Conwashing_Init) for App_Conwashing_Init
    main.o(i.main) refers to printfa.o(i.__0printf) for __2printf
    main.o(i.main) refers to oled.o(i.OLED_ShowString) for OLED_ShowString
    main.o(i.main) refers to oled.o(i.OLED_ShowChar) for OLED_ShowChar
    main.o(i.main) refers to oled.o(i.OLED_Update) for OLED_Update
    main.o(i.main) refers to bsp_bluetooth.o(i.Bluetooth_Printf) for Bluetooth_Printf
    main.o(i.main) refers to stm32f4xx_hal.o(i.HAL_GetTick) for HAL_GetTick
    main.o(i.main) refers to app_conveyor.o(i.App_Conwashing_Task) for App_Conwashing_Task
[...]
    i.__scatterload_null                     0x08005a8e   Section        2  handlers.o(i.__scatterload_null)
    i.__scatterload_zeroinit                 0x08005a90   Section       14  handlers.o(i.__scatterload_zeroinit)
    i._fp_digits                             0x08005aa0   Section        0  printfa.o(i._fp_digits)
    _fp_digits                               0x08005aa1   Thumb Code   366  printfa.o(i._fp_digits)
    i._printf_core                           0x08005c24   Section        0  printfa.o(i._printf_core)
    _printf_core                             0x08005c25   Thumb Code  1704  printfa.o(i._printf_core)
    i._printf_post_padding                   0x080062d8   Section        0  printfa.o(i._printf_post_padding)
    _printf_post_padding                     0x080062d9   Thumb Code    36  printfa.o(i._printf_post_padding)
    i._printf_pre_padding                    0x080062fc   Section        0  printfa.o(i._printf_pre_padding)
    _printf_pre_padding                      0x080062fd   Thumb Code    46  printfa.o(i._printf_pre_padding)
    i._sputc                                 0x0800632a   Section        0  printfa.o(i._sputc)
    _sputc                                   0x0800632b   Thumb Code    10  printfa.o(i._sputc)
    i.bsp_uart4_start_receive                0x08006334   Section        0  k230_cmd.o(i.bsp_uart4_start_receive)
    i.btn_four_cb                            0x08006352   Section        0  app_key_task.o(i.btn_four_cb)
    i.btn_one_cb                             0x080063e6   Section        0  app_key_task.o(i.btn_one_cb)
    i.btn_three_cb                           0x08006462   Section        0  app_key_task.o(i.btn_three_cb)
    i.btn_two_cb                             0x080064f0   Section        0  app_key_task.o(i.btn_two_cb)
    i.button_four_read                       0x0800656e   Section        0  mid_button.o(i.button_four_read)
    button_four_read                         0x0800656f   Thumb Code    14  mid_button.o(i.button_four_read)
    i.button_one_read                        0x0800657c   Section        0  mid_button.o(i.button_one_read)
    button_one_read                          0x0800657d   Thumb Code    14  mid_button.o(i.button_one_read)
    i.button_three_read                      0x0800658a   Section        0  mid_button.o(i.button_three_read)
    button_three_read                        0x0800658b   Thumb Code    14  mid_button.o(i.button_three_read)
    i.button_two_read                        0x08006598   Section        0  mid_button.o(i.button_two_read)
    button_two_read                          0x08006599   Thumb Code    14  mid_button.o(i.button_two_read)
    i.can_SendCmd                            0x080065a6   Section        0  can.o(i.can_SendCmd)
    i.category_str_to_type                   0x0800670e   Section        0  k230_cmd.o(i.category_str_to_type)
    category_str_to_type                     0x0800670f   Thumb Code   116  k230_cmd.o(i.category_str_to_type)
    i.delay_us                               0x08006782   Section        0  delay_us.o(i.delay_us)
    i.flex_button_process                    0x0800679a   Section        0  mid_button.o(i.flex_button_process)
    flex_button_process                      0x0800679b   Thumb Code   718  mid_button.o(i.flex_button_process)
    i.flex_button_read                       0x08006a68   Section        0  mid_button.o(i.flex_button_read)
    flex_button_read                         0x08006a69   Thumb Code   162  mid_button.o(i.flex_button_read)
    i.flex_button_register                   0x08006b0a   Section        0  mid_button.o(i.flex_button_register)
    i.flex_button_scan                       0x08006ba6   Section        0  mid_button.o(i.flex_button_scan)
    i.fputc                                  0x08006bb2   Section        0  debug.o(i.fputc)
    i.k230_parser_reset                      0x08006bce   Section        0  k230_cmd.o(i.k230_parser_reset)
    k230_parser_reset                        0x08006bcf   Thumb Code    78  k230_cmd.o(i.k230_parser_reset)
    i.key_scan                               0x08006c1c   Section        0  bsp_key.o(i.key_scan)
    i.main                                   0x08006c9a   Section        0  main.o(i.main)
    i.to_lower_ascii                         0x08006e68   Section        0  k230_cmd.o(i.to_lower_ascii)
    to_lower_ascii                           0x08006e69   Thumb Code    22  k230_cmd.o(i.to_lower_ascii)
    i.user_button_init                       0x08006e80   Section        0  mid_button.o(i.user_button_init)
    .constdata                               0x08006f5c   Section       24  system_stm32f4xx.o(.constdata)
    .constdata                               0x08006f74   Section        8  stm32f4xx_hal_dma.o(.constdata)
    flagBitshiftOffset                       0x08006f74   Data           8  stm32f4xx_hal_dma.o(.constdata)
    .constdata                               0x08006f7c   Section     6357  oled_data.o(.constdata)
    .conststring                             0x08008854   Section      120  main.o(.conststring)
    .conststring                             0x080088cc   Section      156  debug.o(.conststring)
    .conststring                             0x08008968   Section        1  oled.o(.conststring)
    .conststring                             0x0800896c   Section        8  conveyor_belt.o(.conststring)
    .conststring                             0x08008974   Section      140  app_key_task.o(.conststring)
    .conststring                             0x08008a00   Section      836  app_conveyor.o(.conststring)
    .conststring                             0x08008d44   Section      224  app_bluetooth_task.o(.conststring)
    c.K230_UART4_RxHandler.0000002e          0x08008e44   Section        8  k230_cmd.o(c.K230_UART4_RxHandler.0000002e)
    c.Run_Auto_Process_FSM.0000002a          0x08008e4c   Section       18  app_conveyor.o(c.Run_Auto_Process_FSM.0000002a)
    c.flex_button_process.00000028           0x08008e5e   Section        7  mid_button.o(c.flex_button_process.00000028)
    .data                                    0x20000000   Section       32  main.o(.data)
    last_bluetooth_time                      0x20000004   Data           4  main.o(.data)
    last_scan_time                           0x20000008   Data           4  main.o(.data)
    last_wish_time                           0x2000000c   Data           4  main.o(.data)
    last_ui_time                             0x20000010   Data           4  main.o(.data)
    k230_last_x                              0x20000014   Data           2  main.o(.data)
    k230_last_y                              0x20000016   Data           2  main.o(.data)
    k230_last_type                           0x20000018   Data           1  main.o(.data)
    k230_last_rx_time                        0x2000001c   Data           4  main.o(.data)
    .data                                    0x20000020   Section        4  can.o(.data)
    TxMailbox                                0x20000020   Data           4  can.o(.data)
    .data                                    0x20000024   Section        4  system_stm32f4xx.o(.data)
    .data                                    0x20000028   Section       12  stm32f4xx_hal.o(.data)
    .data                                    0x20000034   Section        4  bsp_bluetooth.o(.data)
    RxIndex                                  0x20000036   Data           1  bsp_bluetooth.o(.data)
    RxState                                  0x20000037   Data           1  bsp_bluetooth.o(.data)
    .data                                    0x20000038   Section        6  servo.o(.data)
    s_servo_cfg                              0x20000038   Data           6  servo.o(.data)
    .data                                    0x2000003e   Section       13  k230_cmd.o(.data)
    recv_state                               0x2000003e   Data           1  k230_cmd.o(.data)
    category_buf                             0x2000003f   Data           6  k230_cmd.o(.data)
    category_idx                             0x20000045   Data           1  k230_cmd.o(.data)
    x_high                                   0x20000046   Data           1  k230_cmd.o(.data)
    x_low                                    0x20000047   Data           1  k230_cmd.o(.data)
    y_high                                   0x20000048   Data           1  k230_cmd.o(.data)
    y_low                                    0x20000049   Data           1  k230_cmd.o(.data)
    uart4_rx_byte                            0x2000004a   Data           1  k230_cmd.o(.data)
    .data                                    0x2000004c   Section       13  mid_button.o(.data)
    btn_head                                 0x2000004c   Data           4  mid_button.o(.data)
    trg                                      0x20000050   Data           2  mid_button.o(.data)
    cont                                     0x20000052   Data           2  mid_button.o(.data)
    keydata                                  0x20000054   Data           2  mid_button.o(.data)
    key_rst_data                             0x20000056   Data           2  mid_button.o(.data)
    button_cnt                               0x20000058   Data           1  mid_button.o(.data)
    .data                                    0x2000005c   Section        4  stdout.o(.data)
    .bss                                     0x20000060   Section       72  adc.o(.bss)
    .bss                                     0x200000a8   Section      160  can.o(.bss)
    .bss                                     0x20000148   Section       96  dma.o(.bss)
    .bss                                     0x200001a8   Section       72  tim.o(.bss)
    .bss                                     0x200001f0   Section      472  usart.o(.bss)
    .bss                                     0x200003c8   Section     1024  oled.o(.bss)
    .bss                                     0x200007c8   Section     2260  emm_v5.o(.bss)
    cmd                                      0x20000bc8   Data          16  emm_v5.o(.bss)
    cmd                                      0x20000bd8   Data          16  emm_v5.o(.bss)
    cmd                                      0x20000be8   Data          16  emm_v5.o(.bss)
    cmd                                      0x20000bf8   Data          16  emm_v5.o(.bss)
    cmd                                      0x20000c08   Data          16  emm_v5.o(.bss)
    cmd                                      0x20000c18   Data         512  emm_v5.o(.bss)
    cmd                                      0x20000e18   Data          16  emm_v5.o(.bss)
    cmd                                      0x20000e28   Data          16  emm_v5.o(.bss)
    cmd                                      0x20000e38   Data          16  emm_v5.o(.bss)
    cmd                                      0x20000e48   Data          16  emm_v5.o(.bss)
    cmd                                      0x20000e58   Data          16  emm_v5.o(.bss)
    cmd                                      0x20000e68   Data          16  emm_v5.o(.bss)
    cmd                                      0x20000e78   Data          16  emm_v5.o(.bss)
    cmd                                      0x20000e88   Data          16  emm_v5.o(.bss)
    cmd                                      0x20000e98   Data          16  emm_v5.o(.bss)
    cmd                                      0x20000ea8   Data          32  emm_v5.o(.bss)
    cmd                                      0x20000ec8   Data          16  emm_v5.o(.bss)
    cmd                                      0x20000ed8   Data          16  emm_v5.o(.bss)
    cmd                                      0x20000ee8   Data          16  emm_v5.o(.bss)
    cmd                                      0x20000ef8   Data          16  emm_v5.o(.bss)
    cmd                                      0x20000f08   Data          16  emm_v5.o(.bss)
    cmd                                      0x20000f18   Data          16  emm_v5.o(.bss)
    cmd                                      0x20000f28   Data          16  emm_v5.o(.bss)
    cmd                                      0x20000f38   Data          16  emm_v5.o(.bss)
    cmd                                      0x20000f48   Data          16  emm_v5.o(.bss)
    cmd                                      0x20000f58   Data          16  emm_v5.o(.bss)
    cmd                                      0x20000f68   Data          16  emm_v5.o(.bss)
    cmd                                      0x20000f78   Data          16  emm_v5.o(.bss)
    cmd                                      0x20000f88   Data          16  emm_v5.o(.bss)
    cmd                                      0x20000f98   Data          16  emm_v5.o(.bss)
    cmd                                      0x20000fa8   Data          16  emm_v5.o(.bss)
    cmd                                      0x20000fb8   Data          20  emm_v5.o(.bss)
    cmd                                      0x20000fcc   Data          16  emm_v5.o(.bss)
    cmd                                      0x20000fdc   Data          32  emm_v5.o(.bss)
    cmd                                      0x20000ffc   Data          16  emm_v5.o(.bss)
    cmd                                      0x2000100c   Data          16  emm_v5.o(.bss)
    cmd                                      0x2000101c   Data          16  emm_v5.o(.bss)
    cmd                                      0x2000102c   Data          16  emm_v5.o(.bss)
    cmd                                      0x2000103c   Data          16  emm_v5.o(.bss)
    cmd                                      0x2000104c   Data          16  emm_v5.o(.bss)
    cmd                                      0x2000105c   Data          16  emm_v5.o(.bss)
    cmd                                      0x2000106c   Data          16  emm_v5.o(.bss)
    cmd                                      0x2000107c   Data          16  emm_v5.o(.bss)
    cmd                                      0x2000108c   Data          16  emm_v5.o(.bss)
    .bss                                     0x2000109c   Section      150  bsp_bluetooth.o(.bss)
    .bss                                     0x20001132   Section       14  k230_cmd.o(.bss)
    .bss                                     0x20001140   Section      112  mid_button.o(.bss)
    user_button                              0x20001140   Data         112  mid_button.o(.bss)
    .bss                                     0x200011b0   Section      124  conveyor_belt.o(.bss)
    .bss                                     0x2000122c   Section       16  hx711.o(.bss)
    .bss                                     0x2000123c   Section      100  app_conveyor.o(.bss)
    appCtrl                                  0x2000123c   Data         100  app_conveyor.o(.bss)
    STACK                                    0x200012a0   Section     2048  startup_stm32f407xx.o(STACK)

    Global Symbols

    Symbol Name                              Value     Ov Type        Size  Object(Section)

    BuildAttributes$$THM_ISAv4$E$P$D$K$B$S$7EM$VFPi3$EXTD16$VFPS$VFMA$PE$A:L22UL41UL21$X:L11$S22US41US21$IEEE1$IW$USESV6$~STKCKD$USESV7$~SHL$OTIME$ROPI$IEEEX$EBA8$MICROLIB$REQ8$PRES8$EABIv2 0x00000000   Number         0  anon$$obj.o ABSOLUTE
    __ARM_use_no_argv                        0x00000000   Number         0  main.o ABSOLUTE
    _printf_a                                0x00000000   Number         0  stubs.o ABSOLUTE
    _printf_c                                0x00000000   Number         0  stubs.o ABSOLUTE
    _printf_charcount                        0x00000000   Number         0  stubs.o ABSOLUTE
    _printf_d                                0x00000000   Number         0  stubs.o ABSOLUTE
    _printf_e                                0x00000000   Number         0  stubs.o ABSOLUTE
    _printf_f                                0x00000000   Number         0  stubs.o ABSOLUTE
    _printf_flags                            0x00000000   Number         0  stubs.o ABSOLUTE
    _printf_fp_dec                           0x00000000   Number         0  stubs.o ABSOLUTE
    _printf_fp_hex                           0x00000000   Number         0  stubs.o ABSOLUTE
    _printf_g                                0x00000000   Number         0  stubs.o ABSOLUTE
    _printf_i                                0x00000000   Number         0  stubs.o ABSOLUTE
    _printf_int_dec                          0x00000000   Number         0  stubs.o ABSOLUTE
    _printf_l                                0x00000000   Number         0  stubs.o ABSOLUTE
    _printf_lc                               0x00000000   Number         0  stubs.o ABSOLUTE
    _printf_ll                               0x00000000   Number         0  stubs.o ABSOLUTE
    _printf_lld                              0x00000000   Number         0  stubs.o ABSOLUTE
    _printf_lli                              0x00000000   Number         0  stubs.o ABSOLUTE
    _printf_llo                              0x00000000   Number         0  stubs.o ABSOLUTE
    _printf_llu                              0x00000000   Number         0  stubs.o ABSOLUTE
    _printf_llx                              0x00000000   Number         0  stubs.o ABSOLUTE
    _printf_longlong_dec                     0x00000000   Number         0  stubs.o ABSOLUTE
    _printf_longlong_hex                     0x00000000   Number         0  stubs.o ABSOLUTE
    _printf_longlong_oct                     0x00000000   Number         0  stubs.o ABSOLUTE
    _printf_ls                               0x00000000   Number         0  stubs.o ABSOLUTE
    _printf_mbtowc                           0x00000000   Number         0  stubs.o ABSOLUTE
    _printf_n                                0x00000000   Number         0  stubs.o ABSOLUTE
    _printf_o                                0x00000000   Number         0  stubs.o ABSOLUTE
    _printf_p                                0x00000000   Number         0  stubs.o ABSOLUTE
    _printf_percent                          0x00000000   Number         0  stubs.o ABSOLUTE
    _printf_pre_padding                      0x00000000   Number         0  stubs.o ABSOLUTE
    _printf_return_value                     0x00000000   Number         0  stubs.o ABSOLUTE
    _printf_s                                0x00000000   Number         0  stubs.o ABSOLUTE
    _printf_sizespec                         0x00000000   Number         0  stubs.o ABSOLUTE
    _printf_str                              0x00000000   Number         0  stubs.o ABSOLUTE
    _printf_truncate_signed                  0x00000000   Number         0  stubs.o ABSOLUTE
    _printf_truncate_unsigned                0x00000000   Number         0  stubs.o ABSOLUTE
    _printf_u                                0x00000000   Number         0  stubs.o ABSOLUTE
    _printf_wc                               0x00000000   Number         0  stubs.o ABSOLUTE
    _printf_wctomb                           0x00000000   Number         0  stubs.o ABSOLUTE
    _printf_widthprec                        0x00000000   Number         0  stubs.o ABSOLUTE
    _printf_x                                0x00000000   Number         0  stubs.o ABSOLUTE
    __arm_fini_                               - Undefined Weak Reference
    __cpp_initialize__aeabi_                  - Undefined Weak Reference
    __cxa_finalize                            - Undefined Weak Reference
    __decompress                              - Undefined Weak Reference
    _clock_init                               - Undefined Weak Reference
    _microlib_exit                            - Undefined Weak Reference
    __Vectors_Size                           0x00000188   Number         0  startup_stm32f407xx.o ABSOLUTE
    __Vectors                                0x08000000   Data           4  startup_stm32f407xx.o(RESET)
    __Vectors_End                            0x08000188   Data           0  startup_stm32f407xx.o(RESET)
    __main                                   0x08000189   Thumb Code     0  entry.o(.ARM.Collect$$$$00000000)
    _main_stk                                0x08000189   Thumb Code     0  entry2.o(.ARM.Collect$$$$00000001)
    _main_scatterload                        0x0800018d   Thumb Code     0  entry5.o(.ARM.Collect$$$$00000004)
    __main_after_scatterload                 0x08000191   Thumb Code     0  entry5.o(.ARM.Collect$$$$00000004)
    _main_clock                              0x08000191   Thumb Code     0  entry7b.o(.ARM.Collect$$$$00000008)
    _main_cpp_init                           0x08000191   Thumb Code     0  entry8b.o(.ARM.Collect$$$$0000000A)
    _main_init                               0x08000191   Thumb Code     0  entry9a.o(.ARM.Collect$$$$0000000B)
    __rt_lib_shutdown_fini                   0x08000199   Thumb Code     0  entry12b.o(.ARM.Collect$$$$0000000E)
    __rt_final_cpp                           0x0800019d   Thumb Code     0  entry10a.o(.ARM.Collect$$$$0000000F)
    __rt_final_exit                          0x0800019d   Thumb Code     0  entry11a.o(.ARM.Collect$$$$00000011)
    Reset_Handler                            0x080001a1   Thumb Code     8  startup_stm32f407xx.o(.text)
    ADC_IRQHandler                           0x080001bb   Thumb Code     0  startup_stm32f407xx.o(.text)
    CAN1_RX0_IRQHandler                      0x080001bb   Thumb Code     0  startup_stm32f407xx.o(.text)
    CAN1_RX1_IRQHandler                      0x080001bb   Thumb Code     0  startup_stm32f407xx.o(.text)
    CAN1_SCE_IRQHandler                      0x080001bb   Thumb Code     0  startup_stm32f407xx.o(.text)
    CAN1_TX_IRQHandler                       0x080001bb   Thumb Code     0  startup_stm32f407xx.o(.text)
    CAN2_RX1_IRQHandler                      0x080001bb   Thumb Code     0  startup_stm32f407xx.o(.text)
    CAN2_SCE_IRQHandler                      0x080001bb   Thumb Code     0  startup_stm32f407xx.o(.text)
    CAN2_TX_IRQHandler                       0x080001bb   Thumb Code     0  startup_stm32f407xx.o(.text)
    DCMI_IRQHandler                          0x080001bb   Thumb Code     0  startup_stm32f407xx.o(.text)
    DMA1_Stream0_IRQHandler                  0x080001bb   Thumb Code     0  startup_stm32f407xx.o(.text)
    DMA1_Stream1_IRQHandler                  0x080001bb   Thumb Code     0  startup_stm32f407xx.o(.text)
    DMA1_Stream2_IRQHandler                  0x080001bb   Thumb Code     0  startup_stm32f407xx.o(.text)
    DMA1_Stream3_IRQHandler                  0x080001bb   Thumb Code     0  startup_stm32f407xx.o(.text)
    DMA1_Stream4_IRQHandler                  0x080001bb   Thumb Code     0  startup_stm32f407xx.o(.text)
    DMA1_Stream5_IRQHandler                  0x080001bb   Thumb Code     0  startup_stm32f407xx.o(.text)
    DMA1_Stream6_IRQHandler                  0x080001bb   Thumb Code     0  startup_stm32f407xx.o(.text)
    DMA1_Stream7_IRQHandler                  0x080001bb   Thumb Code     0  startup_stm32f407xx.o(.text)
    DMA2_Stream0_IRQHandler                  0x080001bb   Thumb Code     0  startup_stm32f407xx.o(.text)
    DMA2_Stream2_IRQHandler                  0x080001bb   Thumb Code     0  startup_stm32f407xx.o(.text)
    DMA2_Stream3_IRQHandler                  0x080001bb   Thumb Code     0  startup_stm32f407xx.o(.text)
    DMA2_Stream4_IRQHandler                  0x080001bb   Thumb Code     0  startup_stm32f407xx.o(.text)
    DMA2_Stream5_IRQHandler                  0x080001bb   Thumb Code     0  startup_stm32f407xx.o(.text)
    DMA2_Stream6_IRQHandler                  0x080001bb   Thumb Code     0  startup_stm32f407xx.o(.text)
    DMA2_Stream7_IRQHandler                  0x080001bb   Thumb Code     0  startup_stm32f407xx.o(.text)
    ETH_IRQHandler                           0x080001bb   Thumb Code     0  startup_stm32f407xx.o(.text)
    ETH_WKUP_IRQHandler                      0x080001bb   Thumb Code     0  startup_stm32f407xx.o(.text)
    EXTI0_IRQHandler                         0x080001bb   Thumb Code     0  startup_stm32f407xx.o(.text)
    EXTI15_10_IRQHandler                     0x080001bb   Thumb Code     0  startup_stm32f407xx.o(.text)
    EXTI1_IRQHandler                         0x080001bb   Thumb Code     0  startup_stm32f407xx.o(.text)
    EXTI2_IRQHandler                         0x080001bb   Thumb Code     0  startup_stm32f407xx.o(.text)
    EXTI3_IRQHandler                         0x080001bb   Thumb Code     0  startup_stm32f407xx.o(.text)
    EXTI4_IRQHandler                         0x080001bb   Thumb Code     0  startup_stm32f407xx.o(.text)
    EXTI9_5_IRQHandler                       0x080001bb   Thumb Code     0  startup_stm32f407xx.o(.text)
    FLASH_IRQHandler                         0x080001bb   Thumb Code     0  startup_stm32f407xx.o(.text)
    FMC_IRQHandler                           0x080001bb   Thumb Code     0  startup_stm32f407xx.o(.text)
    FPU_IRQHandler                           0x080001bb   Thumb Code     0  startup_stm32f407xx.o(.text)
    HASH_RNG_IRQHandler                      0x080001bb   Thumb Code     0  startup_stm32f407xx.o(.text)
    I2C1_ER_IRQHandler                       0x080001bb   Thumb Code     0  startup_stm32f407xx.o(.text)
    I2C1_EV_IRQHandler                       0x080001bb   Thumb Code     0  startup_stm32f407xx.o(.text)
    I2C2_ER_IRQHandler                       0x080001bb   Thumb Code     0  startup_stm32f407xx.o(.text)
    I2C2_EV_IRQHandler                       0x080001bb   Thumb Code     0  startup_stm32f407xx.o(.text)
    I2C3_ER_IRQHandler                       0x080001bb   Thumb Code     0  startup_stm32f407xx.o(.text)
    I2C3_EV_IRQHandler                       0x080001bb   Thumb Code     0  startup_stm32f407xx.o(.text)
    OTG_FS_IRQHandler                        0x080001bb   Thumb Code     0  startup_stm32f407xx.o(.text)
    OTG_FS_WKUP_IRQHandler                   0x080001bb   Thumb Code     0  startup_stm32f407xx.o(.text)
    OTG_HS_EP1_IN_IRQHandler                 0x080001bb   Thumb Code     0  startup_stm32f407xx.o(.text)
    OTG_HS_EP1_OUT_IRQHandler                0x080001bb   Thumb Code     0  startup_stm32f407xx.o(.text)
    OTG_HS_IRQHandler                        0x080001bb   Thumb Code     0  startup_stm32f407xx.o(.text)
    OTG_HS_WKUP_IRQHandler                   0x080001bb   Thumb Code     0  startup_stm32f407xx.o(.text)
    PVD_IRQHandler                           0x080001bb   Thumb Code     0  startup_stm32f407xx.o(.text)
    RCC_IRQHandler                           0x080001bb   Thumb Code     0  startup_stm32f407xx.o(.text)
    RTC_Alarm_IRQHandler                     0x080001bb   Thumb Code     0  startup_stm32f407xx.o(.text)
    RTC_WKUP_IRQHandler                      0x080001bb   Thumb Code     0  startup_stm32f407xx.o(.text)
    SDIO_IRQHandler                          0x080001bb   Thumb Code     0  startup_stm32f407xx.o(.text)
    SPI1_IRQHandler                          0x080001bb   Thumb Code     0  startup_stm32f407xx.o(.text)
    SPI2_IRQHandler                          0x080001bb   Thumb Code     0  startup_stm32f407xx.o(.text)
    SPI3_IRQHandler                          0x080001bb   Thumb Code     0  startup_stm32f407xx.o(.text)
    TAMP_STAMP_IRQHandler                    0x080001bb   Thumb Code     0  startup_stm32f407xx.o(.text)
    TIM1_BRK_TIM9_IRQHandler                 0x080001bb   Thumb Code     0  startup_stm32f407xx.o(.text)
    TIM1_CC_IRQHandler                       0x080001bb   Thumb Code     0  startup_stm32f407xx.o(.text)
    TIM1_TRG_COM_TIM11_IRQHandler            0x080001bb   Thumb Code     0  startup_stm32f407xx.o(.text)
    TIM1_UP_TIM10_IRQHandler                 0x080001bb   Thumb Code     0  startup_stm32f407xx.o(.text)
    TIM2_IRQHandler                          0x080001bb   Thumb Code     0  startup_stm32f407xx.o(.text)
    TIM3_IRQHandler                          0x080001bb   Thumb Code     0  startup_stm32f407xx.o(.text)
    TIM4_IRQHandler                          0x080001bb   Thumb Code     0  startup_stm32f407xx.o(.text)
    TIM5_IRQHandler                          0x080001bb   Thumb Code     0  startup_stm32f407xx.o(.text)
    TIM6_DAC_IRQHandler                      0x080001bb   Thumb Code     0  startup_stm32f407xx.o(.text)
    TIM7_IRQHandler                          0x080001bb   Thumb Code     0  startup_stm32f407xx.o(.text)
    TIM8_BRK_TIM12_IRQHandler                0x080001bb   Thumb Code     0  startup_stm32f407xx.o(.text)
    TIM8_CC_IRQHandler                       0x080001bb   Thumb Code     0  startup_stm32f407xx.o(.text)
    TIM8_TRG_COM_TIM14_IRQHandler            0x080001bb   Thumb Code     0  startup_stm32f407xx.o(.text)
    TIM8_UP_TIM13_IRQHandler                 0x080001bb   Thumb Code     0  startup_stm32f407xx.o(.text)
    UART5_IRQHandler                         0x080001bb   Thumb Code     0  startup_stm32f407xx.o(.text)
    USART3_IRQHandler                        0x080001bb   Thumb Code     0  startup_stm32f407xx.o(.text)
    USART6_IRQHandler                        0x080001bb   Thumb Code     0  startup_stm32f407xx.o(.text)
    WWDG_IRQHandler                          0x080001bb   Thumb Code     0  startup_stm32f407xx.o(.text)
    __aeabi_uldivmod                         0x080001c5   Thumb Code    98  uldiv.o(.text)
    __aeabi_memset                           0x08000227   Thumb Code    14  memseta.o(.text)
    __aeabi_memset4                          0x08000227   Thumb Code     0  memseta.o(.text)
    __aeabi_memset8                          0x08000227   Thumb Code     0  memseta.o(.text)
    __aeabi_memclr                           0x08000235   Thumb Code     4  memseta.o(.text)
    __aeabi_memclr4                          0x08000235   Thumb Code     0  memseta.o(.text)
    __aeabi_memclr8                          0x08000235   Thumb Code     0  memseta.o(.text)
    _memset$wrapper                          0x08000239   Thumb Code    18  memseta.o(.text)
    strlen                                   0x0800024b   Thumb Code    14  strlen.o(.text)
    strcmp                                   0x08000259   Thumb Code    28  strcmp.o(.text)
    strncmp                                  0x08000275   Thumb Code    30  strncmp.o(.text)
    __aeabi_dadd                             0x08000293   Thumb Code   322  dadd.o(.text)
    __aeabi_dsub                             0x080003d5   Thumb Code     6  dadd.o(.text)
    __aeabi_drsub                            0x080003db   Thumb Code     6  dadd.o(.text)
    __aeabi_dmul                             0x080003e1   Thumb Code   228  dmul.o(.text)
    __aeabi_ddiv                             0x080004c5   Thumb Code   222  ddiv.o(.text)
    __aeabi_f2d                              0x080005a3   Thumb Code    38  f2d.o(.text)
    __aeabi_cdrcmple                         0x080005c9   Thumb Code    48  cdrcmple.o(.text)
    __aeabi_uidiv                            0x080005f9   Thumb Code     0  uidiv.o(.text)
    __aeabi_uidivmod                         0x080005f9   Thumb Code    44  uidiv.o(.text)
    __aeabi_llsl                             0x08000625   Thumb Code    30  llshl.o(.text)
    _ll_shift_l                              0x08000625   Thumb Code     0  llshl.o(.text)
    __aeabi_llsr                             0x08000643   Thumb Code    32  llushr.o(.text)
    _ll_ushift_r                             0x08000643   Thumb Code     0  llushr.o(.text)
    __aeabi_lasr                             0x08000663   Thumb Code    36  llsshr.o(.text)
    _ll_sshift_r                             0x08000663   Thumb Code     0  llsshr.o(.text)
    __I$use$fp                               0x08000687   Thumb Code     0  iusefp.o(.text)
    _double_round                            0x08000687   Thumb Code    30  depilogue.o(.text)
    _double_epilogue                         0x080006a5   Thumb Code   156  depilogue.o(.text)
    __aeabi_d2ulz                            0x08000741   Thumb Code    48  dfixul.o(.text)
    __scatterload                            0x08000771   Thumb Code    28  init.o(.text)
    __scatterload_rt2                        0x08000771   Thumb Code     0  init.o(.text)
    App_Conwashing_Init                      0x080008e5   Thumb Code   164  app_conveyor.o(i.App_Conwashing_Init)
    App_Conwashing_Task                      0x08000989   Thumb Code   200  app_conveyor.o(i.App_Conwashing_Task)
    App_Get_CurrentMode                      0x08000a77   Thumb Code    12  app_conveyor.o(i.App_Get_CurrentMode)
    App_Send_Cmd_Emergency                   0x08000c01   Thumb Code    24  app_conveyor.o(i.App_Send_Cmd_Emergency)
    App_Send_Cmd_Resume                      0x08000c19   Thumb Code    66  app_conveyor.o(i.App_Send_Cmd_Resume)
    App_Send_Cmd_StartAuto                   0x08000c5b   Thumb Code    54  app_conveyor.o(i.App_Send_Cmd_StartAuto)
    App_Send_Cmd_Stop                        0x08000c91   Thumb Code    64  app_conveyor.o(i.App_Send_Cmd_Stop)
    Bluetooth_Init                           0x08000d05   Thumb Code    26  bsp_bluetooth.o(i.Bluetooth_Init)
    Bluetooth_Printf                         0x08000d1f   Thumb Code    36  bsp_bluetooth.o(i.Bluetooth_Printf)
    Bluetooth_SendString                     0x08000d43   Thumb Code    34  bsp_bluetooth.o(i.Bluetooth_SendString)
    BusFault_Handler                         0x08000d65   Thumb Code     4  stm32f4xx_it.o(i.BusFault_Handler)
    CAN2_RX0_IRQHandler                      0x08000d69   Thumb Code    16  stm32f4xx_it.o(i.CAN2_RX0_IRQHandler)
    DMA2_Stream1_IRQHandler                  0x08000d79   Thumb Code    16  stm32f4xx_it.o(i.DMA2_Stream1_IRQHandler)
    DebugMon_Handler                         0x08000e3f   Thumb Code     2  stm32f4xx_it.o(i.DebugMon_Handler)
    Debug_Init                               0x08000e41   Thumb Code    96  debug.o(i.Debug_Init)
    EmergencyStopAll                         0x08000ea1   Thumb Code    86  conveyor_belt.o(i.EmergencyStopAll)
    Emm_V5_En_Control                        0x08000ef7   Thumb Code    60  emm_v5.o(i.Emm_V5_En_Control)
    Emm_V5_Modify_Ctrl_Mode                  0x08000f33   Thumb Code    60  emm_v5.o(i.Emm_V5_Modify_Ctrl_Mode)
    Emm_V5_Reset_Clog_Pro                    0x08000f6f   Thumb Code    50  emm_v5.o(i.Emm_V5_Reset_Clog_Pro)
    Emm_V5_Reset_CurPos_To_Zero              0x08000fa1   Thumb Code    50  emm_v5.o(i.Emm_V5_Reset_CurPos_To_Zero)
    Emm_V5_Stop_Now                          0x08000fd3   Thumb Code    56  emm_v5.o(i.Emm_V5_Stop_Now)
    Emm_V5_Synchronous_motion                0x0800100b   Thumb Code    50  emm_v5.o(i.Emm_V5_Synchronous_motion)
    Emm_V5_Vel_Control                       0x0800103d   Thumb Code    78  emm_v5.o(i.Emm_V5_Vel_Control)
    Error_Handler                            0x0800108b   Thumb Code     4  main.o(i.Error_Handler)
    GetConveyorBeltByLayer                   0x0800108f   Thumb Code    50  conveyor_belt.o(i.GetConveyorBeltByLayer)
    HAL_ADC_ConfigChannel                    0x080010c1   Thumb Code   380  stm32f4xx_hal_adc.o(i.HAL_ADC_ConfigChannel)
    HAL_ADC_Init                             0x0800123d   Thumb Code    86  stm32f4xx_hal_adc.o(i.HAL_ADC_Init)
    HAL_ADC_MspInit                          0x08001293   Thumb Code   144  adc.o(i.HAL_ADC_MspInit)
    HAL_CAN_ActivateNotification             0x08001323   Thumb Code    36  stm32f4xx_hal_can.o(i.HAL_CAN_ActivateNotification)
    HAL_CAN_AddTxMessage                     0x08001347   Thumb Code   240  stm32f4xx_hal_can.o(i.HAL_CAN_AddTxMessage)
    HAL_CAN_ConfigFilter                     0x08001437   Thumb Code   296  stm32f4xx_hal_can.o(i.HAL_CAN_ConfigFilter)
    HAL_CAN_ErrorCallback                    0x0800155f   Thumb Code     2  stm32f4xx_hal_can.o(i.HAL_CAN_ErrorCallback)
    HAL_CAN_GetRxFifoFillLevel               0x08001561   Thumb Code    38  stm32f4xx_hal_can.o(i.HAL_CAN_GetRxFifoFillLevel)
    HAL_CAN_GetRxMessage                     0x08001587   Thumb Code   372  stm32f4xx_hal_can.o(i.HAL_CAN_GetRxMessage)
    HAL_CAN_IRQHandler                       0x080016fb   Thumb Code   564  stm32f4xx_hal_can.o(i.HAL_CAN_IRQHandler)
    HAL_CAN_Init                             0x0800192f   Thumb Code   360  stm32f4xx_hal_can.o(i.HAL_CAN_Init)
    HAL_CAN_MspInit                          0x08001a97   Thumb Code   202  can.o(i.HAL_CAN_MspInit)
    HAL_CAN_RxFifo0FullCallback              0x08001b61   Thumb Code     2  stm32f4xx_hal_can.o(i.HAL_CAN_RxFifo0FullCallback)
    HAL_CAN_RxFifo0MsgPendingCallback        0x08001b63   Thumb Code    80  can.o(i.HAL_CAN_RxFifo0MsgPendingCallback)
    HAL_CAN_RxFifo1FullCallback              0x08001bb3   Thumb Code     2  stm32f4xx_hal_can.o(i.HAL_CAN_RxFifo1FullCallback)
    HAL_CAN_RxFifo1MsgPendingCallback        0x08001bb5   Thumb Code     2  stm32f4xx_hal_can.o(i.HAL_CAN_RxFifo1MsgPendingCallback)
    HAL_CAN_SleepCallback                    0x08001bb7   Thumb Code     2  stm32f4xx_hal_can.o(i.HAL_CAN_SleepCallback)
    HAL_CAN_Start                            0x08001bb9   Thumb Code   100  stm32f4xx_hal_can.o(i.HAL_CAN_Start)
    HAL_CAN_TxMailbox0AbortCallback          0x08001c1d   Thumb Code     2  stm32f4xx_hal_can.o(i.HAL_CAN_TxMailbox0AbortCallback)
    HAL_CAN_TxMailbox0CompleteCallback       0x08001c1f   Thumb Code     2  stm32f4xx_hal_can.o(i.HAL_CAN_TxMailbox0CompleteCallback)
    HAL_CAN_TxMailbox1AbortCallback          0x08001c21   Thumb Code     2  stm32f4xx_hal_can.o(i.HAL_CAN_TxMailbox1AbortCallback)
    HAL_CAN_TxMailbox1CompleteCallback       0x08001c23   Thumb Code     2  stm32f4xx_hal_can.o(i.HAL_CAN_TxMailbox1CompleteCallback)
    HAL_CAN_TxMailbox2AbortCallback          0x08001c25   Thumb Code     2  stm32f4xx_hal_can.o(i.HAL_CAN_TxMailbox2AbortCallback)
    HAL_CAN_TxMailbox2CompleteCallback       0x08001c27   Thumb Code     2  stm32f4xx_hal_can.o(i.HAL_CAN_TxMailbox2CompleteCallback)
    HAL_CAN_WakeUpFromRxMsgCallback          0x08001c29   Thumb Code     2  stm32f4xx_hal_can.o(i.HAL_CAN_WakeUpFromRxMsgCallback)
    HAL_DMA_Abort                            0x08001c2b   Thumb Code   162  stm32f4xx_hal_dma.o(i.HAL_DMA_Abort)
    HAL_DMA_Abort_IT                         0x08001ccd   Thumb Code    36  stm32f4xx_hal_dma.o(i.HAL_DMA_Abort_IT)
    HAL_DMA_IRQHandler                       0x08001cf1   Thumb Code   494  stm32f4xx_hal_dma.o(i.HAL_DMA_IRQHandler)
    HAL_DMA_Init                             0x08001edf   Thumb Code   236  stm32f4xx_hal_dma.o(i.HAL_DMA_Init)
    HAL_Delay                                0x08001fcb   Thumb Code    40  stm32f4xx_hal.o(i.HAL_Delay)
    HAL_GPIO_Init                            0x08001ff3   Thumb Code   558  stm32f4xx_hal_gpio.o(i.HAL_GPIO_Init)
    HAL_GPIO_ReadPin                         0x08002221   Thumb Code    14  stm32f4xx_hal_gpio.o(i.HAL_GPIO_ReadPin)
    HAL_GPIO_WritePin                        0x0800222f   Thumb Code    14  stm32f4xx_hal_gpio.o(i.HAL_GPIO_WritePin)
    HAL_GetTick                              0x0800223d   Thumb Code    12  stm32f4xx_hal.o(i.HAL_GetTick)
    HAL_IncTick                              0x08002249   Thumb Code    18  stm32f4xx_hal.o(i.HAL_IncTick)
    HAL_Init                                 0x0800225b   Thumb Code    54  stm32f4xx_hal.o(i.HAL_Init)
    HAL_InitTick                             0x08002291   Thumb Code    70  stm32f4xx_hal.o(i.HAL_InitTick)
    HAL_MspInit                              0x080022d7   Thumb Code    80  stm32f4xx_hal_msp.o(i.HAL_MspInit)
    HAL_NVIC_EnableIRQ                       0x08002327   Thumb Code    28  stm32f4xx_hal_cortex.o(i.HAL_NVIC_EnableIRQ)
    HAL_NVIC_SetPriority                     0x08002343   Thumb Code   104  stm32f4xx_hal_cortex.o(i.HAL_NVIC_SetPriority)
    HAL_NVIC_SetPriorityGrouping             0x080023ab   Thumb Code    36  stm32f4xx_hal_cortex.o(i.HAL_NVIC_SetPriorityGrouping)
    HAL_RCC_ClockConfig                      0x080023cf   Thumb Code   388  stm32f4xx_hal_rcc.o(i.HAL_RCC_ClockConfig)
    HAL_RCC_GetHCLKFreq                      0x08002553   Thumb Code    12  stm32f4xx_hal_rcc.o(i.HAL_RCC_GetHCLKFreq)
    HAL_RCC_GetPCLK1Freq                     0x0800255f   Thumb Code    34  stm32f4xx_hal_rcc.o(i.HAL_RCC_GetPCLK1Freq)
    HAL_RCC_GetPCLK2Freq                     0x08002581   Thumb Code    34  stm32f4xx_hal_rcc.o(i.HAL_RCC_GetPCLK2Freq)
    HAL_RCC_GetSysClockFreq                  0x080025a3   Thumb Code   118  stm32f4xx_hal_rcc.o(i.HAL_RCC_GetSysClockFreq)
    HAL_RCC_OscConfig                        0x08002619   Thumb Code  1182  stm32f4xx_hal_rcc.o(i.HAL_RCC_OscConfig)
    HAL_SYSTICK_Config                       0x08002ab7   Thumb Code    42  stm32f4xx_hal_cortex.o(i.HAL_SYSTICK_Config)
    HAL_TIMEx_ConfigBreakDeadTime            0x08002ae1   Thumb Code   102  stm32f4xx_hal_tim_ex.o(i.HAL_TIMEx_ConfigBreakDeadTime)
    HAL_TIMEx_MasterConfigSynchronization    0x08002b47   Thumb Code   154  stm32f4xx_hal_tim_ex.o(i.HAL_TIMEx_MasterConfigSynchronization)
    HAL_TIM_Base_Init                        0x08002be1   Thumb Code    92  stm32f4xx_hal_tim.o(i.HAL_TIM_Base_Init)
    HAL_TIM_Base_MspInit                     0x08002c3d   Thumb Code    60  tim.o(i.HAL_TIM_Base_MspInit)
    HAL_TIM_ConfigClockSource                0x08002c79   Thumb Code   234  stm32f4xx_hal_tim.o(i.HAL_TIM_ConfigClockSource)
    HAL_TIM_MspPostInit                      0x08002d63   Thumb Code   110  tim.o(i.HAL_TIM_MspPostInit)
    HAL_TIM_PWM_ConfigChannel                0x08002dd1   Thumb Code   216  stm32f4xx_hal_tim.o(i.HAL_TIM_PWM_ConfigChannel)
    HAL_TIM_PWM_Init                         0x08002ea9   Thumb Code    92  stm32f4xx_hal_tim.o(i.HAL_TIM_PWM_Init)
    HAL_TIM_PWM_MspInit                      0x08002f05   Thumb Code     2  stm32f4xx_hal_tim.o(i.HAL_TIM_PWM_MspInit)
    HAL_TIM_PWM_Start                        0x08002f07   Thumb Code   222  stm32f4xx_hal_tim.o(i.HAL_TIM_PWM_Start)
    HAL_UARTEx_RxEventCallback               0x08002fe5   Thumb Code     2  stm32f4xx_hal_uart.o(i.HAL_UARTEx_RxEventCallback)
    HAL_UART_ErrorCallback                   0x08002fe7   Thumb Code     2  stm32f4xx_hal_uart.o(i.HAL_UART_ErrorCallback)
    HAL_UART_IRQHandler                      0x08002fe9   Thumb Code   644  stm32f4xx_hal_uart.o(i.HAL_UART_IRQHandler)
    HAL_UART_Init                            0x0800326d   Thumb Code   102  stm32f4xx_hal_uart.o(i.HAL_UART_Init)
    HAL_UART_MspInit                         0x080032d3   Thumb Code   476  usart.o(i.HAL_UART_MspInit)
    HAL_UART_Receive_IT                      0x080034af   Thumb Code    28  stm32f4xx_hal_uart.o(i.HAL_UART_Receive_IT)
    HAL_UART_RxCpltCallback                  0x080034cb   Thumb Code   272  bsp_bluetooth.o(i.HAL_UART_RxCpltCallback)
    HAL_UART_Transmit                        0x080035db   Thumb Code   184  stm32f4xx_hal_uart.o(i.HAL_UART_Transmit)
    HAL_UART_TxCpltCallback                  0x08003693   Thumb Code     2  stm32f4xx_hal_uart.o(i.HAL_UART_TxCpltCallback)
    HX711_Init                               0x08003695   Thumb Code    34  hx711.o(i.HX711_Init)
    HX711_Read                               0x080036b7   Thumb Code   186  hx711.o(i.HX711_Read)
    HX711_Tare                               0x08003771   Thumb Code    90  hx711.o(i.HX711_Tare)
    HardFault_Handler                        0x080037cb   Thumb Code     4  stm32f4xx_it.o(i.HardFault_Handler)
    K230_UART4_RxHandler                     0x080037cf   Thumb Code   550  k230_cmd.o(i.K230_UART4_RxHandler)
    Key_Init                                 0x080039f5   Thumb Code     8  bsp_key.o(i.Key_Init)
    Lower_Layer_Close                        0x080039fd   Thumb Code    20  servo_ctrl.o(i.Lower_Layer_Close)
    Lower_Layer_Open                         0x08003a11   Thumb Code    20  servo_ctrl.o(i.Lower_Layer_Open)
    MX_ADC1_Init                             0x08003a25   Thumb Code   128  adc.o(i.MX_ADC1_Init)
    MX_CAN2_Init                             0x08003aa5   Thumb Code    76  can.o(i.MX_CAN2_Init)
    MX_DMA_Init                              0x08003af1   Thumb Code   140  dma.o(i.MX_DMA_Init)
    MX_GPIO_Init                             0x08003b7d   Thumb Code   350  gpio.o(i.MX_GPIO_Init)
    MX_TIM1_Init                             0x08003cdb   Thumb Code   328  tim.o(i.MX_TIM1_Init)
    MX_UART4_Init                            0x08003e23   Thumb Code    64  usart.o(i.MX_UART4_Init)
    MX_USART1_UART_Init                      0x08003e63   Thumb Code    64  usart.o(i.MX_USART1_UART_Init)
    MX_USART2_UART_Init                      0x08003ea3   Thumb Code    64  usart.o(i.MX_USART2_UART_Init)
    MemManage_Handler                        0x08003ee3   Thumb Code     4  stm32f4xx_it.o(i.MemManage_Handler)
    Middle_Layer_Close                       0x08003ee7   Thumb Code    20  servo_ctrl.o(i.Middle_Layer_Close)
    Middle_Layer_Open                        0x08003efb   Thumb Code    20  servo_ctrl.o(i.Middle_Layer_Open)
    NMI_Handler                              0x08003f0f   Thumb Code     2  stm32f4xx_it.o(i.NMI_Handler)
    OLED_Clear                               0x08003f11   Thumb Code    42  oled.o(i.OLED_Clear)
    OLED_ClearArea                           0x08003f3b   Thumb Code   148  oled.o(i.OLED_ClearArea)
    OLED_GPIO_Init                           0x08003fcf   Thumb Code    44  oled.o(i.OLED_GPIO_Init)
    OLED_I2C_SendByte                        0x08003ffb   Thumb Code    74  oled.o(i.OLED_I2C_SendByte)
    OLED_I2C_Start                           0x08004045   Thumb Code    46  oled.o(i.OLED_I2C_Start)
    OLED_I2C_Stop                            0x08004073   Thumb Code    34  oled.o(i.OLED_I2C_Stop)
    OLED_Init                                0x08004095   Thumb Code   154  oled.o(i.OLED_Init)
    OLED_Pow                                 0x0800412f   Thumb Code    20  oled.o(i.OLED_Pow)
    OLED_SetCursor                           0x08004143   Thumb Code    34  oled.o(i.OLED_SetCursor)
    OLED_ShowChar                            0x08004165   Thumb Code    86  oled.o(i.OLED_ShowChar)
    OLED_ShowImage                           0x080041bb   Thumb Code   272  oled.o(i.OLED_ShowImage)
    OLED_ShowNum                             0x080042cb   Thumb Code    76  oled.o(i.OLED_ShowNum)
    OLED_ShowString                          0x08004317   Thumb Code   288  oled.o(i.OLED_ShowString)
    OLED_Update                              0x08004437   Thumb Code    42  oled.o(i.OLED_Update)
    OLED_W_SCL                               0x08004461   Thumb Code    24  oled.o(i.OLED_W_SCL)
    OLED_W_SDA                               0x08004479   Thumb Code    24  oled.o(i.OLED_W_SDA)
    OLED_WriteCommand                        0x08004491   Thumb Code    32  oled.o(i.OLED_WriteCommand)
    OLED_WriteData                           0x080044b1   Thumb Code    46  oled.o(i.OLED_WriteData)
    PendSV_Handler                           0x080044df   Thumb Code     2  stm32f4xx_it.o(i.PendSV_Handler)
    Process_Bluetooth_Command                0x080044e1   Thumb Code   620  app_bluetooth_task.o(i.Process_Bluetooth_Command)
    Relay_Init                               0x0800474d   Thumb Code    32  bsp_relay.o(i.Relay_Init)
    ResetEmergencyStop                       0x0800476d   Thumb Code    46  conveyor_belt.o(i.ResetEmergencyStop)
    SVC_Handler                              0x08004c55   Thumb Code     2  stm32f4xx_it.o(i.SVC_Handler)
    ServoSystem_Init                         0x08004c57   Thumb Code    40  servo_ctrl.o(i.ServoSystem_Init)
    Servo_Action                             0x08004c7f   Thumb Code    28  servo_ctrl.o(i.Servo_Action)
    Servo_Init                               0x08004c9b   Thumb Code   152  servo.o(i.Servo_Init)
    Servo_SetAngleInt                        0x08004d33   Thumb Code    74  servo.o(i.Servo_SetAngleInt)
    Servo_SetPulse                           0x08004d7d   Thumb Code   110  servo.o(i.Servo_SetPulse)
    Set_Relay_Switch                         0x08004deb   Thumb Code    66  bsp_relay.o(i.Set_Relay_Switch)
    StartConveyorBelt                        0x08004e2d   Thumb Code   208  conveyor_belt.o(i.StartConveyorBelt)
    StartPackConveyor                        0x08004efd   Thumb Code   140  conveyor_belt.o(i.StartPackConveyor)
    StartWrapMotor                           0x08004f89   Thumb Code   140  conveyor_belt.o(i.StartWrapMotor)
    StopConveyorBelt                         0x08005015   Thumb Code    58  conveyor_belt.o(i.StopConveyorBelt)
    StopPackConveyor                         0x0800504f   Thumb Code    42  conveyor_belt.o(i.StopPackConveyor)
    StopWashingSystem                        0x08005079   Thumb Code    30  conveyor_belt.o(i.StopWashingSystem)
    StopWrapMotor                            0x08005097   Thumb Code    42  conveyor_belt.o(i.StopWrapMotor)
    SysTick_Handler                          0x080050c1   Thumb Code     8  stm32f4xx_it.o(i.SysTick_Handler)
    SystemClock_Config                       0x080050c9   Thumb Code   198  main.o(i.SystemClock_Config)
    SystemInit                               0x0800518f   Thumb Code    40  system_stm32f4xx.o(i.SystemInit)
    TIM_Base_SetConfig                       0x080051b7   Thumb Code   218  stm32f4xx_hal_tim.o(i.TIM_Base_SetConfig)
    TIM_CCxChannelCmd                        0x08005291   Thumb Code    30  stm32f4xx_hal_tim.o(i.TIM_CCxChannelCmd)
    TIM_ETR_SetConfig                        0x080052af   Thumb Code    22  stm32f4xx_hal_tim.o(i.TIM_ETR_SetConfig)
    TIM_OC2_SetConfig                        0x08005347   Thumb Code   122  stm32f4xx_hal_tim.o(i.TIM_OC2_SetConfig)
    UART4_IRQHandler                         0x080054e1   Thumb Code    16  stm32f4xx_it.o(i.UART4_IRQHandler)
    UART_Start_Receive_IT                    0x0800572f   Thumb Code    56  stm32f4xx_hal_uart.o(i.UART_Start_Receive_IT)
    USART1_IRQHandler                        0x08005853   Thumb Code    16  stm32f4xx_it.o(i.USART1_IRQHandler)
    USART2_IRQHandler                        0x08005863   Thumb Code    16  stm32f4xx_it.o(i.USART2_IRQHandler)
    USER_CAN2_Filter_Init                    0x08005873   Thumb Code   128  can.o(i.USER_CAN2_Filter_Init)
    UsageFault_Handler                       0x080058f3   Thumb Code     4  stm32f4xx_it.o(i.UsageFault_Handler)
    WashingSystem_Init                       0x080058f7   Thumb Code   324  conveyor_belt.o(i.WashingSystem_Init)
    __0printf                                0x08005a3d   Thumb Code    22  printfa.o(i.__0printf)
    __1printf                                0x08005a3d   Thumb Code     0  printfa.o(i.__0printf)
    __2printf                                0x08005a3d   Thumb Code     0  printfa.o(i.__0printf)
    __c89printf                              0x08005a3d   Thumb Code     0  printfa.o(i.__0printf)
    printf                                   0x08005a3d   Thumb Code     0  printfa.o(i.__0printf)
    __0vsprintf                              0x08005a5d   Thumb Code    30  printfa.o(i.__0vsprintf)
    __1vsprintf                              0x08005a5d   Thumb Code     0  printfa.o(i.__0vsprintf)
    __2vsprintf                              0x08005a5d   Thumb Code     0  printfa.o(i.__0vsprintf)
    __c89vsprintf                            0x08005a5d   Thumb Code     0  printfa.o(i.__0vsprintf)
    vsprintf                                 0x08005a5d   Thumb Code     0  printfa.o(i.__0vsprintf)
    __scatterload_copy                       0x08005a81   Thumb Code    14  handlers.o(i.__scatterload_copy)
    __scatterload_null                       0x08005a8f   Thumb Code     2  handlers.o(i.__scatterload_null)
    __scatterload_zeroinit                   0x08005a91   Thumb Code    14  handlers.o(i.__scatterload_zeroinit)
    bsp_uart4_start_receive                  0x08006335   Thumb Code    30  k230_cmd.o(i.bsp_uart4_start_receive)
    btn_four_cb                              0x08006353   Thumb Code   148  app_key_task.o(i.btn_four_cb)
    btn_one_cb                               0x080063e7   Thumb Code   124  app_key_task.o(i.btn_one_cb)
    btn_three_cb                             0x08006463   Thumb Code   142  app_key_task.o(i.btn_three_cb)
    btn_two_cb                               0x080064f1   Thumb Code   126  app_key_task.o(i.btn_two_cb)
    can_SendCmd                              0x080065a7   Thumb Code   360  can.o(i.can_SendCmd)
    delay_us                                 0x08006783   Thumb Code    24  delay_us.o(i.delay_us)
    flex_button_register                     0x08006b0b   Thumb Code   156  mid_button.o(i.flex_button_register)
    flex_button_scan                         0x08006ba7   Thumb Code    12  mid_button.o(i.flex_button_scan)
    fputc                                    0x08006bb3   Thumb Code    28  debug.o(i.fputc)
    key_scan                                 0x08006c1d   Thumb Code   126  bsp_key.o(i.key_scan)
    main                                     0x08006c9b   Thumb Code   462  main.o(i.main)
    user_button_init                         0x08006e81   Thumb Code   220  mid_button.o(i.user_button_init)
    AHBPrescTable                            0x08006f5c   Data          16  system_stm32f4xx.o(.constdata)
    APBPrescTable                            0x08006f6c   Data           8  system_stm32f4xx.o(.constdata)
    OLED_F8x16                               0x08006f7c   Data        1520  oled_data.o(.constdata)
    OLED_F6x8                                0x0800756c   Data         570  oled_data.o(.constdata)
    OLED_CF16x16                             0x080077a6   Data        4235  oled_data.o(.constdata)
    Diode                                    0x08008831   Data          32  oled_data.o(.constdata)
    Region$$Table$$Base                      0x08008e24   Number         0  anon$$obj.o(Region$$Table)
    Region$$Table$$Limit                     0x08008e44   Number         0  anon$$obj.o(Region$$Table)
    flag_JiDianQi                            0x20000000   Data           1  main.o(.data)
    SystemCoreClock                          0x20000024   Data           4  system_stm32f4xx.o(.data)
    uwTickFreq                               0x20000028   Data           1  stm32f4xx_hal.o(.data)
    uwTickPrio                               0x2000002c   Data           4  stm32f4xx_hal.o(.data)
    uwTick                                   0x20000030   Data           4  stm32f4xx_hal.o(.data)
    BT_RxBuffer                              0x20000034   Data           1  bsp_bluetooth.o(.data)
    BT_RxFlag                                0x20000035   Data           1  bsp_bluetooth.o(.data)
    __stdout                                 0x2000005c   Data           4  stdout.o(.data)
    hadc1                                    0x20000060   Data          72  adc.o(.bss)
    can                                      0x200000a8   Data         120  can.o(.bss)
    hcan2                                    0x20000120   Data          40  can.o(.bss)
    hdma_memtomem_dma2_stream1               0x20000148   Data          96  dma.o(.bss)
    htim1                                    0x200001a8   Data          72  tim.o(.bss)
    rxCmd                                    0x200001f0   Data         255  usart.o(.bss)
    huart4                                   0x200002f0   Data          72  usart.o(.bss)
    huart1                                   0x20000338   Data          72  usart.o(.bss)
    huart2                                   0x20000380   Data          72  usart.o(.bss)
    OLED_DisplayBuf                          0x200003c8   Data        1024  oled.o(.bss)
    MMCL_cmd                                 0x200007c8   Data        1024  emm_v5.o(.bss)
    BT_RxPacket                              0x2000109c   Data         150  bsp_bluetooth.o(.bss)
    k230_recv_data                           0x20001132   Data          14  k230_cmd.o(.bss)
    g_washingSystem                          0x200011b0   Data         124  conveyor_belt.o(.bss)
    hx711                                    0x2000122c   Data          16  hx711.o(.bss)
    __initial_sp                             0x20001aa0   Data           0  startup_stm32f407xx.o(STACK)



==============================================================================

Memory Map of the image

  Image Entry point : 0x08000189

  Load Region LR_IROM1 (Base: 0x08000000, Size: 0x00008ec8, Max: 0x00080000, ABSOLUTE)

    Execution Region ER_IROM1 (Exec base: 0x08000000, Load base: 0x08000000, Size: 0x00008e68, Max: 0x00080000, ABSOLUTE)

    Exec Addr    Load Addr    Size         Type   Attr      Idx    E Section Name        Object

    0x08000000   0x08000000   0x00000188   Data   RO            3    RESET               startup_stm32f407xx.o
    0x08000188   0x08000188   0x00000000   Code   RO         5310  * .ARM.Collect$$$$00000000  mc_w.l(entry.o)
    0x08000188   0x08000188   0x00000004   Code   RO         5643    .ARM.Collect$$$$00000001  mc_w.l(entry2.o)
    0x0800018c   0x0800018c   0x00000004   Code   RO         5646    .ARM.Collect$$$$00000004  mc_w.l(entry5.o)
    0x08000190   0x08000190   0x00000000   Code   RO         5648    .ARM.Collect$$$$00000008  mc_w.l(entry7b.o)
    0x08000190   0x08000190   0x00000000   Code   RO         5650    .ARM.Collect$$$$0000000A  mc_w.l(entry8b.o)
    0x08000190   0x08000190   0x00000008   Code   RO         5651    .ARM.Collect$$$$0000000B  mc_w.l(entry9a.o)
    0x08000198   0x08000198   0x00000004   Code   RO         5658    .ARM.Collect$$$$0000000E  mc_w.l(entry12b.o)
    0x0800019c   0x0800019c   0x00000000   Code   RO         5653    .ARM.Collect$$$$0000000F  mc_w.l(entry10a.o)
    0x0800019c   0x0800019c   0x00000000   Code   RO         5655    .ARM.Collect$$$$00000011  mc_w.l(entry11a.o)
    0x0800019c   0x0800019c   0x00000004   Code   RO         5644    .ARM.Collect$$$$00002712  mc_w.l(entry2.o)
    0x080001a0   0x080001a0   0x00000024   Code   RO            4    .text               startup_stm32f407xx.o
    0x080001c4   0x080001c4   0x00000062   Code   RO         5313    .text               mc_w.l(uldiv.o)
    0x08000226   0x08000226   0x00000024   Code   RO         5315    .text               mc_w.l(memseta.o)
    0x0800024a   0x0800024a   0x0000000e   Code   RO         5317    .text               mc_w.l(strlen.o)
    0x08000258   0x08000258   0x0000001c   Code   RO         5319    .text               mc_w.l(strcmp.o)
    0x08000274   0x08000274   0x0000001e   Code   RO         5321    .text               mc_w.l(strncmp.o)
    0x08000292   0x08000292   0x0000014e   Code   RO         5584    .text               mf_w.l(dadd.o)
    0x080003e0   0x080003e0   0x000000e4   Code   RO         5586    .text               mf_w.l(dmul.o)
    0x080004c4   0x080004c4   0x000000de   Code   RO         5588    .text               mf_w.l(ddiv.o)
    0x080005a2   0x080005a2   0x00000026   Code   RO         5600    .text               mf_w.l(f2d.o)
    0x080005c8   0x080005c8   0x00000030   Code   RO         5604    .text               mf_w.l(cdrcmple.o)
    0x080005f8   0x080005f8   0x0000002c   Code   RO         5660    .text               mc_w.l(uidiv.o)
    0x08000624   0x08000624   0x0000001e   Code   RO         5662    .text               mc_w.l(llshl.o)
    0x08000642   0x08000642   0x00000020   Code   RO         5664    .text               mc_w.l(llushr.o)
    0x08000662   0x08000662   0x00000024   Code   RO         5666    .text               mc_w.l(llsshr.o)
    0x08000686   0x08000686   0x00000000   Code   RO         5675    .text               mc_w.l(iusefp.o)
    0x08000686   0x08000686   0x000000ba   Code   RO         5678    .text               mf_w.l(depilogue.o)
    0x08000740   0x08000740   0x00000030   Code   RO         5682    .text               mf_w.l(dfixul.o)
    0x08000770   0x08000770   0x00000024   Code   RO         5688    .text               mc_w.l(init.o)
    0x08000794   0x08000794   0x00000130   Code   RO          686    i.ADC_Init          stm32f4xx_hal_adc.o
    0x080008c4   0x080008c4   0x00000020   Code   RO         5164    i.App_Consume_StateEntry  app_conveyor.o
    0x080008e4   0x080008e4   0x000000a4   Code   RO         5165    i.App_Conwashing_Init  app_conveyor.o
    0x08000988   0x08000988   0x000000c8   Code   RO         5166    i.App_Conwashing_Task  app_conveyor.o
    0x08000a50   0x08000a50   0x00000026   Code   RO         5167    i.App_Enter_AutoState  app_conveyor.o
    0x08000a76   0x08000a76   0x0000000c   Code   RO         5168    i.App_Get_CurrentMode  app_conveyor.o
    0x08000a82   0x08000a82   0x00000168   Code   RO         5169    i.App_ProcessWeighing  app_conveyor.o
    0x08000bea   0x08000bea   0x00000016   Code   RO         5170    i.App_ResetWeighing  app_conveyor.o
    0x08000c00   0x08000c00   0x00000018   Code   RO         5171    i.App_Send_Cmd_Emergency  app_conveyor.o
    0x08000c18   0x08000c18   0x00000042   Code   RO         5172    i.App_Send_Cmd_Resume  app_conveyor.o
    0x08000c5a   0x08000c5a   0x00000036   Code   RO         5173    i.App_Send_Cmd_StartAuto  app_conveyor.o
    0x08000c90   0x08000c90   0x00000040   Code   RO         5174    i.App_Send_Cmd_Stop  app_conveyor.o
    0x08000cd0   0x08000cd0   0x0000001c   Code   RO         5175    i.App_SetActuatorsSafe  app_conveyor.o
    0x08000cec   0x08000cec   0x00000018   Code   RO         5176    i.App_StateTimeout  app_conveyor.o
    0x08000d04   0x08000d04   0x0000001a   Code   RO         4611    i.Bluetooth_Init    bsp_bluetooth.o
    0x08000d1e   0x08000d1e   0x00000024   Code   RO         4612    i.Bluetooth_Printf  bsp_bluetooth.o
    0x08000d42   0x08000d42   0x00000022   Code   RO         4614    i.Bluetooth_SendString  bsp_bluetooth.o
    0x08000d64   0x08000d64   0x00000004   Code   RO          516    i.BusFault_Handler  stm32f4xx_it.o
    0x08000d68   0x08000d68   0x00000010   Code   RO          517    i.CAN2_RX0_IRQHandler  stm32f4xx_it.o
    0x08000d78   0x08000d78   0x00000010   Code   RO          518    i.DMA2_Stream1_IRQHandler  stm32f4xx_it.o
    0x08000d88   0x08000d88   0x00000038   Code   RO         1462    i.DMA_CalcBaseAndBitshift  stm32f4xx_hal_dma.o
    0x08000dc0   0x08000dc0   0x0000007e   Code   RO         1463    i.DMA_CheckFifoParam  stm32f4xx_hal_dma.o
    0x08000e3e   0x08000e3e   0x00000002   Code   RO          519    i.DebugMon_Handler  stm32f4xx_it.o
    0x08000e40   0x08000e40   0x00000060   Code   RO         3775    i.Debug_Init        debug.o
    0x08000ea0   0x08000ea0   0x00000056   Code   RO         4854    i.EmergencyStopAll  conveyor_belt.o
    0x08000ef6   0x08000ef6   0x0000003c   Code   RO         4190    i.Emm_V5_En_Control  emm_v5.o
    0x08000f32   0x08000f32   0x0000003c   Code   RO         4207    i.Emm_V5_Modify_Ctrl_Mode  emm_v5.o
    0x08000f6e   0x08000f6e   0x00000032   Code   RO         4241    i.Emm_V5_Reset_Clog_Pro  emm_v5.o
    0x08000fa0   0x08000fa0   0x00000032   Code   RO         4242    i.Emm_V5_Reset_CurPos_To_Zero  emm_v5.o
    0x08000fd2   0x08000fd2   0x00000038   Code   RO         4245    i.Emm_V5_Stop_Now   emm_v5.o
    0x0800100a   0x0800100a   0x00000032   Code   RO         4246    i.Emm_V5_Synchronous_motion  emm_v5.o
    0x0800103c   0x0800103c   0x0000004e   Code   RO         4248    i.Emm_V5_Vel_Control  emm_v5.o
    0x0800108a   0x0800108a   0x00000004   Code   RO           13    i.Error_Handler     main.o
    0x0800108e   0x0800108e   0x00000032   Code   RO         4855    i.GetConveyorBeltByLayer  conveyor_belt.o
    0x080010c0   0x080010c0   0x0000017c   Code   RO          688    i.HAL_ADC_ConfigChannel  stm32f4xx_hal_adc.o
    0x0800123c   0x0800123c   0x00000056   Code   RO          697    i.HAL_ADC_Init      stm32f4xx_hal_adc.o
    0x08001292   0x08001292   0x00000090   Code   RO          277    i.HAL_ADC_MspInit   adc.o
    0x08001322   0x08001322   0x00000024   Code   RO         2151    i.HAL_CAN_ActivateNotification  stm32f4xx_hal_can.o
    0x08001346   0x08001346   0x000000f0   Code   RO         2152    i.HAL_CAN_AddTxMessage  stm32f4xx_hal_can.o
    0x08001436   0x08001436   0x00000128   Code   RO         2153    i.HAL_CAN_ConfigFilter  stm32f4xx_hal_can.o
    0x0800155e   0x0800155e   0x00000002   Code   RO         2156    i.HAL_CAN_ErrorCallback  stm32f4xx_hal_can.o
    0x08001560   0x08001560   0x00000026   Code   RO         2158    i.HAL_CAN_GetRxFifoFillLevel  stm32f4xx_hal_can.o
    0x08001586   0x08001586   0x00000174   Code   RO         2159    i.HAL_CAN_GetRxMessage  stm32f4xx_hal_can.o
    0x080016fa   0x080016fa   0x00000234   Code   RO         2163    i.HAL_CAN_IRQHandler  stm32f4xx_hal_can.o
    0x0800192e   0x0800192e   0x00000168   Code   RO         2164    i.HAL_CAN_Init      stm32f4xx_hal_can.o
    0x08001a96   0x08001a96   0x000000ca   Code   RO          319    i.HAL_CAN_MspInit   can.o
    0x08001b60   0x08001b60   0x00000002   Code   RO         2171    i.HAL_CAN_RxFifo0FullCallback  stm32f4xx_hal_can.o
    0x08001b62   0x08001b62   0x00000050   Code   RO          320    i.HAL_CAN_RxFifo0MsgPendingCallback  can.o
    0x08001bb2   0x08001bb2   0x00000002   Code   RO         2173    i.HAL_CAN_RxFifo1FullCallback  stm32f4xx_hal_can.o
    0x08001bb4   0x08001bb4   0x00000002   Code   RO         2174    i.HAL_CAN_RxFifo1MsgPendingCallback  stm32f4xx_hal_can.o
    0x08001bb6   0x08001bb6   0x00000002   Code   RO         2175    i.HAL_CAN_SleepCallback  stm32f4xx_hal_can.o
    0x08001bb8   0x08001bb8   0x00000064   Code   RO         2176    i.HAL_CAN_Start     stm32f4xx_hal_can.o
    0x08001c1c   0x08001c1c   0x00000002   Code   RO         2178    i.HAL_CAN_TxMailbox0AbortCallback  stm32f4xx_hal_can.o
    0x08001c1e   0x08001c1e   0x00000002   Code   RO         2179    i.HAL_CAN_TxMailbox0CompleteCallback  stm32f4xx_hal_can.o
    0x08001c20   0x08001c20   0x00000002   Code   RO         2180    i.HAL_CAN_TxMailbox1AbortCallback  stm32f4xx_hal_can.o
    0x08001c22   0x08001c22   0x00000002   Code   RO         2181    i.HAL_CAN_TxMailbox1CompleteCallback  stm32f4xx_hal_can.o
    0x08001c24   0x08001c24   0x00000002   Code   RO         2182    i.HAL_CAN_TxMailbox2AbortCallback  stm32f4xx_hal_can.o
    0x08001c26   0x08001c26   0x00000002   Code   RO         2183    i.HAL_CAN_TxMailbox2CompleteCallback  stm32f4xx_hal_can.o
    0x08001c28   0x08001c28   0x00000002   Code   RO         2185    i.HAL_CAN_WakeUpFromRxMsgCallback  stm32f4xx_hal_can.o
    0x08001c2a   0x08001c2a   0x000000a2   Code   RO         1465    i.HAL_DMA_Abort     stm32f4xx_hal_dma.o
    0x08001ccc   0x08001ccc   0x00000024   Code   RO         1466    i.HAL_DMA_Abort_IT  stm32f4xx_hal_dma.o
    0x08001cf0   0x08001cf0   0x000001ee   Code   RO         1470    i.HAL_DMA_IRQHandler  stm32f4xx_hal_dma.o
    0x08001ede   0x08001ede   0x000000ec   Code   RO         1471    i.HAL_DMA_Init      stm32f4xx_hal_dma.o
    0x08001fca   0x08001fca   0x00000028   Code   RO         1899    i.HAL_Delay         stm32f4xx_hal.o
    0x08001ff2   0x08001ff2   0x0000022e   Code   RO         1358    i.HAL_GPIO_Init     stm32f4xx_hal_gpio.o
    0x08002220   0x08002220   0x0000000e   Code   RO         1360    i.HAL_GPIO_ReadPin  stm32f4xx_hal_gpio.o
    0x0800222e   0x0800222e   0x0000000e   Code   RO         1362    i.HAL_GPIO_WritePin  stm32f4xx_hal_gpio.o
    0x0800223c   0x0800223c   0x0000000c   Code   RO         1905    i.HAL_GetTick       stm32f4xx_hal.o
    0x08002248   0x08002248   0x00000012   Code   RO         1911    i.HAL_IncTick       stm32f4xx_hal.o
    0x0800225a   0x0800225a   0x00000036   Code   RO         1912    i.HAL_Init          stm32f4xx_hal.o
    0x08002290   0x08002290   0x00000046   Code   RO         1913    i.HAL_InitTick      stm32f4xx_hal.o
    0x080022d6   0x080022d6   0x00000050   Code   RO          622    i.HAL_MspInit       stm32f4xx_hal_msp.o
    0x08002326   0x08002326   0x0000001c   Code   RO         1752    i.HAL_NVIC_EnableIRQ  stm32f4xx_hal_cortex.o
    0x08002342   0x08002342   0x00000068   Code   RO         1758    i.HAL_NVIC_SetPriority  stm32f4xx_hal_cortex.o
    0x080023aa   0x080023aa   0x00000024   Code   RO         1759    i.HAL_NVIC_SetPriorityGrouping  stm32f4xx_hal_cortex.o
    0x080023ce   0x080023ce   0x00000184   Code   RO          959    i.HAL_RCC_ClockConfig  stm32f4xx_hal_rcc.o
    0x08002552   0x08002552   0x0000000c   Code   RO          964    i.HAL_RCC_GetHCLKFreq  stm32f4xx_hal_rcc.o
    0x0800255e   0x0800255e   0x00000022   Code   RO          966    i.HAL_RCC_GetPCLK1Freq  stm32f4xx_hal_rcc.o
    0x08002580   0x08002580   0x00000022   Code   RO          967    i.HAL_RCC_GetPCLK2Freq  stm32f4xx_hal_rcc.o
    0x080025a2   0x080025a2   0x00000076   Code   RO          968    i.HAL_RCC_GetSysClockFreq  stm32f4xx_hal_rcc.o
    0x08002618   0x08002618   0x0000049e   Code   RO          971    i.HAL_RCC_OscConfig  stm32f4xx_hal_rcc.o
    0x08002ab6   0x08002ab6   0x0000002a   Code   RO         1763    i.HAL_SYSTICK_Config  stm32f4xx_hal_cortex.o
    0x08002ae0   0x08002ae0   0x00000066   Code   RO         3105    i.HAL_TIMEx_ConfigBreakDeadTime  stm32f4xx_hal_tim_ex.o
    0x08002b46   0x08002b46   0x0000009a   Code   RO         3121    i.HAL_TIMEx_MasterConfigSynchronization  stm32f4xx_hal_tim_ex.o
    0x08002be0   0x08002be0   0x0000005c   Code   RO         2386    i.HAL_TIM_Base_Init  stm32f4xx_hal_tim.o
    0x08002c3c   0x08002c3c   0x0000003c   Code   RO          410    i.HAL_TIM_Base_MspInit  tim.o
    0x08002c78   0x08002c78   0x000000ea   Code   RO         2395    i.HAL_TIM_ConfigClockSource  stm32f4xx_hal_tim.o
    0x08002d62   0x08002d62   0x0000006e   Code   RO          411    i.HAL_TIM_MspPostInit  tim.o
    0x08002dd0   0x08002dd0   0x000000d8   Code   RO         2458    i.HAL_TIM_PWM_ConfigChannel  stm32f4xx_hal_tim.o
    0x08002ea8   0x08002ea8   0x0000005c   Code   RO         2461    i.HAL_TIM_PWM_Init  stm32f4xx_hal_tim.o
    0x08002f04   0x08002f04   0x00000002   Code   RO         2463    i.HAL_TIM_PWM_MspInit  stm32f4xx_hal_tim.o
    0x08002f06   0x08002f06   0x000000de   Code   RO         2466    i.HAL_TIM_PWM_Start  stm32f4xx_hal_tim.o
    0x08002fe4   0x08002fe4   0x00000002   Code   RO         3381    i.HAL_UARTEx_RxEventCallback  stm32f4xx_hal_uart.o
    0x08002fe6   0x08002fe6   0x00000002   Code   RO         3395    i.HAL_UART_ErrorCallback  stm32f4xx_hal_uart.o
    0x08002fe8   0x08002fe8   0x00000284   Code   RO         3398    i.HAL_UART_IRQHandler  stm32f4xx_hal_uart.o
    0x0800326c   0x0800326c   0x00000066   Code   RO         3399    i.HAL_UART_Init     stm32f4xx_hal_uart.o
    0x080032d2   0x080032d2   0x000001dc   Code   RO          458    i.HAL_UART_MspInit  usart.o
    0x080034ae   0x080034ae   0x0000001c   Code   RO         3404    i.HAL_UART_Receive_IT  stm32f4xx_hal_uart.o
    0x080034ca   0x080034ca   0x00000110   Code   RO         4615    i.HAL_UART_RxCpltCallback  bsp_bluetooth.o
    0x080035da   0x080035da   0x000000b8   Code   RO         3407    i.HAL_UART_Transmit  stm32f4xx_hal_uart.o
    0x08003692   0x08003692   0x00000002   Code   RO         3410    i.HAL_UART_TxCpltCallback  stm32f4xx_hal_uart.o
    0x08003694   0x08003694   0x00000022   Code   RO         4948    i.HX711_Init        hx711.o
    0x080036b6   0x080036b6   0x000000ba   Code   RO         4949    i.HX711_Read        hx711.o
    0x08003770   0x08003770   0x0000005a   Code   RO         4950    i.HX711_Tare        hx711.o
    0x080037ca   0x080037ca   0x00000004   Code   RO          520    i.HardFault_Handler  stm32f4xx_it.o
    0x080037ce   0x080037ce   0x00000226   Code   RO         4718    i.K230_UART4_RxHandler  k230_cmd.o
    0x080039f4   0x080039f4   0x00000008   Code   RO         3742    i.Key_Init          bsp_key.o
    0x080039fc   0x080039fc   0x00000014   Code   RO         5008    i.Lower_Layer_Close  servo_ctrl.o
    0x08003a10   0x08003a10   0x00000014   Code   RO         5009    i.Lower_Layer_Open  servo_ctrl.o
    0x08003a24   0x08003a24   0x00000080   Code   RO          278    i.MX_ADC1_Init      adc.o
    0x08003aa4   0x08003aa4   0x0000004c   Code   RO          321    i.MX_CAN2_Init      can.o
    0x08003af0   0x08003af0   0x0000008c   Code   RO          379    i.MX_DMA_Init       dma.o
    0x08003b7c   0x08003b7c   0x0000015e   Code   RO          252    i.MX_GPIO_Init      gpio.o
    0x08003cda   0x08003cda   0x00000148   Code   RO          412    i.MX_TIM1_Init      tim.o
    0x08003e22   0x08003e22   0x00000040   Code   RO          459    i.MX_UART4_Init     usart.o
    0x08003e62   0x08003e62   0x00000040   Code   RO          460    i.MX_USART1_UART_Init  usart.o
    0x08003ea2   0x08003ea2   0x00000040   Code   RO          461    i.MX_USART2_UART_Init  usart.o
    0x08003ee2   0x08003ee2   0x00000004   Code   RO          521    i.MemManage_Handler  stm32f4xx_it.o
    0x08003ee6   0x08003ee6   0x00000014   Code   RO         5010    i.Middle_Layer_Close  servo_ctrl.o
    0x08003efa   0x08003efa   0x00000014   Code   RO         5011    i.Middle_Layer_Open  servo_ctrl.o
    0x08003f0e   0x08003f0e   0x00000002   Code   RO          522    i.NMI_Handler       stm32f4xx_it.o
    0x08003f10   0x08003f10   0x0000002a   Code   RO         3928    i.OLED_Clear        oled.o
    0x08003f3a   0x08003f3a   0x00000094   Code   RO         3929    i.OLED_ClearArea    oled.o
    0x08003fce   0x08003fce   0x0000002c   Code   RO         3937    i.OLED_GPIO_Init    oled.o
    0x08003ffa   0x08003ffa   0x0000004a   Code   RO         3939    i.OLED_I2C_SendByte  oled.o
    0x08004044   0x08004044   0x0000002e   Code   RO         3940    i.OLED_I2C_Start    oled.o
    0x08004072   0x08004072   0x00000022   Code   RO         3941    i.OLED_I2C_Stop     oled.o
    0x08004094   0x08004094   0x0000009a   Code   RO         3942    i.OLED_Init         oled.o
    0x0800412e   0x0800412e   0x00000014   Code   RO         3944    i.OLED_Pow          oled.o
    0x08004142   0x08004142   0x00000022   Code   RO         3948    i.OLED_SetCursor    oled.o
    0x08004164   0x08004164   0x00000056   Code   RO         3950    i.OLED_ShowChar     oled.o
    0x080041ba   0x080041ba   0x00000110   Code   RO         3953    i.OLED_ShowImage    oled.o
    0x080042ca   0x080042ca   0x0000004c   Code   RO         3954    i.OLED_ShowNum      oled.o
    0x08004316   0x08004316   0x00000120   Code   RO         3956    i.OLED_ShowString   oled.o
    0x08004436   0x08004436   0x0000002a   Code   RO         3957    i.OLED_Update       oled.o
    0x08004460   0x08004460   0x00000018   Code   RO         3959    i.OLED_W_SCL        oled.o
    0x08004478   0x08004478   0x00000018   Code   RO         3960    i.OLED_W_SDA        oled.o
    0x08004490   0x08004490   0x00000020   Code   RO         3961    i.OLED_WriteCommand  oled.o
    0x080044b0   0x080044b0   0x0000002e   Code   RO         3962    i.OLED_WriteData    oled.o
    0x080044de   0x080044de   0x00000002   Code   RO          523    i.PendSV_Handler    stm32f4xx_it.o
    0x080044e0   0x080044e0   0x0000026c   Code   RO         5268    i.Process_Bluetooth_Command  app_bluetooth_task.o
    0x0800474c   0x0800474c   0x00000020   Code   RO         4578    i.Relay_Init        bsp_relay.o
    0x0800476c   0x0800476c   0x0000002e   Code   RO         4856    i.ResetEmergencyStop  conveyor_belt.o
    0x0800479a   0x0800479a   0x000004b8   Code   RO         5177    i.Run_Auto_Process_FSM  app_conveyor.o
    0x08004c52   0x08004c52   0x00000002   Code   RO         5178    i.Run_Maintenance_Mode  app_conveyor.o
    0x08004c54   0x08004c54   0x00000002   Code   RO          524    i.SVC_Handler       stm32f4xx_it.o
    0x08004c56   0x08004c56   0x00000028   Code   RO         5012    i.ServoSystem_Init  servo_ctrl.o
    0x08004c7e   0x08004c7e   0x0000001c   Code   RO         5013    i.Servo_Action      servo_ctrl.o
    0x08004c9a   0x08004c9a   0x00000098   Code   RO         4671    i.Servo_Init        servo.o
    0x08004d32   0x08004d32   0x0000004a   Code   RO         4673    i.Servo_SetAngleInt  servo.o
    0x08004d7c   0x08004d7c   0x0000006e   Code   RO         4674    i.Servo_SetPulse    servo.o
    0x08004dea   0x08004dea   0x00000042   Code   RO         4579    i.Set_Relay_Switch  bsp_relay.o
    0x08004e2c   0x08004e2c   0x000000d0   Code   RO         4857    i.StartConveyorBelt  conveyor_belt.o
    0x08004efc   0x08004efc   0x0000008c   Code   RO         4858    i.StartPackConveyor  conveyor_belt.o
    0x08004f88   0x08004f88   0x0000008c   Code   RO         4859    i.StartWrapMotor    conveyor_belt.o
    0x08005014   0x08005014   0x0000003a   Code   RO         4860    i.StopConveyorBelt  conveyor_belt.o
    0x0800504e   0x0800504e   0x0000002a   Code   RO         4861    i.StopPackConveyor  conveyor_belt.o
    0x08005078   0x08005078   0x0000001e   Code   RO         4862    i.StopWashingSystem  conveyor_belt.o
    0x08005096   0x08005096   0x0000002a   Code   RO         4863    i.StopWrapMotor     conveyor_belt.o
    0x080050c0   0x080050c0   0x00000008   Code   RO          525    i.SysTick_Handler   stm32f4xx_it.o
    0x080050c8   0x080050c8   0x000000c6   Code   RO           14    i.SystemClock_Config  main.o
    0x0800518e   0x0800518e   0x00000028   Code   RO          647    i.SystemInit        system_stm32f4xx.o
    0x080051b6   0x080051b6   0x000000da   Code   RO         2479    i.TIM_Base_SetConfig  stm32f4xx_hal_tim.o
    0x08005290   0x08005290   0x0000001e   Code   RO         2480    i.TIM_CCxChannelCmd  stm32f4xx_hal_tim.o
    0x080052ae   0x080052ae   0x00000016   Code   RO         2490    i.TIM_ETR_SetConfig  stm32f4xx_hal_tim.o
    0x080052c4   0x080052c4   0x00000010   Code   RO         2491    i.TIM_ITRx_SetConfig  stm32f4xx_hal_tim.o
    0x080052d4   0x080052d4   0x00000072   Code   RO         2492    i.TIM_OC1_SetConfig  stm32f4xx_hal_tim.o
    0x08005346   0x08005346   0x0000007a   Code   RO         2493    i.TIM_OC2_SetConfig  stm32f4xx_hal_tim.o
    0x080053c0   0x080053c0   0x0000007a   Code   RO         2494    i.TIM_OC3_SetConfig  stm32f4xx_hal_tim.o
    0x0800543a   0x0800543a   0x00000058   Code   RO         2495    i.TIM_OC4_SetConfig  stm32f4xx_hal_tim.o
    0x08005492   0x08005492   0x00000026   Code   RO         2497    i.TIM_TI1_ConfigInputStage  stm32f4xx_hal_tim.o
    0x080054b8   0x080054b8   0x00000028   Code   RO         2499    i.TIM_TI2_ConfigInputStage  stm32f4xx_hal_tim.o
    0x080054e0   0x080054e0   0x00000010   Code   RO          526    i.UART4_IRQHandler  stm32f4xx_it.o
    0x080054f0   0x080054f0   0x0000000e   Code   RO         3412    i.UART_DMAAbortOnError  stm32f4xx_hal_uart.o
    0x080054fe   0x080054fe   0x0000004e   Code   RO         3422    i.UART_EndRxTransfer  stm32f4xx_hal_uart.o
    0x0800554c   0x0800554c   0x0000001a   Code   RO         3423    i.UART_EndTransmit_IT  stm32f4xx_hal_uart.o
    0x08005566   0x08005566   0x000000ca   Code   RO         3425    i.UART_Receive_IT   stm32f4xx_hal_uart.o
    0x08005630   0x08005630   0x000000fe   Code   RO         3426    i.UART_SetConfig    stm32f4xx_hal_uart.o
    0x0800572e   0x0800572e   0x00000038   Code   RO         3428    i.UART_Start_Receive_IT  stm32f4xx_hal_uart.o
    0x08005766   0x08005766   0x0000005e   Code   RO         3429    i.UART_Transmit_IT  stm32f4xx_hal_uart.o
    0x080057c4   0x080057c4   0x0000008e   Code   RO         3430    i.UART_WaitOnFlagUntilTimeout  stm32f4xx_hal_uart.o
    0x08005852   0x08005852   0x00000010   Code   RO          527    i.USART1_IRQHandler  stm32f4xx_it.o
    0x08005862   0x08005862   0x00000010   Code   RO          528    i.USART2_IRQHandler  stm32f4xx_it.o
    0x08005872   0x08005872   0x00000080   Code   RO          322    i.USER_CAN2_Filter_Init  can.o
    0x080058f2   0x080058f2   0x00000004   Code   RO          529    i.UsageFault_Handler  stm32f4xx_it.o
    0x080058f6   0x080058f6   0x00000144   Code   RO         4864    i.WashingSystem_Init  conveyor_belt.o
    0x08005a3a   0x08005a3a   0x00000002   PAD
    0x08005a3c   0x08005a3c   0x00000020   Code   RO         5556    i.__0printf         mc_w.l(printfa.o)
    0x08005a5c   0x08005a5c   0x00000024   Code   RO         5562    i.__0vsprintf       mc_w.l(printfa.o)
    0x08005a80   0x08005a80   0x0000000e   Code   RO         5692    i.__scatterload_copy  mc_w.l(handlers.o)
    0x08005a8e   0x08005a8e   0x00000002   Code   RO         5693    i.__scatterload_null  mc_w.l(handlers.o)
    0x08005a90   0x08005a90   0x0000000e   Code   RO         5694    i.__scatterload_zeroinit  mc_w.l(handlers.o)
    0x08005a9e   0x08005a9e   0x00000002   PAD
    0x08005aa0   0x08005aa0   0x00000184   Code   RO         5563    i._fp_digits        mc_w.l(printfa.o)
    0x08005c24   0x08005c24   0x000006b4   Code   RO         5564    i._printf_core      mc_w.l(printfa.o)
    0x080062d8   0x080062d8   0x00000024   Code   RO         5565    i._printf_post_padding  mc_w.l(printfa.o)
    0x080062fc   0x080062fc   0x0000002e   Code   RO         5566    i._printf_pre_padding  mc_w.l(printfa.o)
    0x0800632a   0x0800632a   0x0000000a   Code   RO         5568    i._sputc            mc_w.l(printfa.o)
    0x08006334   0x08006334   0x0000001e   Code   RO         4719    i.bsp_uart4_start_receive  k230_cmd.o
    0x08006352   0x08006352   0x00000094   Code   RO         5104    i.btn_four_cb       app_key_task.o
    0x080063e6   0x080063e6   0x0000007c   Code   RO         5105    i.btn_one_cb        app_key_task.o
    0x08006462   0x08006462   0x0000008e   Code   RO         5106    i.btn_three_cb      app_key_task.o
    0x080064f0   0x080064f0   0x0000007e   Code   RO         5107    i.btn_two_cb        app_key_task.o
    0x0800656e   0x0800656e   0x0000000e   Code   RO         4781    i.button_four_read  mid_button.o
    0x0800657c   0x0800657c   0x0000000e   Code   RO         4782    i.button_one_read   mid_button.o
    0x0800658a   0x0800658a   0x0000000e   Code   RO         4783    i.button_three_read  mid_button.o
    0x08006598   0x08006598   0x0000000e   Code   RO         4784    i.button_two_read   mid_button.o
    0x080065a6   0x080065a6   0x00000168   Code   RO          323    i.can_SendCmd       can.o
    0x0800670e   0x0800670e   0x00000074   Code   RO         4720    i.category_str_to_type  k230_cmd.o
    0x08006782   0x08006782   0x00000018   Code   RO         3901    i.delay_us          delay_us.o
    0x0800679a   0x0800679a   0x000002ce   Code   RO         4786    i.flex_button_process  mid_button.o
    0x08006a68   0x08006a68   0x000000a2   Code   RO         4787    i.flex_button_read  mid_button.o
    0x08006b0a   0x08006b0a   0x0000009c   Code   RO         4788    i.flex_button_register  mid_button.o
    0x08006ba6   0x08006ba6   0x0000000c   Code   RO         4789    i.flex_button_scan  mid_button.o
    0x08006bb2   0x08006bb2   0x0000001c   Code   RO         3777    i.fputc             debug.o
    0x08006bce   0x08006bce   0x0000004e   Code   RO         4721    i.k230_parser_reset  k230_cmd.o
    0x08006c1c   0x08006c1c   0x0000007e   Code   RO         3743    i.key_scan          bsp_key.o
    0x08006c9a   0x08006c9a   0x000001ce   Code   RO           15    i.main              main.o
    0x08006e68   0x08006e68   0x00000016   Code   RO         4723    i.to_lower_ascii    k230_cmd.o
    0x08006e7e   0x08006e7e   0x00000002   PAD
    0x08006e80   0x08006e80   0x000000dc   Code   RO         4790    i.user_button_init  mid_button.o
    0x08006f5c   0x08006f5c   0x00000018   Data   RO          648    .constdata          system_stm32f4xx.o
    0x08006f74   0x08006f74   0x00000008   Data   RO         1477    .constdata          stm32f4xx_hal_dma.o
    0x08006f7c   0x08006f7c   0x000018d5   Data   RO         4174    .constdata          oled_data.o
    0x08008851   0x08008851   0x00000003   PAD
    0x08008854   0x08008854   0x00000078   Data   RO           16    .conststring        main.o
    0x080088cc   0x080088cc   0x0000009c   Data   RO         3778    .conststring        debug.o
    0x08008968   0x08008968   0x00000001   Data   RO         3965    .conststring        oled.o
    0x08008969   0x08008969   0x00000003   PAD
    0x0800896c   0x0800896c   0x00000008   Data   RO         4866    .conststring        conveyor_belt.o
    0x08008974   0x08008974   0x0000008c   Data   RO         5108    .conststring        app_key_task.o
    0x08008a00   0x08008a00   0x00000344   Data   RO         5180    .conststring        app_conveyor.o
    0x08008d44   0x08008d44   0x000000e0   Data   RO         5269    .conststring        app_bluetooth_task.o
    0x08008e24   0x08008e24   0x00000020   Data   RO         5690    Region$$Table       anon$$obj.o
    0x08008e44   0x08008e44   0x00000008   Data   RO         4728    c.K230_UART4_RxHandler.0000002e  k230_cmd.o
    0x08008e4c   0x08008e4c   0x00000012   Data   RO         5181    c.Run_Auto_Process_FSM.0000002a  app_conveyor.o
    0x08008e5e   0x08008e5e   0x00000007   Data   RO         4793    c.flex_button_process.00000028  mid_button.o


    Execution Region RW_IRAM1 (Exec base: 0x20000000, Load base: 0x08008e68, Size: 0x00001aa0, Max: 0x00020000, ABSOLUTE)

    Exec Addr    Load Addr    Size         Type   Attr      Idx    E Section Name        Object

    0x20000000   0x08008e68   0x00000020   Data   RW           17    .data               main.o
    0x20000020   0x08008e88   0x00000004   Data   RW          325    .data               can.o
    0x20000024   0x08008e8c   0x00000004   Data   RW          649    .data               system_stm32f4xx.o
    0x20000028   0x08008e90   0x0000000c   Data   RW         1919    .data               stm32f4xx_hal.o
    0x20000034   0x08008e9c   0x00000004   Data   RW         4617    .data               bsp_bluetooth.o
    0x20000038   0x08008ea0   0x00000006   Data   RW         4675    .data               servo.o
    0x2000003e   0x08008ea6   0x0000000d   Data   RW         4727    .data               k230_cmd.o
    0x2000004b   0x08008eb3   0x00000001   PAD
    0x2000004c   0x08008eb4   0x0000000d   Data   RW         4792    .data               mid_button.o
    0x20000059   0x08008ec1   0x00000003   PAD
    0x2000005c   0x08008ec4   0x00000004   Data   RW         5659    .data               mc_w.l(stdout.o)
    0x20000060        -       0x00000048   Zero   RW          279    .bss                adc.o
    0x200000a8        -       0x000000a0   Zero   RW          324    .bss                can.o
    0x20000148        -       0x00000060   Zero   RW          380    .bss                dma.o
    0x200001a8        -       0x00000048   Zero   RW          413    .bss                tim.o
    0x200001f0        -       0x000001d8   Zero   RW          462    .bss                usart.o
    0x200003c8        -       0x00000400   Zero   RW         3964    .bss                oled.o
    0x200007c8        -       0x000008d4   Zero   RW         4249    .bss                emm_v5.o
    0x2000109c        -       0x00000096   Zero   RW         4616    .bss                bsp_bluetooth.o
    0x20001132        -       0x0000000e   Zero   RW         4725    .bss                k230_cmd.o
    0x20001140        -       0x00000070   Zero   RW         4791    .bss                mid_button.o
    0x200011b0        -       0x0000007c   Zero   RW         4865    .bss                conveyor_belt.o
    0x2000122c        -       0x00000010   Zero   RW         4951    .bss                hx711.o
    0x2000123c        -       0x00000064   Zero   RW         5179    .bss                app_conveyor.o
    0x200012a0        -       0x00000800   Zero   RW            1    STACK               startup_stm32f407xx.o


==============================================================================

Image component sizes


      Code (inc. data)   RO Data    RW Data    ZI Data      Debug   Object Name

       272          0          0          0         72       1737   adc.o
       620          0        224          0          0        736   app_bluetooth_task.o
      2298          0        854          0        100       9026   app_conveyor.o
       540          0        140          0          0       4287   app_key_task.o
       368          0          0          4        150       3161   bsp_bluetooth.o
       134          0          0          0          0       1594   bsp_key.o
        98          0          0          0          0       1148   bsp_relay.o
       846          0          0          4        160       4467   can.o
      1166          0          8          0        124       9215   conveyor_belt.o
       124          0        156          0          0       2365   debug.o
        24          0          0          0          0        511   delay_us.o
       140          0          0          0         96       1071   dma.o
       404          0          0          0       2260      27526   emm_v5.o
       350          0          0          0          0       1103   gpio.o
       310          0          0          0         16       2915   hx711.o
       796          0          8         13         14       4570   k230_cmd.o
       664          0        120         32          0     723317   main.o
      1324          0          7         13        112       7233   mid_button.o
      1486          0          1          0       1024      12749   oled.o
         0          0       6357          0          0       1146   oled_data.o
       336          0          0          6          0       2402   servo.o
       148          0          0          0          0       3630   servo_ctrl.o
        36          8        392          0       2048        848   startup_stm32f407xx.o
       194          0          0         12          0       9513   stm32f4xx_hal.o
       770          0          0          0          0       2895   stm32f4xx_hal_adc.o
      2030          0          0          0          0      16028   stm32f4xx_hal_can.o
       210          0          0          0          0      33643   stm32f4xx_hal_cortex.o
      1110          0          8          0          0       5919   stm32f4xx_hal_dma.o
       586          0          0          0          0       3123   stm32f4xx_hal_gpio.o
        80          0          0          0          0        862   stm32f4xx_hal_msp.o
      1768          0          0          0          0       6680   stm32f4xx_hal_rcc.o
      1668          0          0          0          0      13078   stm32f4xx_hal_tim.o
       256          0          0          0          0       2360   stm32f4xx_hal_tim_ex.o
      1830          0          0          0          0      12980   stm32f4xx_hal_uart.o
       112          0          0          0          0       6761   stm32f4xx_it.o
        40          0         24          4          0       1167   system_stm32f4xx.o
       498          0          0          0         72       2524   tim.o
       668          0          0          0        472       3200   usart.o

    ----------------------------------------------------------------------
     24308          8       8340         92       6720     947490   Object Totals
         0          0         32          0          0          0   (incl. Generated)
         4          0          9          4          0          0   (incl. Padding)

    ----------------------------------------------------------------------

      Code (inc. data)   RO Data    RW Data    ZI Data      Debug   Library Member Name

         0          0          0          0          0          0   entry.o
         0          0          0          0          0          0   entry10a.o
         0          0          0          0          0          0   entry11a.o
         4          0          0          0          0          0   entry12b.o
         8          4          0          0          0          0   entry2.o
         4          0          0          0          0          0   entry5.o
         0          0          0          0          0          0   entry7b.o
         0          0          0          0          0          0   entry8b.o
         8          4          0          0          0          0   entry9a.o
        30          0          0          0          0          0   handlers.o
        36          8          0          0          0         68   init.o
         0          0          0          0          0          0   iusefp.o
        30          0          0          0          0         68   llshl.o
        36          0          0          0          0         68   llsshr.o
        32          0          0          0          0         68   llushr.o
        36          0          0          0          0        108   memseta.o
      2264         96          0          0          0        612   printfa.o
         0          0          0          4          0          0   stdout.o
        28          0          0          0          0         76   strcmp.o
        14          0          0          0          0         68   strlen.o
        30          0          0          0          0         80   strncmp.o
        44          0          0          0          0         80   uidiv.o
        98          0          0          0          0         92   uldiv.o
        48          0          0          0          0         68   cdrcmple.o
       334          0          0          0          0        148   dadd.o
       222          0          0          0          0        100   ddiv.o
       186          0          0          0          0        176   depilogue.o
        48          0          0          0          0         68   dfixul.o
       228          0          0          0          0         96   dmul.o
        38          0          0          0          0         68   f2d.o

    ----------------------------------------------------------------------
      3808        112          0          4          0       2112   Library Totals
         2          0          0          0          0          0   (incl. Padding)

    ----------------------------------------------------------------------

      Code (inc. data)   RO Data    RW Data    ZI Data      Debug   Library Name

      2702        112          0          4          0       1388   mc_w.l
      1104          0          0          0          0        724   mf_w.l

    ----------------------------------------------------------------------
      3808        112          0          4          0       2112   Library Totals

    ----------------------------------------------------------------------

==============================================================================


      Code (inc. data)   RO Data    RW Data    ZI Data      Debug   

     28116        120       8340         96       6720     928614   Grand Totals
     28116        120       8340         96       6720     928614   ELF Image Totals
     28116        120       8340         96          0          0   ROM Totals

==============================================================================

    Total RO  Size (Code + RO Data)                36456 (  35.60kB)
    Total RW  Size (RW Data + ZI Data)              6816 (   6.66kB)
    Total ROM Size (Code + RO Data + RW Data)      36552 (  35.70kB)

==============================================================================

