Component: ARM Compiler 5.06 update 7 (build 960) Tool: armlink [4d3601]

==============================================================================

Section Cross References

    startup_stm32f407xx.o(RESET) refers to startup_stm32f407xx.o(STACK) for __initial_sp
    startup_stm32f407xx.o(RESET) refers to startup_stm32f407xx.o(.text) for Reset_Handler
    startup_stm32f407xx.o(RESET) refers to stm32f4xx_it.o(i.NMI_Handler) for NMI_Handler
    startup_stm32f407xx.o(RESET) refers to stm32f4xx_it.o(i.HardFault_Handler) for HardFault_Handler
    startup_stm32f407xx.o(RESET) refers to stm32f4xx_it.o(i.MemManage_Handler) for MemManage_Handler
    startup_stm32f407xx.o(RESET) refers to stm32f4xx_it.o(i.BusFault_Handler) for BusFault_Handler
    startup_stm32f407xx.o(RESET) refers to stm32f4xx_it.o(i.UsageFault_Handler) for UsageFault_Handler
    startup_stm32f407xx.o(RESET) refers to stm32f4xx_it.o(i.SVC_Handler) for SVC_Handler
    startup_stm32f407xx.o(RESET) refers to stm32f4xx_it.o(i.DebugMon_Handler) for DebugMon_Handler
    startup_stm32f407xx.o(RESET) refers to stm32f4xx_it.o(i.PendSV_Handler) for PendSV_Handler
    startup_stm32f407xx.o(RESET) refers to stm32f4xx_it.o(i.SysTick_Handler) for SysTick_Handler
    startup_stm32f407xx.o(RESET) refers to stm32f4xx_it.o(i.CAN1_RX0_IRQHandler) for CAN1_RX0_IRQHandler
    startup_stm32f407xx.o(RESET) refers to stm32f4xx_it.o(i.USART1_IRQHandler) for USART1_IRQHandler
    startup_stm32f407xx.o(RESET) refers to stm32f4xx_it.o(i.USART2_IRQHandler) for USART2_IRQHandler
    startup_stm32f407xx.o(RESET) refers to stm32f4xx_it.o(i.UART4_IRQHandler) for UART4_IRQHandler
    startup_stm32f407xx.o(RESET) refers to stm32f4xx_it.o(i.DMA2_Stream1_IRQHandler) for DMA2_Stream1_IRQHandler
    startup_stm32f407xx.o(RESET) refers to stm32f4xx_it.o(i.DMA2_Stream2_IRQHandler) for DMA2_Stream2_IRQHandler
    startup_stm32f407xx.o(RESET) refers to stm32f4xx_it.o(i.DMA2_Stream6_IRQHandler) for DMA2_Stream6_IRQHandler
    startup_stm32f407xx.o(RESET) refers to stm32f4xx_it.o(i.USART6_IRQHandler) for USART6_IRQHandler
    startup_stm32f407xx.o(.text) refers to system_stm32f4xx.o(i.SystemInit) for SystemInit
    startup_stm32f407xx.o(.text) refers to entry.o(.ARM.Collect$$$$00000000) for __main
    main.o(i.SystemClock_Config) refers to memseta.o(.text) for __aeabi_memclr4
    main.o(i.SystemClock_Config) refers to stm32f4xx_hal_rcc.o(i.HAL_RCC_OscConfig) for HAL_RCC_OscConfig
    main.o(i.SystemClock_Config) refers to main.o(i.Error_Handler) for Error_Handler
    main.o(i.SystemClock_Config) refers to stm32f4xx_hal_rcc.o(i.HAL_RCC_ClockConfig) for HAL_RCC_ClockConfig
    main.o(i.USART6_DMAHandler) refers to usart.o(.bss) for huart6
    main.o(i.USART6_DMAHandler) refers to main.o(.bss) for motor_rx_data_t
    main.o(i.USART6_DMAHandler) refers to main.o(.data) for motor_buff_ctrl
    main.o(i.USART6_DMAHandler) refers to stm32f4xx_hal_uart.o(i.HAL_UART_DMAStop) for HAL_UART_DMAStop
    main.o(i.USART6_DMAHandler) refers to stm32f4xx_hal_uart.o(i.HAL_UART_Receive_DMA) for HAL_UART_Receive_DMA
    main.o(i.main) refers to can.o(.bss) for hcan1
    main.o(i.main) refers to usart.o(.bss) for huart6
    main.o(i.main) refers to main.o(.bss) for motor_rx_data_t
    main.o(i.main) refers to main.o(.data) for motor_buff_ctrl
    main.o(i.main) refers to main.o(.conststring) for .conststring
    main.o(i.main) refers to stm32f4xx_hal.o(i.HAL_Init) for HAL_Init
    main.o(i.main) refers to main.o(i.SystemClock_Config) for SystemClock_Config
    main.o(i.main) refers to gpio.o(i.MX_GPIO_Init) for MX_GPIO_Init
    main.o(i.main) refers to dma.o(i.MX_DMA_Init) for MX_DMA_Init
    main.o(i.main) refers to usart.o(i.MX_USART1_UART_Init) for MX_USART1_UART_Init
    main.o(i.main) refers to usart.o(i.MX_USART6_UART_Init) for MX_USART6_UART_Init
    main.o(i.main) refers to usart.o(i.MX_USART2_UART_Init) for MX_USART2_UART_Init
    main.o(i.main) refers to tim.o(i.MX_TIM1_Init) for MX_TIM1_Init
    main.o(i.main) refers to adc.o(i.MX_ADC1_Init) for MX_ADC1_Init
    main.o(i.main) refers to usart.o(i.MX_UART4_Init) for MX_UART4_Init
    main.o(i.main) refers to can.o(i.MX_CAN1_Init) for MX_CAN1_Init
    main.o(i.main) refers to can.o(i.USER_CAN1_Filter_Init) for USER_CAN1_Filter_Init
    main.o(i.main) refers to stm32f4xx_hal_can.o(i.HAL_CAN_Start) for HAL_CAN_Start
    main.o(i.main) refers to main.o(i.Error_Handler) for Error_Handler
    main.o(i.main) refers to stm32f4xx_hal_can.o(i.HAL_CAN_ActivateNotification) for HAL_CAN_ActivateNotification
    main.o(i.main) refers to stm32f4xx_hal_uart.o(i.HAL_UART_Receive_DMA) for HAL_UART_Receive_DMA
    main.o(i.main) refers to oled.o(i.OLED_Init) for OLED_Init
    main.o(i.main) refers to oled.o(i.OLED_Clear) for OLED_Clear
    main.o(i.main) refers to bsp_key.o(i.Key_Init) for Key_Init
    main.o(i.main) refers to mid_button.o(i.user_button_init) for user_button_init
    main.o(i.main) refers to debug.o(i.Debug_Init) for Debug_Init
[...]
    button_one_read                          0x0800674d   Thumb Code    14  mid_button.o(i.button_one_read)
    i.button_three_read                      0x0800675a   Section        0  mid_button.o(i.button_three_read)
    button_three_read                        0x0800675b   Thumb Code    14  mid_button.o(i.button_three_read)
    i.button_two_read                        0x08006768   Section        0  mid_button.o(i.button_two_read)
    button_two_read                          0x08006769   Thumb Code    14  mid_button.o(i.button_two_read)
    i.can_SendCmd                            0x08006776   Section        0  can.o(i.can_SendCmd)
    i.category_str_to_type                   0x080068d6   Section        0  k230_cmd.o(i.category_str_to_type)
    category_str_to_type                     0x080068d7   Thumb Code   116  k230_cmd.o(i.category_str_to_type)
    i.delay_us                               0x0800694a   Section        0  delay_us.o(i.delay_us)
    i.flex_button_process                    0x08006962   Section        0  mid_button.o(i.flex_button_process)
    flex_button_process                      0x08006963   Thumb Code   718  mid_button.o(i.flex_button_process)
    i.flex_button_read                       0x08006c30   Section        0  mid_button.o(i.flex_button_read)
    flex_button_read                         0x08006c31   Thumb Code   162  mid_button.o(i.flex_button_read)
    i.flex_button_register                   0x08006cd2   Section        0  mid_button.o(i.flex_button_register)
    i.flex_button_scan                       0x08006d6e   Section        0  mid_button.o(i.flex_button_scan)
    i.fputc                                  0x08006d7a   Section        0  debug.o(i.fputc)
    i.k230_parser_reset                      0x08006d96   Section        0  k230_cmd.o(i.k230_parser_reset)
    k230_parser_reset                        0x08006d97   Thumb Code    78  k230_cmd.o(i.k230_parser_reset)
    i.key_scan                               0x08006de4   Section        0  bsp_key.o(i.key_scan)
    i.main                                   0x08006e62   Section        0  main.o(i.main)
    i.to_lower_ascii                         0x08007098   Section        0  k230_cmd.o(i.to_lower_ascii)
    to_lower_ascii                           0x08007099   Thumb Code    22  k230_cmd.o(i.to_lower_ascii)
    i.user_button_init                       0x080070b0   Section        0  mid_button.o(i.user_button_init)
    .constdata                               0x0800718c   Section       24  system_stm32f4xx.o(.constdata)
    .constdata                               0x080071a4   Section        8  stm32f4xx_hal_dma.o(.constdata)
    flagBitshiftOffset                       0x080071a4   Data           8  stm32f4xx_hal_dma.o(.constdata)
    .constdata                               0x080071ac   Section     6357  oled_data.o(.constdata)
    .conststring                             0x08008a84   Section      120  main.o(.conststring)
    .conststring                             0x08008afc   Section      156  debug.o(.conststring)
    .conststring                             0x08008b98   Section        1  oled.o(.conststring)
    .conststring                             0x08008b9c   Section        8  conveyor_belt.o(.conststring)
    .conststring                             0x08008ba4   Section      140  app_key_task.o(.conststring)
    .conststring                             0x08008c30   Section      780  app_conveyor.o(.conststring)
    .conststring                             0x08008f3c   Section      224  app_bluetooth_task.o(.conststring)
    c.K230_UART4_RxHandler.0000002e          0x0800903c   Section        8  k230_cmd.o(c.K230_UART4_RxHandler.0000002e)
    c.Run_Auto_Process_FSM.0000002a          0x08009044   Section       15  app_conveyor.o(c.Run_Auto_Process_FSM.0000002a)
    c.flex_button_process.00000028           0x08009053   Section        7  mid_button.o(c.flex_button_process.00000028)
    .data                                    0x20000000   Section       35  main.o(.data)
    last_bluetooth_time                      0x20000004   Data           4  main.o(.data)
    last_scan_time                           0x20000008   Data           4  main.o(.data)
    last_wish_time                           0x2000000c   Data           4  main.o(.data)
    last_ui_time                             0x20000010   Data           4  main.o(.data)
    k230_last_x                              0x20000014   Data           2  main.o(.data)
    k230_last_y                              0x20000016   Data           2  main.o(.data)
    k230_last_type                           0x20000018   Data           1  main.o(.data)
    k230_last_rx_time                        0x2000001c   Data           4  main.o(.data)
    .data                                    0x20000024   Section        4  can.o(.data)
    TxMailbox                                0x20000024   Data           4  can.o(.data)
    .data                                    0x20000028   Section        4  system_stm32f4xx.o(.data)
    .data                                    0x2000002c   Section       12  stm32f4xx_hal.o(.data)
    .data                                    0x20000038   Section        4  bsp_bluetooth.o(.data)
    RxIndex                                  0x2000003a   Data           1  bsp_bluetooth.o(.data)
    RxState                                  0x2000003b   Data           1  bsp_bluetooth.o(.data)
    .data                                    0x2000003c   Section        6  servo.o(.data)
    s_servo_cfg                              0x2000003c   Data           6  servo.o(.data)
    .data                                    0x20000042   Section       13  k230_cmd.o(.data)
    recv_state                               0x20000042   Data           1  k230_cmd.o(.data)
    category_buf                             0x20000043   Data           6  k230_cmd.o(.data)
    category_idx                             0x20000049   Data           1  k230_cmd.o(.data)
    x_high                                   0x2000004a   Data           1  k230_cmd.o(.data)
    x_low                                    0x2000004b   Data           1  k230_cmd.o(.data)
    y_high                                   0x2000004c   Data           1  k230_cmd.o(.data)
    y_low                                    0x2000004d   Data           1  k230_cmd.o(.data)
    uart4_rx_byte                            0x2000004e   Data           1  k230_cmd.o(.data)
    .data                                    0x20000050   Section       13  mid_button.o(.data)
    btn_head                                 0x20000050   Data           4  mid_button.o(.data)
    trg                                      0x20000054   Data           2  mid_button.o(.data)
    cont                                     0x20000056   Data           2  mid_button.o(.data)
    keydata                                  0x20000058   Data           2  mid_button.o(.data)
    key_rst_data                             0x2000005a   Data           2  mid_button.o(.data)
    button_cnt                               0x2000005c   Data           1  mid_button.o(.data)
    .data                                    0x20000060   Section        4  stdout.o(.data)
    .bss                                     0x20000064   Section     1280  main.o(.bss)
    .bss                                     0x20000564   Section       72  adc.o(.bss)
    .bss                                     0x200005ac   Section      160  can.o(.bss)
    .bss                                     0x2000064c   Section       96  dma.o(.bss)
    .bss                                     0x200006ac   Section       72  tim.o(.bss)
    .bss                                     0x200006f4   Section      736  usart.o(.bss)
    .bss                                     0x200009d4   Section     1024  oled.o(.bss)
    .bss                                     0x20000dd4   Section     2260  emm_v5.o(.bss)
    cmd                                      0x200011d4   Data          16  emm_v5.o(.bss)
    cmd                                      0x200011e4   Data          16  emm_v5.o(.bss)
    cmd                                      0x200011f4   Data          16  emm_v5.o(.bss)
    cmd                                      0x20001204   Data          16  emm_v5.o(.bss)
    cmd                                      0x20001214   Data          16  emm_v5.o(.bss)
    cmd                                      0x20001224   Data         512  emm_v5.o(.bss)
    cmd                                      0x20001424   Data          16  emm_v5.o(.bss)
    cmd                                      0x20001434   Data          16  emm_v5.o(.bss)
    cmd                                      0x20001444   Data          16  emm_v5.o(.bss)
    cmd                                      0x20001454   Data          16  emm_v5.o(.bss)
    cmd                                      0x20001464   Data          16  emm_v5.o(.bss)
    cmd                                      0x20001474   Data          16  emm_v5.o(.bss)
    cmd                                      0x20001484   Data          16  emm_v5.o(.bss)
    cmd                                      0x20001494   Data          16  emm_v5.o(.bss)
    cmd                                      0x200014a4   Data          16  emm_v5.o(.bss)
    cmd                                      0x200014b4   Data          32  emm_v5.o(.bss)
    cmd                                      0x200014d4   Data          16  emm_v5.o(.bss)
    cmd                                      0x200014e4   Data          16  emm_v5.o(.bss)
    cmd                                      0x200014f4   Data          16  emm_v5.o(.bss)
    cmd                                      0x20001504   Data          16  emm_v5.o(.bss)
    cmd                                      0x20001514   Data          16  emm_v5.o(.bss)
    cmd                                      0x20001524   Data          16  emm_v5.o(.bss)
    cmd                                      0x20001534   Data          16  emm_v5.o(.bss)
    cmd                                      0x20001544   Data          16  emm_v5.o(.bss)
    cmd                                      0x20001554   Data          16  emm_v5.o(.bss)
    cmd                                      0x20001564   Data          16  emm_v5.o(.bss)
    cmd                                      0x20001574   Data          16  emm_v5.o(.bss)
    cmd                                      0x20001584   Data          16  emm_v5.o(.bss)
    cmd                                      0x20001594   Data          16  emm_v5.o(.bss)
    cmd                                      0x200015a4   Data          16  emm_v5.o(.bss)
    cmd                                      0x200015b4   Data          16  emm_v5.o(.bss)
    cmd                                      0x200015c4   Data          20  emm_v5.o(.bss)
    cmd                                      0x200015d8   Data          16  emm_v5.o(.bss)
    cmd                                      0x200015e8   Data          32  emm_v5.o(.bss)
    cmd                                      0x20001608   Data          16  emm_v5.o(.bss)
    cmd                                      0x20001618   Data          16  emm_v5.o(.bss)
    cmd                                      0x20001628   Data          16  emm_v5.o(.bss)
    cmd                                      0x20001638   Data          16  emm_v5.o(.bss)
    cmd                                      0x20001648   Data          16  emm_v5.o(.bss)
    cmd                                      0x20001658   Data          16  emm_v5.o(.bss)
    cmd                                      0x20001668   Data          16  emm_v5.o(.bss)
    cmd                                      0x20001678   Data          16  emm_v5.o(.bss)
    cmd                                      0x20001688   Data          16  emm_v5.o(.bss)
    cmd                                      0x20001698   Data          16  emm_v5.o(.bss)
    .bss                                     0x200016a8   Section      150  bsp_bluetooth.o(.bss)
    .bss                                     0x2000173e   Section       14  k230_cmd.o(.bss)
    .bss                                     0x2000174c   Section      112  mid_button.o(.bss)
    user_button                              0x2000174c   Data         112  mid_button.o(.bss)
    .bss                                     0x200017bc   Section      124  conveyor_belt.o(.bss)
    .bss                                     0x20001838   Section       16  hx711.o(.bss)
    .bss                                     0x20001848   Section       76  app_conveyor.o(.bss)
    appCtrl                                  0x20001848   Data          76  app_conveyor.o(.bss)
    STACK                                    0x20001898   Section     2048  startup_stm32f407xx.o(STACK)

    Global Symbols

    Symbol Name                              Value     Ov Type        Size  Object(Section)

    BuildAttributes$$THM_ISAv4$E$P$D$K$B$S$7EM$VFPi3$EXTD16$VFPS$VFMA$PE$A:L22UL41UL21$X:L11$S22US41US21$IEEE1$IW$USESV6$~STKCKD$USESV7$~SHL$OTIME$ROPI$IEEEX$EBA8$MICROLIB$REQ8$PRES8$EABIv2 0x00000000   Number         0  anon$$obj.o ABSOLUTE
    __ARM_use_no_argv                        0x00000000   Number         0  main.o ABSOLUTE
    _printf_a                                0x00000000   Number         0  stubs.o ABSOLUTE
    _printf_c                                0x00000000   Number         0  stubs.o ABSOLUTE
    _printf_charcount                        0x00000000   Number         0  stubs.o ABSOLUTE
    _printf_d                                0x00000000   Number         0  stubs.o ABSOLUTE
    _printf_e                                0x00000000   Number         0  stubs.o ABSOLUTE
    _printf_f                                0x00000000   Number         0  stubs.o ABSOLUTE
    _printf_flags                            0x00000000   Number         0  stubs.o ABSOLUTE
    _printf_fp_dec                           0x00000000   Number         0  stubs.o ABSOLUTE
    _printf_fp_hex                           0x00000000   Number         0  stubs.o ABSOLUTE
    _printf_g                                0x00000000   Number         0  stubs.o ABSOLUTE
    _printf_i                                0x00000000   Number         0  stubs.o ABSOLUTE
    _printf_int_dec                          0x00000000   Number         0  stubs.o ABSOLUTE
    _printf_l                                0x00000000   Number         0  stubs.o ABSOLUTE
    _printf_lc                               0x00000000   Number         0  stubs.o ABSOLUTE
    _printf_ll                               0x00000000   Number         0  stubs.o ABSOLUTE
    _printf_lld                              0x00000000   Number         0  stubs.o ABSOLUTE
    _printf_lli                              0x00000000   Number         0  stubs.o ABSOLUTE
    _printf_llo                              0x00000000   Number         0  stubs.o ABSOLUTE
    _printf_llu                              0x00000000   Number         0  stubs.o ABSOLUTE
    _printf_llx                              0x00000000   Number         0  stubs.o ABSOLUTE
    _printf_longlong_dec                     0x00000000   Number         0  stubs.o ABSOLUTE
    _printf_longlong_hex                     0x00000000   Number         0  stubs.o ABSOLUTE
    _printf_longlong_oct                     0x00000000   Number         0  stubs.o ABSOLUTE
    _printf_ls                               0x00000000   Number         0  stubs.o ABSOLUTE
    _printf_mbtowc                           0x00000000   Number         0  stubs.o ABSOLUTE
    _printf_n                                0x00000000   Number         0  stubs.o ABSOLUTE
    _printf_o                                0x00000000   Number         0  stubs.o ABSOLUTE
    _printf_p                                0x00000000   Number         0  stubs.o ABSOLUTE
    _printf_percent                          0x00000000   Number         0  stubs.o ABSOLUTE
    _printf_pre_padding                      0x00000000   Number         0  stubs.o ABSOLUTE
    _printf_return_value                     0x00000000   Number         0  stubs.o ABSOLUTE
    _printf_s                                0x00000000   Number         0  stubs.o ABSOLUTE
    _printf_sizespec                         0x00000000   Number         0  stubs.o ABSOLUTE
    _printf_str                              0x00000000   Number         0  stubs.o ABSOLUTE
    _printf_truncate_signed                  0x00000000   Number         0  stubs.o ABSOLUTE
    _printf_truncate_unsigned                0x00000000   Number         0  stubs.o ABSOLUTE
    _printf_u                                0x00000000   Number         0  stubs.o ABSOLUTE
    _printf_wc                               0x00000000   Number         0  stubs.o ABSOLUTE
    _printf_wctomb                           0x00000000   Number         0  stubs.o ABSOLUTE
    _printf_widthprec                        0x00000000   Number         0  stubs.o ABSOLUTE
    _printf_x                                0x00000000   Number         0  stubs.o ABSOLUTE
    __arm_fini_                               - Undefined Weak Reference
    __cpp_initialize__aeabi_                  - Undefined Weak Reference
    __cxa_finalize                            - Undefined Weak Reference
    __decompress                              - Undefined Weak Reference
    _clock_init                               - Undefined Weak Reference
    _microlib_exit                            - Undefined Weak Reference
    __Vectors_Size                           0x00000188   Number         0  startup_stm32f407xx.o ABSOLUTE
    __Vectors                                0x08000000   Data           4  startup_stm32f407xx.o(RESET)
    __Vectors_End                            0x08000188   Data           0  startup_stm32f407xx.o(RESET)
    __main                                   0x08000189   Thumb Code     0  entry.o(.ARM.Collect$$$$00000000)
    _main_stk                                0x08000189   Thumb Code     0  entry2.o(.ARM.Collect$$$$00000001)
    _main_scatterload                        0x0800018d   Thumb Code     0  entry5.o(.ARM.Collect$$$$00000004)
    __main_after_scatterload                 0x08000191   Thumb Code     0  entry5.o(.ARM.Collect$$$$00000004)
    _main_clock                              0x08000191   Thumb Code     0  entry7b.o(.ARM.Collect$$$$00000008)
    _main_cpp_init                           0x08000191   Thumb Code     0  entry8b.o(.ARM.Collect$$$$0000000A)
    _main_init                               0x08000191   Thumb Code     0  entry9a.o(.ARM.Collect$$$$0000000B)
    __rt_lib_shutdown_fini                   0x08000199   Thumb Code     0  entry12b.o(.ARM.Collect$$$$0000000E)
    __rt_final_cpp                           0x0800019d   Thumb Code     0  entry10a.o(.ARM.Collect$$$$0000000F)
    __rt_final_exit                          0x0800019d   Thumb Code     0  entry11a.o(.ARM.Collect$$$$00000011)
    Reset_Handler                            0x080001a1   Thumb Code     8  startup_stm32f407xx.o(.text)
    ADC_IRQHandler                           0x080001bb   Thumb Code     0  startup_stm32f407xx.o(.text)
    CAN1_RX1_IRQHandler                      0x080001bb   Thumb Code     0  startup_stm32f407xx.o(.text)
    CAN1_SCE_IRQHandler                      0x080001bb   Thumb Code     0  startup_stm32f407xx.o(.text)
    CAN1_TX_IRQHandler                       0x080001bb   Thumb Code     0  startup_stm32f407xx.o(.text)
    CAN2_RX0_IRQHandler                      0x080001bb   Thumb Code     0  startup_stm32f407xx.o(.text)
    CAN2_RX1_IRQHandler                      0x080001bb   Thumb Code     0  startup_stm32f407xx.o(.text)
    CAN2_SCE_IRQHandler                      0x080001bb   Thumb Code     0  startup_stm32f407xx.o(.text)
    CAN2_TX_IRQHandler                       0x080001bb   Thumb Code     0  startup_stm32f407xx.o(.text)
    DCMI_IRQHandler                          0x080001bb   Thumb Code     0  startup_stm32f407xx.o(.text)
    DMA1_Stream0_IRQHandler                  0x080001bb   Thumb Code     0  startup_stm32f407xx.o(.text)
    DMA1_Stream1_IRQHandler                  0x080001bb   Thumb Code     0  startup_stm32f407xx.o(.text)
    DMA1_Stream2_IRQHandler                  0x080001bb   Thumb Code     0  startup_stm32f407xx.o(.text)
    DMA1_Stream3_IRQHandler                  0x080001bb   Thumb Code     0  startup_stm32f407xx.o(.text)
    DMA1_Stream4_IRQHandler                  0x080001bb   Thumb Code     0  startup_stm32f407xx.o(.text)
    DMA1_Stream5_IRQHandler                  0x080001bb   Thumb Code     0  startup_stm32f407xx.o(.text)
    DMA1_Stream6_IRQHandler                  0x080001bb   Thumb Code     0  startup_stm32f407xx.o(.text)
    DMA1_Stream7_IRQHandler                  0x080001bb   Thumb Code     0  startup_stm32f407xx.o(.text)
    DMA2_Stream0_IRQHandler                  0x080001bb   Thumb Code     0  startup_stm32f407xx.o(.text)
    DMA2_Stream3_IRQHandler                  0x080001bb   Thumb Code     0  startup_stm32f407xx.o(.text)
    DMA2_Stream4_IRQHandler                  0x080001bb   Thumb Code     0  startup_stm32f407xx.o(.text)
    DMA2_Stream5_IRQHandler                  0x080001bb   Thumb Code     0  startup_stm32f407xx.o(.text)
    DMA2_Stream7_IRQHandler                  0x080001bb   Thumb Code     0  startup_stm32f407xx.o(.text)
    ETH_IRQHandler                           0x080001bb   Thumb Code     0  startup_stm32f407xx.o(.text)
    ETH_WKUP_IRQHandler                      0x080001bb   Thumb Code     0  startup_stm32f407xx.o(.text)
    EXTI0_IRQHandler                         0x080001bb   Thumb Code     0  startup_stm32f407xx.o(.text)
    EXTI15_10_IRQHandler                     0x080001bb   Thumb Code     0  startup_stm32f407xx.o(.text)
    EXTI1_IRQHandler                         0x080001bb   Thumb Code     0  startup_stm32f407xx.o(.text)
    EXTI2_IRQHandler                         0x080001bb   Thumb Code     0  startup_stm32f407xx.o(.text)
    EXTI3_IRQHandler                         0x080001bb   Thumb Code     0  startup_stm32f407xx.o(.text)
    EXTI4_IRQHandler                         0x080001bb   Thumb Code     0  startup_stm32f407xx.o(.text)
    EXTI9_5_IRQHandler                       0x080001bb   Thumb Code     0  startup_stm32f407xx.o(.text)
    FLASH_IRQHandler                         0x080001bb   Thumb Code     0  startup_stm32f407xx.o(.text)
    FMC_IRQHandler                           0x080001bb   Thumb Code     0  startup_stm32f407xx.o(.text)
    FPU_IRQHandler                           0x080001bb   Thumb Code     0  startup_stm32f407xx.o(.text)
    HASH_RNG_IRQHandler                      0x080001bb   Thumb Code     0  startup_stm32f407xx.o(.text)
    I2C1_ER_IRQHandler                       0x080001bb   Thumb Code     0  startup_stm32f407xx.o(.text)
    I2C1_EV_IRQHandler                       0x080001bb   Thumb Code     0  startup_stm32f407xx.o(.text)
    I2C2_ER_IRQHandler                       0x080001bb   Thumb Code     0  startup_stm32f407xx.o(.text)
    I2C2_EV_IRQHandler                       0x080001bb   Thumb Code     0  startup_stm32f407xx.o(.text)
    I2C3_ER_IRQHandler                       0x080001bb   Thumb Code     0  startup_stm32f407xx.o(.text)
    I2C3_EV_IRQHandler                       0x080001bb   Thumb Code     0  startup_stm32f407xx.o(.text)
    OTG_FS_IRQHandler                        0x080001bb   Thumb Code     0  startup_stm32f407xx.o(.text)
    OTG_FS_WKUP_IRQHandler                   0x080001bb   Thumb Code     0  startup_stm32f407xx.o(.text)
    OTG_HS_EP1_IN_IRQHandler                 0x080001bb   Thumb Code     0  startup_stm32f407xx.o(.text)
    OTG_HS_EP1_OUT_IRQHandler                0x080001bb   Thumb Code     0  startup_stm32f407xx.o(.text)
    OTG_HS_IRQHandler                        0x080001bb   Thumb Code     0  startup_stm32f407xx.o(.text)
    OTG_HS_WKUP_IRQHandler                   0x080001bb   Thumb Code     0  startup_stm32f407xx.o(.text)
    PVD_IRQHandler                           0x080001bb   Thumb Code     0  startup_stm32f407xx.o(.text)
    RCC_IRQHandler                           0x080001bb   Thumb Code     0  startup_stm32f407xx.o(.text)
    RTC_Alarm_IRQHandler                     0x080001bb   Thumb Code     0  startup_stm32f407xx.o(.text)
    RTC_WKUP_IRQHandler                      0x080001bb   Thumb Code     0  startup_stm32f407xx.o(.text)
    SDIO_IRQHandler                          0x080001bb   Thumb Code     0  startup_stm32f407xx.o(.text)
    SPI1_IRQHandler                          0x080001bb   Thumb Code     0  startup_stm32f407xx.o(.text)
    SPI2_IRQHandler                          0x080001bb   Thumb Code     0  startup_stm32f407xx.o(.text)
    SPI3_IRQHandler                          0x080001bb   Thumb Code     0  startup_stm32f407xx.o(.text)
    TAMP_STAMP_IRQHandler                    0x080001bb   Thumb Code     0  startup_stm32f407xx.o(.text)
    TIM1_BRK_TIM9_IRQHandler                 0x080001bb   Thumb Code     0  startup_stm32f407xx.o(.text)
    TIM1_CC_IRQHandler                       0x080001bb   Thumb Code     0  startup_stm32f407xx.o(.text)
    TIM1_TRG_COM_TIM11_IRQHandler            0x080001bb   Thumb Code     0  startup_stm32f407xx.o(.text)
    TIM1_UP_TIM10_IRQHandler                 0x080001bb   Thumb Code     0  startup_stm32f407xx.o(.text)
    TIM2_IRQHandler                          0x080001bb   Thumb Code     0  startup_stm32f407xx.o(.text)
    TIM3_IRQHandler                          0x080001bb   Thumb Code     0  startup_stm32f407xx.o(.text)
    TIM4_IRQHandler                          0x080001bb   Thumb Code     0  startup_stm32f407xx.o(.text)
    TIM5_IRQHandler                          0x080001bb   Thumb Code     0  startup_stm32f407xx.o(.text)
    TIM6_DAC_IRQHandler                      0x080001bb   Thumb Code     0  startup_stm32f407xx.o(.text)
    TIM7_IRQHandler                          0x080001bb   Thumb Code     0  startup_stm32f407xx.o(.text)
    TIM8_BRK_TIM12_IRQHandler                0x080001bb   Thumb Code     0  startup_stm32f407xx.o(.text)
    TIM8_CC_IRQHandler                       0x080001bb   Thumb Code     0  startup_stm32f407xx.o(.text)
    TIM8_TRG_COM_TIM14_IRQHandler            0x080001bb   Thumb Code     0  startup_stm32f407xx.o(.text)
    TIM8_UP_TIM13_IRQHandler                 0x080001bb   Thumb Code     0  startup_stm32f407xx.o(.text)
    UART5_IRQHandler                         0x080001bb   Thumb Code     0  startup_stm32f407xx.o(.text)
    USART3_IRQHandler                        0x080001bb   Thumb Code     0  startup_stm32f407xx.o(.text)
    WWDG_IRQHandler                          0x080001bb   Thumb Code     0  startup_stm32f407xx.o(.text)
    __aeabi_uldivmod                         0x080001c5   Thumb Code    98  uldiv.o(.text)
    __aeabi_memset                           0x08000227   Thumb Code    14  memseta.o(.text)
    __aeabi_memset4                          0x08000227   Thumb Code     0  memseta.o(.text)
    __aeabi_memset8                          0x08000227   Thumb Code     0  memseta.o(.text)
    __aeabi_memclr                           0x08000235   Thumb Code     4  memseta.o(.text)
    __aeabi_memclr4                          0x08000235   Thumb Code     0  memseta.o(.text)
    __aeabi_memclr8                          0x08000235   Thumb Code     0  memseta.o(.text)
    _memset$wrapper                          0x08000239   Thumb Code    18  memseta.o(.text)
    strlen                                   0x0800024b   Thumb Code    14  strlen.o(.text)
    strcmp                                   0x08000259   Thumb Code    28  strcmp.o(.text)
    strncmp                                  0x08000275   Thumb Code    30  strncmp.o(.text)
    __aeabi_dadd                             0x08000293   Thumb Code   322  dadd.o(.text)
    __aeabi_dsub                             0x080003d5   Thumb Code     6  dadd.o(.text)
    __aeabi_drsub                            0x080003db   Thumb Code     6  dadd.o(.text)
    __aeabi_dmul                             0x080003e1   Thumb Code   228  dmul.o(.text)
    __aeabi_ddiv                             0x080004c5   Thumb Code   222  ddiv.o(.text)
    __aeabi_f2d                              0x080005a3   Thumb Code    38  f2d.o(.text)
    __aeabi_cdrcmple                         0x080005c9   Thumb Code    48  cdrcmple.o(.text)
    __aeabi_uidiv                            0x080005f9   Thumb Code     0  uidiv.o(.text)
    __aeabi_uidivmod                         0x080005f9   Thumb Code    44  uidiv.o(.text)
    __aeabi_llsl                             0x08000625   Thumb Code    30  llshl.o(.text)
    _ll_shift_l                              0x08000625   Thumb Code     0  llshl.o(.text)
    __aeabi_llsr                             0x08000643   Thumb Code    32  llushr.o(.text)
    _ll_ushift_r                             0x08000643   Thumb Code     0  llushr.o(.text)
    __aeabi_lasr                             0x08000663   Thumb Code    36  llsshr.o(.text)
    _ll_sshift_r                             0x08000663   Thumb Code     0  llsshr.o(.text)
    __I$use$fp                               0x08000687   Thumb Code     0  iusefp.o(.text)
    _double_round                            0x08000687   Thumb Code    30  depilogue.o(.text)
    _double_epilogue                         0x080006a5   Thumb Code   156  depilogue.o(.text)
    __aeabi_d2ulz                            0x08000741   Thumb Code    48  dfixul.o(.text)
    __scatterload                            0x08000771   Thumb Code    28  init.o(.text)
    __scatterload_rt2                        0x08000771   Thumb Code     0  init.o(.text)
    App_Conwashing_Init                      0x080008c5   Thumb Code   126  app_conveyor.o(i.App_Conwashing_Init)
    App_Conwashing_Task                      0x08000943   Thumb Code   126  app_conveyor.o(i.App_Conwashing_Task)
    App_Get_CurrentMode                      0x080009c1   Thumb Code    12  app_conveyor.o(i.App_Get_CurrentMode)
    App_Send_Cmd_Emergency                   0x080009cd   Thumb Code    20  app_conveyor.o(i.App_Send_Cmd_Emergency)
    App_Send_Cmd_Resume                      0x080009e1   Thumb Code    58  app_conveyor.o(i.App_Send_Cmd_Resume)
    App_Send_Cmd_StartAuto                   0x08000a1b   Thumb Code    32  app_conveyor.o(i.App_Send_Cmd_StartAuto)
    App_Send_Cmd_Stop                        0x08000a3b   Thumb Code    76  app_conveyor.o(i.App_Send_Cmd_Stop)
    Bluetooth_Init                           0x08000a87   Thumb Code    26  bsp_bluetooth.o(i.Bluetooth_Init)
    Bluetooth_Printf                         0x08000aa1   Thumb Code    36  bsp_bluetooth.o(i.Bluetooth_Printf)
    Bluetooth_SendString                     0x08000ac5   Thumb Code    34  bsp_bluetooth.o(i.Bluetooth_SendString)
    BusFault_Handler                         0x08000ae7   Thumb Code     4  stm32f4xx_it.o(i.BusFault_Handler)
    CAN1_RX0_IRQHandler                      0x08000aeb   Thumb Code    16  stm32f4xx_it.o(i.CAN1_RX0_IRQHandler)
    DMA2_Stream1_IRQHandler                  0x08000afb   Thumb Code    16  stm32f4xx_it.o(i.DMA2_Stream1_IRQHandler)
    DMA2_Stream2_IRQHandler                  0x08000b0b   Thumb Code    16  stm32f4xx_it.o(i.DMA2_Stream2_IRQHandler)
    DMA2_Stream6_IRQHandler                  0x08000b1b   Thumb Code    16  stm32f4xx_it.o(i.DMA2_Stream6_IRQHandler)
    DebugMon_Handler                         0x08000c19   Thumb Code     2  stm32f4xx_it.o(i.DebugMon_Handler)
    Debug_Init                               0x08000c1b   Thumb Code    96  debug.o(i.Debug_Init)
    EmergencyStopAll                         0x08000c7b   Thumb Code    86  conveyor_belt.o(i.EmergencyStopAll)
    Emm_V5_En_Control                        0x08000cd1   Thumb Code    60  emm_v5.o(i.Emm_V5_En_Control)
    Emm_V5_Modify_Ctrl_Mode                  0x08000d0d   Thumb Code    60  emm_v5.o(i.Emm_V5_Modify_Ctrl_Mode)
    Emm_V5_Reset_Clog_Pro                    0x08000d49   Thumb Code    50  emm_v5.o(i.Emm_V5_Reset_Clog_Pro)
    Emm_V5_Reset_CurPos_To_Zero              0x08000d7b   Thumb Code    50  emm_v5.o(i.Emm_V5_Reset_CurPos_To_Zero)
    Emm_V5_Stop_Now                          0x08000dad   Thumb Code    56  emm_v5.o(i.Emm_V5_Stop_Now)
    Emm_V5_Synchronous_motion                0x08000de5   Thumb Code    50  emm_v5.o(i.Emm_V5_Synchronous_motion)
    Emm_V5_Vel_Control                       0x08000e17   Thumb Code    78  emm_v5.o(i.Emm_V5_Vel_Control)
    Error_Handler                            0x08000e65   Thumb Code     4  main.o(i.Error_Handler)
    GetConveyorBeltByLayer                   0x08000e69   Thumb Code    50  conveyor_belt.o(i.GetConveyorBeltByLayer)
    Get_Maopi                                0x08000e9b   Thumb Code    18  hx711.o(i.Get_Maopi)
    Get_Weight                               0x08000ead   Thumb Code   144  hx711.o(i.Get_Weight)
    HAL_ADC_ConfigChannel                    0x08000f3d   Thumb Code   380  stm32f4xx_hal_adc.o(i.HAL_ADC_ConfigChannel)
    HAL_ADC_Init                             0x080010b9   Thumb Code    86  stm32f4xx_hal_adc.o(i.HAL_ADC_Init)
    HAL_ADC_MspInit                          0x0800110f   Thumb Code   144  adc.o(i.HAL_ADC_MspInit)
    HAL_CAN_ActivateNotification             0x0800119f   Thumb Code    36  stm32f4xx_hal_can.o(i.HAL_CAN_ActivateNotification)
    HAL_CAN_AddTxMessage                     0x080011c3   Thumb Code   240  stm32f4xx_hal_can.o(i.HAL_CAN_AddTxMessage)
    HAL_CAN_ConfigFilter                     0x080012b3   Thumb Code   296  stm32f4xx_hal_can.o(i.HAL_CAN_ConfigFilter)
    HAL_CAN_ErrorCallback                    0x080013db   Thumb Code     2  stm32f4xx_hal_can.o(i.HAL_CAN_ErrorCallback)
    HAL_CAN_GetRxFifoFillLevel               0x080013dd   Thumb Code    38  stm32f4xx_hal_can.o(i.HAL_CAN_GetRxFifoFillLevel)
    HAL_CAN_GetRxMessage                     0x08001403   Thumb Code   372  stm32f4xx_hal_can.o(i.HAL_CAN_GetRxMessage)
    HAL_CAN_IRQHandler                       0x08001577   Thumb Code   564  stm32f4xx_hal_can.o(i.HAL_CAN_IRQHandler)
    HAL_CAN_Init                             0x080017ab   Thumb Code   360  stm32f4xx_hal_can.o(i.HAL_CAN_Init)
    HAL_CAN_MspInit                          0x08001913   Thumb Code   172  can.o(i.HAL_CAN_MspInit)
    HAL_CAN_RxFifo0FullCallback              0x080019bf   Thumb Code     2  stm32f4xx_hal_can.o(i.HAL_CAN_RxFifo0FullCallback)
    HAL_CAN_RxFifo0MsgPendingCallback        0x080019c1   Thumb Code    80  can.o(i.HAL_CAN_RxFifo0MsgPendingCallback)
    HAL_CAN_RxFifo1FullCallback              0x08001a11   Thumb Code     2  stm32f4xx_hal_can.o(i.HAL_CAN_RxFifo1FullCallback)
    HAL_CAN_RxFifo1MsgPendingCallback        0x08001a13   Thumb Code     2  stm32f4xx_hal_can.o(i.HAL_CAN_RxFifo1MsgPendingCallback)
    HAL_CAN_SleepCallback                    0x08001a15   Thumb Code     2  stm32f4xx_hal_can.o(i.HAL_CAN_SleepCallback)
    HAL_CAN_Start                            0x08001a17   Thumb Code   100  stm32f4xx_hal_can.o(i.HAL_CAN_Start)
    HAL_CAN_TxMailbox0AbortCallback          0x08001a7b   Thumb Code     2  stm32f4xx_hal_can.o(i.HAL_CAN_TxMailbox0AbortCallback)
    HAL_CAN_TxMailbox0CompleteCallback       0x08001a7d   Thumb Code     2  stm32f4xx_hal_can.o(i.HAL_CAN_TxMailbox0CompleteCallback)
    HAL_CAN_TxMailbox1AbortCallback          0x08001a7f   Thumb Code     2  stm32f4xx_hal_can.o(i.HAL_CAN_TxMailbox1AbortCallback)
    HAL_CAN_TxMailbox1CompleteCallback       0x08001a81   Thumb Code     2  stm32f4xx_hal_can.o(i.HAL_CAN_TxMailbox1CompleteCallback)
    HAL_CAN_TxMailbox2AbortCallback          0x08001a83   Thumb Code     2  stm32f4xx_hal_can.o(i.HAL_CAN_TxMailbox2AbortCallback)
    HAL_CAN_TxMailbox2CompleteCallback       0x08001a85   Thumb Code     2  stm32f4xx_hal_can.o(i.HAL_CAN_TxMailbox2CompleteCallback)
    HAL_CAN_WakeUpFromRxMsgCallback          0x08001a87   Thumb Code     2  stm32f4xx_hal_can.o(i.HAL_CAN_WakeUpFromRxMsgCallback)
    HAL_DMA_Abort                            0x08001a89   Thumb Code   162  stm32f4xx_hal_dma.o(i.HAL_DMA_Abort)
    HAL_DMA_Abort_IT                         0x08001b2b   Thumb Code    36  stm32f4xx_hal_dma.o(i.HAL_DMA_Abort_IT)
    HAL_DMA_IRQHandler                       0x08001b4f   Thumb Code   494  stm32f4xx_hal_dma.o(i.HAL_DMA_IRQHandler)
    HAL_DMA_Init                             0x08001d3d   Thumb Code   236  stm32f4xx_hal_dma.o(i.HAL_DMA_Init)
    HAL_DMA_Start_IT                         0x08001e29   Thumb Code   112  stm32f4xx_hal_dma.o(i.HAL_DMA_Start_IT)
    HAL_Delay                                0x08001e99   Thumb Code    40  stm32f4xx_hal.o(i.HAL_Delay)
    HAL_GPIO_Init                            0x08001ec1   Thumb Code   558  stm32f4xx_hal_gpio.o(i.HAL_GPIO_Init)
    HAL_GPIO_ReadPin                         0x080020ef   Thumb Code    14  stm32f4xx_hal_gpio.o(i.HAL_GPIO_ReadPin)
    HAL_GPIO_WritePin                        0x080020fd   Thumb Code    14  stm32f4xx_hal_gpio.o(i.HAL_GPIO_WritePin)
    HAL_GetTick                              0x0800210b   Thumb Code    12  stm32f4xx_hal.o(i.HAL_GetTick)
    HAL_IncTick                              0x08002117   Thumb Code    18  stm32f4xx_hal.o(i.HAL_IncTick)
    HAL_Init                                 0x08002129   Thumb Code    54  stm32f4xx_hal.o(i.HAL_Init)
    HAL_InitTick                             0x0800215f   Thumb Code    70  stm32f4xx_hal.o(i.HAL_InitTick)
    HAL_MspInit                              0x080021a5   Thumb Code    80  stm32f4xx_hal_msp.o(i.HAL_MspInit)
    HAL_NVIC_EnableIRQ                       0x080021f5   Thumb Code    28  stm32f4xx_hal_cortex.o(i.HAL_NVIC_EnableIRQ)
    HAL_NVIC_SetPriority                     0x08002211   Thumb Code   104  stm32f4xx_hal_cortex.o(i.HAL_NVIC_SetPriority)
    HAL_NVIC_SetPriorityGrouping             0x08002279   Thumb Code    36  stm32f4xx_hal_cortex.o(i.HAL_NVIC_SetPriorityGrouping)
    HAL_RCC_ClockConfig                      0x0800229d   Thumb Code   388  stm32f4xx_hal_rcc.o(i.HAL_RCC_ClockConfig)
    HAL_RCC_GetHCLKFreq                      0x08002421   Thumb Code    12  stm32f4xx_hal_rcc.o(i.HAL_RCC_GetHCLKFreq)
    HAL_RCC_GetPCLK1Freq                     0x0800242d   Thumb Code    34  stm32f4xx_hal_rcc.o(i.HAL_RCC_GetPCLK1Freq)
    HAL_RCC_GetPCLK2Freq                     0x0800244f   Thumb Code    34  stm32f4xx_hal_rcc.o(i.HAL_RCC_GetPCLK2Freq)
    HAL_RCC_GetSysClockFreq                  0x08002471   Thumb Code   118  stm32f4xx_hal_rcc.o(i.HAL_RCC_GetSysClockFreq)
    HAL_RCC_OscConfig                        0x080024e7   Thumb Code  1182  stm32f4xx_hal_rcc.o(i.HAL_RCC_OscConfig)
    HAL_SYSTICK_Config                       0x08002985   Thumb Code    42  stm32f4xx_hal_cortex.o(i.HAL_SYSTICK_Config)
    HAL_TIMEx_ConfigBreakDeadTime            0x080029af   Thumb Code   102  stm32f4xx_hal_tim_ex.o(i.HAL_TIMEx_ConfigBreakDeadTime)
    HAL_TIMEx_MasterConfigSynchronization    0x08002a15   Thumb Code   154  stm32f4xx_hal_tim_ex.o(i.HAL_TIMEx_MasterConfigSynchronization)
    HAL_TIM_Base_Init                        0x08002aaf   Thumb Code    92  stm32f4xx_hal_tim.o(i.HAL_TIM_Base_Init)
    HAL_TIM_Base_MspInit                     0x08002b0b   Thumb Code    60  tim.o(i.HAL_TIM_Base_MspInit)
    HAL_TIM_ConfigClockSource                0x08002b47   Thumb Code   234  stm32f4xx_hal_tim.o(i.HAL_TIM_ConfigClockSource)
    HAL_TIM_MspPostInit                      0x08002c31   Thumb Code   110  tim.o(i.HAL_TIM_MspPostInit)
    HAL_TIM_PWM_ConfigChannel                0x08002c9f   Thumb Code   216  stm32f4xx_hal_tim.o(i.HAL_TIM_PWM_ConfigChannel)
    HAL_TIM_PWM_Init                         0x08002d77   Thumb Code    92  stm32f4xx_hal_tim.o(i.HAL_TIM_PWM_Init)
    HAL_TIM_PWM_MspInit                      0x08002dd3   Thumb Code     2  stm32f4xx_hal_tim.o(i.HAL_TIM_PWM_MspInit)
    HAL_UARTEx_RxEventCallback               0x08002dd5   Thumb Code     2  stm32f4xx_hal_uart.o(i.HAL_UARTEx_RxEventCallback)
    HAL_UART_DMAStop                         0x08002dd7   Thumb Code   112  stm32f4xx_hal_uart.o(i.HAL_UART_DMAStop)
    HAL_UART_ErrorCallback                   0x08002e47   Thumb Code     2  stm32f4xx_hal_uart.o(i.HAL_UART_ErrorCallback)
    HAL_UART_IRQHandler                      0x08002e49   Thumb Code   644  stm32f4xx_hal_uart.o(i.HAL_UART_IRQHandler)
    HAL_UART_Init                            0x080030cd   Thumb Code   102  stm32f4xx_hal_uart.o(i.HAL_UART_Init)
    HAL_UART_MspInit                         0x08003133   Thumb Code   808  usart.o(i.HAL_UART_MspInit)
    HAL_UART_Receive_DMA                     0x0800345b   Thumb Code    28  stm32f4xx_hal_uart.o(i.HAL_UART_Receive_DMA)
    HAL_UART_Receive_IT                      0x08003477   Thumb Code    28  stm32f4xx_hal_uart.o(i.HAL_UART_Receive_IT)
    HAL_UART_RxCpltCallback                  0x08003493   Thumb Code   272  bsp_bluetooth.o(i.HAL_UART_RxCpltCallback)
    HAL_UART_RxHalfCpltCallback              0x080035a3   Thumb Code     2  stm32f4xx_hal_uart.o(i.HAL_UART_RxHalfCpltCallback)
    HAL_UART_Transmit                        0x080035a5   Thumb Code   184  stm32f4xx_hal_uart.o(i.HAL_UART_Transmit)
    HAL_UART_TxCpltCallback                  0x0800365d   Thumb Code     2  stm32f4xx_hal_uart.o(i.HAL_UART_TxCpltCallback)
    HX711_Init                               0x0800365f   Thumb Code    32  hx711.o(i.HX711_Init)
    HX711_Read                               0x0800367f   Thumb Code   168  hx711.o(i.HX711_Read)
    HardFault_Handler                        0x08003727   Thumb Code     4  stm32f4xx_it.o(i.HardFault_Handler)
    K230_UART4_RxHandler                     0x0800372b   Thumb Code   550  k230_cmd.o(i.K230_UART4_RxHandler)
    Key_Init                                 0x08003951   Thumb Code     8  bsp_key.o(i.Key_Init)
    Lower_Layer_Close                        0x08003959   Thumb Code    20  servo_ctrl.o(i.Lower_Layer_Close)
    Lower_Layer_Open                         0x0800396d   Thumb Code    20  servo_ctrl.o(i.Lower_Layer_Open)
    MX_ADC1_Init                             0x08003981   Thumb Code   128  adc.o(i.MX_ADC1_Init)
    MX_CAN1_Init                             0x08003a01   Thumb Code    76  can.o(i.MX_CAN1_Init)
    MX_DMA_Init                              0x08003a4d   Thumb Code   172  dma.o(i.MX_DMA_Init)
    MX_GPIO_Init                             0x08003af9   Thumb Code   350  gpio.o(i.MX_GPIO_Init)
    MX_TIM1_Init                             0x08003c57   Thumb Code   328  tim.o(i.MX_TIM1_Init)
    MX_UART4_Init                            0x08003d9f   Thumb Code    64  usart.o(i.MX_UART4_Init)
    MX_USART1_UART_Init                      0x08003ddf   Thumb Code    64  usart.o(i.MX_USART1_UART_Init)
    MX_USART2_UART_Init                      0x08003e1f   Thumb Code    64  usart.o(i.MX_USART2_UART_Init)
    MX_USART6_UART_Init                      0x08003e5f   Thumb Code    64  usart.o(i.MX_USART6_UART_Init)
    MemManage_Handler                        0x08003e9f   Thumb Code     4  stm32f4xx_it.o(i.MemManage_Handler)
    Middle_Layer_Close                       0x08003ea3   Thumb Code    20  servo_ctrl.o(i.Middle_Layer_Close)
    Middle_Layer_Open                        0x08003eb7   Thumb Code    20  servo_ctrl.o(i.Middle_Layer_Open)
    NMI_Handler                              0x08003ecb   Thumb Code     2  stm32f4xx_it.o(i.NMI_Handler)
    OLED_Clear                               0x08003ecd   Thumb Code    42  oled.o(i.OLED_Clear)
    OLED_ClearArea                           0x08003ef7   Thumb Code   148  oled.o(i.OLED_ClearArea)
    OLED_GPIO_Init                           0x08003f8b   Thumb Code    44  oled.o(i.OLED_GPIO_Init)
    OLED_I2C_SendByte                        0x08003fb7   Thumb Code    74  oled.o(i.OLED_I2C_SendByte)
    OLED_I2C_Start                           0x08004001   Thumb Code    46  oled.o(i.OLED_I2C_Start)
    OLED_I2C_Stop                            0x0800402f   Thumb Code    34  oled.o(i.OLED_I2C_Stop)
    OLED_Init                                0x08004051   Thumb Code   154  oled.o(i.OLED_Init)
    OLED_Pow                                 0x080040eb   Thumb Code    20  oled.o(i.OLED_Pow)
    OLED_SetCursor                           0x080040ff   Thumb Code    34  oled.o(i.OLED_SetCursor)
    OLED_ShowChar                            0x08004121   Thumb Code    86  oled.o(i.OLED_ShowChar)
    OLED_ShowImage                           0x08004177   Thumb Code   272  oled.o(i.OLED_ShowImage)
    OLED_ShowNum                             0x08004287   Thumb Code    76  oled.o(i.OLED_ShowNum)
    OLED_ShowString                          0x080042d3   Thumb Code   288  oled.o(i.OLED_ShowString)
    OLED_Update                              0x080043f3   Thumb Code    42  oled.o(i.OLED_Update)
    OLED_W_SCL                               0x0800441d   Thumb Code    24  oled.o(i.OLED_W_SCL)
    OLED_W_SDA                               0x08004435   Thumb Code    24  oled.o(i.OLED_W_SDA)
    OLED_WriteCommand                        0x0800444d   Thumb Code    32  oled.o(i.OLED_WriteCommand)
    OLED_WriteData                           0x0800446d   Thumb Code    46  oled.o(i.OLED_WriteData)
    PendSV_Handler                           0x0800449b   Thumb Code     2  stm32f4xx_it.o(i.PendSV_Handler)
    Process_Bluetooth_Command                0x0800449d   Thumb Code   620  app_bluetooth_task.o(i.Process_Bluetooth_Command)
    Relay_Init                               0x08004709   Thumb Code    32  bsp_relay.o(i.Relay_Init)
    ResetEmergencyStop                       0x08004729   Thumb Code    46  conveyor_belt.o(i.ResetEmergencyStop)
    SVC_Handler                              0x08004c51   Thumb Code     2  stm32f4xx_it.o(i.SVC_Handler)
    Servo_Action                             0x08004c53   Thumb Code    28  servo_ctrl.o(i.Servo_Action)
    Servo_SetAngleInt                        0x08004c6f   Thumb Code    74  servo.o(i.Servo_SetAngleInt)
    Servo_SetPulse                           0x08004cb9   Thumb Code   110  servo.o(i.Servo_SetPulse)
    Set_Relay_Switch                         0x08004d27   Thumb Code    66  bsp_relay.o(i.Set_Relay_Switch)
    StartConveyorBelt                        0x08004d69   Thumb Code   208  conveyor_belt.o(i.StartConveyorBelt)
    StartPackConveyor                        0x08004e39   Thumb Code   140  conveyor_belt.o(i.StartPackConveyor)
    StartWrapMotor                           0x08004ec5   Thumb Code   140  conveyor_belt.o(i.StartWrapMotor)
    StopConveyorBelt                         0x08004f51   Thumb Code    58  conveyor_belt.o(i.StopConveyorBelt)
    StopPackConveyor                         0x08004f8b   Thumb Code    42  conveyor_belt.o(i.StopPackConveyor)
    StopWashingSystem                        0x08004fb5   Thumb Code    30  conveyor_belt.o(i.StopWashingSystem)
    StopWrapMotor                            0x08004fd3   Thumb Code    42  conveyor_belt.o(i.StopWrapMotor)
    SysTick_Handler                          0x08004ffd   Thumb Code     8  stm32f4xx_it.o(i.SysTick_Handler)
    SystemClock_Config                       0x08005005   Thumb Code   198  main.o(i.SystemClock_Config)
    SystemInit                               0x080050cb   Thumb Code    40  system_stm32f4xx.o(i.SystemInit)
    TIM_Base_SetConfig                       0x080050f3   Thumb Code   218  stm32f4xx_hal_tim.o(i.TIM_Base_SetConfig)
    TIM_ETR_SetConfig                        0x080051cd   Thumb Code    22  stm32f4xx_hal_tim.o(i.TIM_ETR_SetConfig)
    TIM_OC2_SetConfig                        0x08005265   Thumb Code   122  stm32f4xx_hal_tim.o(i.TIM_OC2_SetConfig)
    UART4_IRQHandler                         0x080053ff   Thumb Code    16  stm32f4xx_it.o(i.UART4_IRQHandler)
    UART_Start_Receive_DMA                   0x08005761   Thumb Code   182  stm32f4xx_hal_uart.o(i.UART_Start_Receive_DMA)
    UART_Start_Receive_IT                    0x08005817   Thumb Code    56  stm32f4xx_hal_uart.o(i.UART_Start_Receive_IT)
    USART1_IRQHandler                        0x0800593b   Thumb Code    16  stm32f4xx_it.o(i.USART1_IRQHandler)
    USART2_IRQHandler                        0x0800594b   Thumb Code    16  stm32f4xx_it.o(i.USART2_IRQHandler)
    USART6_DMAHandler                        0x0800595b   Thumb Code   214  main.o(i.USART6_DMAHandler)
    USART6_IRQHandler                        0x08005a31   Thumb Code    20  stm32f4xx_it.o(i.USART6_IRQHandler)
    USER_CAN1_Filter_Init                    0x08005a45   Thumb Code   126  can.o(i.USER_CAN1_Filter_Init)
    UsageFault_Handler                       0x08005ac3   Thumb Code     4  stm32f4xx_it.o(i.UsageFault_Handler)
    WashingSystem_Init                       0x08005ac7   Thumb Code   324  conveyor_belt.o(i.WashingSystem_Init)
    __0printf                                0x08005c0d   Thumb Code    22  printfa.o(i.__0printf)
    __1printf                                0x08005c0d   Thumb Code     0  printfa.o(i.__0printf)
    __2printf                                0x08005c0d   Thumb Code     0  printfa.o(i.__0printf)
    __c89printf                              0x08005c0d   Thumb Code     0  printfa.o(i.__0printf)
    printf                                   0x08005c0d   Thumb Code     0  printfa.o(i.__0printf)
    __0vsprintf                              0x08005c2d   Thumb Code    30  printfa.o(i.__0vsprintf)
    __1vsprintf                              0x08005c2d   Thumb Code     0  printfa.o(i.__0vsprintf)
    __2vsprintf                              0x08005c2d   Thumb Code     0  printfa.o(i.__0vsprintf)
    __c89vsprintf                            0x08005c2d   Thumb Code     0  printfa.o(i.__0vsprintf)
    vsprintf                                 0x08005c2d   Thumb Code     0  printfa.o(i.__0vsprintf)
    __scatterload_copy                       0x08005c51   Thumb Code    14  handlers.o(i.__scatterload_copy)
    __scatterload_null                       0x08005c5f   Thumb Code     2  handlers.o(i.__scatterload_null)
    __scatterload_zeroinit                   0x08005c61   Thumb Code    14  handlers.o(i.__scatterload_zeroinit)
    bsp_uart4_start_receive                  0x08006505   Thumb Code    30  k230_cmd.o(i.bsp_uart4_start_receive)
    btn_four_cb                              0x08006523   Thumb Code   148  app_key_task.o(i.btn_four_cb)
    btn_one_cb                               0x080065b7   Thumb Code   124  app_key_task.o(i.btn_one_cb)
    btn_three_cb                             0x08006633   Thumb Code   142  app_key_task.o(i.btn_three_cb)
    btn_two_cb                               0x080066c1   Thumb Code   126  app_key_task.o(i.btn_two_cb)
    can_SendCmd                              0x08006777   Thumb Code   352  can.o(i.can_SendCmd)
    delay_us                                 0x0800694b   Thumb Code    24  delay_us.o(i.delay_us)
    flex_button_register                     0x08006cd3   Thumb Code   156  mid_button.o(i.flex_button_register)
    flex_button_scan                         0x08006d6f   Thumb Code    12  mid_button.o(i.flex_button_scan)
    fputc                                    0x08006d7b   Thumb Code    28  debug.o(i.fputc)
    key_scan                                 0x08006de5   Thumb Code   126  bsp_key.o(i.key_scan)
    main                                     0x08006e63   Thumb Code   566  main.o(i.main)
    user_button_init                         0x080070b1   Thumb Code   220  mid_button.o(i.user_button_init)
    AHBPrescTable                            0x0800718c   Data          16  system_stm32f4xx.o(.constdata)
    APBPrescTable                            0x0800719c   Data           8  system_stm32f4xx.o(.constdata)
    OLED_F8x16                               0x080071ac   Data        1520  oled_data.o(.constdata)
    OLED_F6x8                                0x0800779c   Data         570  oled_data.o(.constdata)
    OLED_CF16x16                             0x080079d6   Data        4235  oled_data.o(.constdata)
    Diode                                    0x08008a61   Data          32  oled_data.o(.constdata)
    Region$$Table$$Base                      0x0800901c   Number         0  anon$$obj.o(Region$$Table)
    Region$$Table$$Limit                     0x0800903c   Number         0  anon$$obj.o(Region$$Table)
    flag_JiDianQi                            0x20000000   Data           1  main.o(.data)
    motor_buff_ctrl                          0x20000020   Data           1  main.o(.data)
    motor_process_ctrl                       0x20000021   Data           1  main.o(.data)
    motor_new_data_flag                      0x20000022   Data           1  main.o(.data)
    SystemCoreClock                          0x20000028   Data           4  system_stm32f4xx.o(.data)
    uwTickFreq                               0x2000002c   Data           1  stm32f4xx_hal.o(.data)
    uwTickPrio                               0x20000030   Data           4  stm32f4xx_hal.o(.data)
    uwTick                                   0x20000034   Data           4  stm32f4xx_hal.o(.data)
    BT_RxBuffer                              0x20000038   Data           1  bsp_bluetooth.o(.data)
    BT_RxFlag                                0x20000039   Data           1  bsp_bluetooth.o(.data)
    __stdout                                 0x20000060   Data           4  stdout.o(.data)
    motor_rx_data_t                          0x20000064   Data        1280  main.o(.bss)
    hadc1                                    0x20000564   Data          72  adc.o(.bss)
    can                                      0x200005ac   Data         120  can.o(.bss)
    hcan1                                    0x20000624   Data          40  can.o(.bss)
    hdma_memtomem_dma2_stream1               0x2000064c   Data          96  dma.o(.bss)
    htim1                                    0x200006ac   Data          72  tim.o(.bss)
    rxCmd                                    0x200006f4   Data         255  usart.o(.bss)
    huart4                                   0x200007f4   Data          72  usart.o(.bss)
    huart1                                   0x2000083c   Data          72  usart.o(.bss)
    huart2                                   0x20000884   Data          72  usart.o(.bss)
    huart6                                   0x200008cc   Data          72  usart.o(.bss)
    hdma_usart6_rx                           0x20000914   Data          96  usart.o(.bss)
    hdma_usart6_tx                           0x20000974   Data          96  usart.o(.bss)
    OLED_DisplayBuf                          0x200009d4   Data        1024  oled.o(.bss)
    MMCL_cmd                                 0x20000dd4   Data        1024  emm_v5.o(.bss)
    BT_RxPacket                              0x200016a8   Data         150  bsp_bluetooth.o(.bss)
    k230_recv_data                           0x2000173e   Data          14  k230_cmd.o(.bss)
    g_washingSystem                          0x200017bc   Data         124  conveyor_belt.o(.bss)
    hx711                                    0x20001838   Data          16  hx711.o(.bss)
    __initial_sp                             0x20002098   Data           0  startup_stm32f407xx.o(STACK)



==============================================================================

Memory Map of the image

  Image Entry point : 0x08000189

  Load Region LR_IROM1 (Base: 0x08000000, Size: 0x000090c0, Max: 0x00080000, ABSOLUTE)

    Execution Region ER_IROM1 (Exec base: 0x08000000, Load base: 0x08000000, Size: 0x0000905c, Max: 0x00080000, ABSOLUTE)

    Exec Addr    Load Addr    Size         Type   Attr      Idx    E Section Name        Object

    0x08000000   0x08000000   0x00000188   Data   RO            3    RESET               startup_stm32f407xx.o
    0x08000188   0x08000188   0x00000000   Code   RO         5299  * .ARM.Collect$$$$00000000  mc_w.l(entry.o)
    0x08000188   0x08000188   0x00000004   Code   RO         5632    .ARM.Collect$$$$00000001  mc_w.l(entry2.o)
    0x0800018c   0x0800018c   0x00000004   Code   RO         5635    .ARM.Collect$$$$00000004  mc_w.l(entry5.o)
    0x08000190   0x08000190   0x00000000   Code   RO         5637    .ARM.Collect$$$$00000008  mc_w.l(entry7b.o)
    0x08000190   0x08000190   0x00000000   Code   RO         5639    .ARM.Collect$$$$0000000A  mc_w.l(entry8b.o)
    0x08000190   0x08000190   0x00000008   Code   RO         5640    .ARM.Collect$$$$0000000B  mc_w.l(entry9a.o)
    0x08000198   0x08000198   0x00000004   Code   RO         5647    .ARM.Collect$$$$0000000E  mc_w.l(entry12b.o)
    0x0800019c   0x0800019c   0x00000000   Code   RO         5642    .ARM.Collect$$$$0000000F  mc_w.l(entry10a.o)
    0x0800019c   0x0800019c   0x00000000   Code   RO         5644    .ARM.Collect$$$$00000011  mc_w.l(entry11a.o)
    0x0800019c   0x0800019c   0x00000004   Code   RO         5633    .ARM.Collect$$$$00002712  mc_w.l(entry2.o)
    0x080001a0   0x080001a0   0x00000024   Code   RO            4    .text               startup_stm32f407xx.o
    0x080001c4   0x080001c4   0x00000062   Code   RO         5302    .text               mc_w.l(uldiv.o)
    0x08000226   0x08000226   0x00000024   Code   RO         5304    .text               mc_w.l(memseta.o)
    0x0800024a   0x0800024a   0x0000000e   Code   RO         5306    .text               mc_w.l(strlen.o)
    0x08000258   0x08000258   0x0000001c   Code   RO         5308    .text               mc_w.l(strcmp.o)
    0x08000274   0x08000274   0x0000001e   Code   RO         5310    .text               mc_w.l(strncmp.o)
    0x08000292   0x08000292   0x0000014e   Code   RO         5573    .text               mf_w.l(dadd.o)
    0x080003e0   0x080003e0   0x000000e4   Code   RO         5575    .text               mf_w.l(dmul.o)
    0x080004c4   0x080004c4   0x000000de   Code   RO         5577    .text               mf_w.l(ddiv.o)
    0x080005a2   0x080005a2   0x00000026   Code   RO         5589    .text               mf_w.l(f2d.o)
    0x080005c8   0x080005c8   0x00000030   Code   RO         5593    .text               mf_w.l(cdrcmple.o)
    0x080005f8   0x080005f8   0x0000002c   Code   RO         5649    .text               mc_w.l(uidiv.o)
    0x08000624   0x08000624   0x0000001e   Code   RO         5651    .text               mc_w.l(llshl.o)
    0x08000642   0x08000642   0x00000020   Code   RO         5653    .text               mc_w.l(llushr.o)
    0x08000662   0x08000662   0x00000024   Code   RO         5655    .text               mc_w.l(llsshr.o)
    0x08000686   0x08000686   0x00000000   Code   RO         5664    .text               mc_w.l(iusefp.o)
    0x08000686   0x08000686   0x000000ba   Code   RO         5667    .text               mf_w.l(depilogue.o)
    0x08000740   0x08000740   0x00000030   Code   RO         5671    .text               mf_w.l(dfixul.o)
    0x08000770   0x08000770   0x00000024   Code   RO         5677    .text               mc_w.l(init.o)
    0x08000794   0x08000794   0x00000130   Code   RO          717    i.ADC_Init          stm32f4xx_hal_adc.o
    0x080008c4   0x080008c4   0x0000007e   Code   RO         5183    i.App_Conwashing_Init  app_conveyor.o
    0x08000942   0x08000942   0x0000007e   Code   RO         5184    i.App_Conwashing_Task  app_conveyor.o
    0x080009c0   0x080009c0   0x0000000c   Code   RO         5185    i.App_Get_CurrentMode  app_conveyor.o
    0x080009cc   0x080009cc   0x00000014   Code   RO         5186    i.App_Send_Cmd_Emergency  app_conveyor.o
    0x080009e0   0x080009e0   0x0000003a   Code   RO         5187    i.App_Send_Cmd_Resume  app_conveyor.o
    0x08000a1a   0x08000a1a   0x00000020   Code   RO         5188    i.App_Send_Cmd_StartAuto  app_conveyor.o
    0x08000a3a   0x08000a3a   0x0000004c   Code   RO         5189    i.App_Send_Cmd_Stop  app_conveyor.o
    0x08000a86   0x08000a86   0x0000001a   Code   RO         4642    i.Bluetooth_Init    bsp_bluetooth.o
    0x08000aa0   0x08000aa0   0x00000024   Code   RO         4643    i.Bluetooth_Printf  bsp_bluetooth.o
    0x08000ac4   0x08000ac4   0x00000022   Code   RO         4645    i.Bluetooth_SendString  bsp_bluetooth.o
    0x08000ae6   0x08000ae6   0x00000004   Code   RO          529    i.BusFault_Handler  stm32f4xx_it.o
    0x08000aea   0x08000aea   0x00000010   Code   RO          530    i.CAN1_RX0_IRQHandler  stm32f4xx_it.o
    0x08000afa   0x08000afa   0x00000010   Code   RO          531    i.DMA2_Stream1_IRQHandler  stm32f4xx_it.o
    0x08000b0a   0x08000b0a   0x00000010   Code   RO          532    i.DMA2_Stream2_IRQHandler  stm32f4xx_it.o
    0x08000b1a   0x08000b1a   0x00000010   Code   RO          533    i.DMA2_Stream6_IRQHandler  stm32f4xx_it.o
    0x08000b2a   0x08000b2a   0x00000038   Code   RO         1493    i.DMA_CalcBaseAndBitshift  stm32f4xx_hal_dma.o
    0x08000b62   0x08000b62   0x0000007e   Code   RO         1494    i.DMA_CheckFifoParam  stm32f4xx_hal_dma.o
    0x08000be0   0x08000be0   0x00000038   Code   RO         1495    i.DMA_SetConfig     stm32f4xx_hal_dma.o
    0x08000c18   0x08000c18   0x00000002   Code   RO          534    i.DebugMon_Handler  stm32f4xx_it.o
    0x08000c1a   0x08000c1a   0x00000060   Code   RO         3806    i.Debug_Init        debug.o
    0x08000c7a   0x08000c7a   0x00000056   Code   RO         4885    i.EmergencyStopAll  conveyor_belt.o
    0x08000cd0   0x08000cd0   0x0000003c   Code   RO         4221    i.Emm_V5_En_Control  emm_v5.o
    0x08000d0c   0x08000d0c   0x0000003c   Code   RO         4238    i.Emm_V5_Modify_Ctrl_Mode  emm_v5.o
    0x08000d48   0x08000d48   0x00000032   Code   RO         4272    i.Emm_V5_Reset_Clog_Pro  emm_v5.o
    0x08000d7a   0x08000d7a   0x00000032   Code   RO         4273    i.Emm_V5_Reset_CurPos_To_Zero  emm_v5.o
    0x08000dac   0x08000dac   0x00000038   Code   RO         4276    i.Emm_V5_Stop_Now   emm_v5.o
    0x08000de4   0x08000de4   0x00000032   Code   RO         4277    i.Emm_V5_Synchronous_motion  emm_v5.o
    0x08000e16   0x08000e16   0x0000004e   Code   RO         4279    i.Emm_V5_Vel_Control  emm_v5.o
    0x08000e64   0x08000e64   0x00000004   Code   RO           13    i.Error_Handler     main.o
    0x08000e68   0x08000e68   0x00000032   Code   RO         4886    i.GetConveyorBeltByLayer  conveyor_belt.o
    0x08000e9a   0x08000e9a   0x00000012   Code   RO         4976    i.Get_Maopi         hx711.o
    0x08000eac   0x08000eac   0x00000090   Code   RO         4977    i.Get_Weight        hx711.o
    0x08000f3c   0x08000f3c   0x0000017c   Code   RO          719    i.HAL_ADC_ConfigChannel  stm32f4xx_hal_adc.o
    0x080010b8   0x080010b8   0x00000056   Code   RO          728    i.HAL_ADC_Init      stm32f4xx_hal_adc.o
    0x0800110e   0x0800110e   0x00000090   Code   RO          284    i.HAL_ADC_MspInit   adc.o
    0x0800119e   0x0800119e   0x00000024   Code   RO         2182    i.HAL_CAN_ActivateNotification  stm32f4xx_hal_can.o
    0x080011c2   0x080011c2   0x000000f0   Code   RO         2183    i.HAL_CAN_AddTxMessage  stm32f4xx_hal_can.o
    0x080012b2   0x080012b2   0x00000128   Code   RO         2184    i.HAL_CAN_ConfigFilter  stm32f4xx_hal_can.o
    0x080013da   0x080013da   0x00000002   Code   RO         2187    i.HAL_CAN_ErrorCallback  stm32f4xx_hal_can.o
    0x080013dc   0x080013dc   0x00000026   Code   RO         2189    i.HAL_CAN_GetRxFifoFillLevel  stm32f4xx_hal_can.o
    0x08001402   0x08001402   0x00000174   Code   RO         2190    i.HAL_CAN_GetRxMessage  stm32f4xx_hal_can.o
    0x08001576   0x08001576   0x00000234   Code   RO         2194    i.HAL_CAN_IRQHandler  stm32f4xx_hal_can.o
    0x080017aa   0x080017aa   0x00000168   Code   RO         2195    i.HAL_CAN_Init      stm32f4xx_hal_can.o
    0x08001912   0x08001912   0x000000ac   Code   RO          326    i.HAL_CAN_MspInit   can.o
    0x080019be   0x080019be   0x00000002   Code   RO         2202    i.HAL_CAN_RxFifo0FullCallback  stm32f4xx_hal_can.o
    0x080019c0   0x080019c0   0x00000050   Code   RO          327    i.HAL_CAN_RxFifo0MsgPendingCallback  can.o
    0x08001a10   0x08001a10   0x00000002   Code   RO         2204    i.HAL_CAN_RxFifo1FullCallback  stm32f4xx_hal_can.o
    0x08001a12   0x08001a12   0x00000002   Code   RO         2205    i.HAL_CAN_RxFifo1MsgPendingCallback  stm32f4xx_hal_can.o
    0x08001a14   0x08001a14   0x00000002   Code   RO         2206    i.HAL_CAN_SleepCallback  stm32f4xx_hal_can.o
    0x08001a16   0x08001a16   0x00000064   Code   RO         2207    i.HAL_CAN_Start     stm32f4xx_hal_can.o
    0x08001a7a   0x08001a7a   0x00000002   Code   RO         2209    i.HAL_CAN_TxMailbox0AbortCallback  stm32f4xx_hal_can.o
    0x08001a7c   0x08001a7c   0x00000002   Code   RO         2210    i.HAL_CAN_TxMailbox0CompleteCallback  stm32f4xx_hal_can.o
    0x08001a7e   0x08001a7e   0x00000002   Code   RO         2211    i.HAL_CAN_TxMailbox1AbortCallback  stm32f4xx_hal_can.o
    0x08001a80   0x08001a80   0x00000002   Code   RO         2212    i.HAL_CAN_TxMailbox1CompleteCallback  stm32f4xx_hal_can.o
    0x08001a82   0x08001a82   0x00000002   Code   RO         2213    i.HAL_CAN_TxMailbox2AbortCallback  stm32f4xx_hal_can.o
    0x08001a84   0x08001a84   0x00000002   Code   RO         2214    i.HAL_CAN_TxMailbox2CompleteCallback  stm32f4xx_hal_can.o
    0x08001a86   0x08001a86   0x00000002   Code   RO         2216    i.HAL_CAN_WakeUpFromRxMsgCallback  stm32f4xx_hal_can.o
    0x08001a88   0x08001a88   0x000000a2   Code   RO         1496    i.HAL_DMA_Abort     stm32f4xx_hal_dma.o
    0x08001b2a   0x08001b2a   0x00000024   Code   RO         1497    i.HAL_DMA_Abort_IT  stm32f4xx_hal_dma.o
    0x08001b4e   0x08001b4e   0x000001ee   Code   RO         1501    i.HAL_DMA_IRQHandler  stm32f4xx_hal_dma.o
    0x08001d3c   0x08001d3c   0x000000ec   Code   RO         1502    i.HAL_DMA_Init      stm32f4xx_hal_dma.o
    0x08001e28   0x08001e28   0x00000070   Code   RO         1506    i.HAL_DMA_Start_IT  stm32f4xx_hal_dma.o
    0x08001e98   0x08001e98   0x00000028   Code   RO         1930    i.HAL_Delay         stm32f4xx_hal.o
    0x08001ec0   0x08001ec0   0x0000022e   Code   RO         1389    i.HAL_GPIO_Init     stm32f4xx_hal_gpio.o
    0x080020ee   0x080020ee   0x0000000e   Code   RO         1391    i.HAL_GPIO_ReadPin  stm32f4xx_hal_gpio.o
    0x080020fc   0x080020fc   0x0000000e   Code   RO         1393    i.HAL_GPIO_WritePin  stm32f4xx_hal_gpio.o
    0x0800210a   0x0800210a   0x0000000c   Code   RO         1936    i.HAL_GetTick       stm32f4xx_hal.o
    0x08002116   0x08002116   0x00000012   Code   RO         1942    i.HAL_IncTick       stm32f4xx_hal.o
    0x08002128   0x08002128   0x00000036   Code   RO         1943    i.HAL_Init          stm32f4xx_hal.o
    0x0800215e   0x0800215e   0x00000046   Code   RO         1944    i.HAL_InitTick      stm32f4xx_hal.o
    0x080021a4   0x080021a4   0x00000050   Code   RO          653    i.HAL_MspInit       stm32f4xx_hal_msp.o
    0x080021f4   0x080021f4   0x0000001c   Code   RO         1783    i.HAL_NVIC_EnableIRQ  stm32f4xx_hal_cortex.o
    0x08002210   0x08002210   0x00000068   Code   RO         1789    i.HAL_NVIC_SetPriority  stm32f4xx_hal_cortex.o
    0x08002278   0x08002278   0x00000024   Code   RO         1790    i.HAL_NVIC_SetPriorityGrouping  stm32f4xx_hal_cortex.o
    0x0800229c   0x0800229c   0x00000184   Code   RO          990    i.HAL_RCC_ClockConfig  stm32f4xx_hal_rcc.o
    0x08002420   0x08002420   0x0000000c   Code   RO          995    i.HAL_RCC_GetHCLKFreq  stm32f4xx_hal_rcc.o
    0x0800242c   0x0800242c   0x00000022   Code   RO          997    i.HAL_RCC_GetPCLK1Freq  stm32f4xx_hal_rcc.o
    0x0800244e   0x0800244e   0x00000022   Code   RO          998    i.HAL_RCC_GetPCLK2Freq  stm32f4xx_hal_rcc.o
    0x08002470   0x08002470   0x00000076   Code   RO          999    i.HAL_RCC_GetSysClockFreq  stm32f4xx_hal_rcc.o
    0x080024e6   0x080024e6   0x0000049e   Code   RO         1002    i.HAL_RCC_OscConfig  stm32f4xx_hal_rcc.o
    0x08002984   0x08002984   0x0000002a   Code   RO         1794    i.HAL_SYSTICK_Config  stm32f4xx_hal_cortex.o
    0x080029ae   0x080029ae   0x00000066   Code   RO         3136    i.HAL_TIMEx_ConfigBreakDeadTime  stm32f4xx_hal_tim_ex.o
    0x08002a14   0x08002a14   0x0000009a   Code   RO         3152    i.HAL_TIMEx_MasterConfigSynchronization  stm32f4xx_hal_tim_ex.o
    0x08002aae   0x08002aae   0x0000005c   Code   RO         2417    i.HAL_TIM_Base_Init  stm32f4xx_hal_tim.o
    0x08002b0a   0x08002b0a   0x0000003c   Code   RO          417    i.HAL_TIM_Base_MspInit  tim.o
    0x08002b46   0x08002b46   0x000000ea   Code   RO         2426    i.HAL_TIM_ConfigClockSource  stm32f4xx_hal_tim.o
    0x08002c30   0x08002c30   0x0000006e   Code   RO          418    i.HAL_TIM_MspPostInit  tim.o
    0x08002c9e   0x08002c9e   0x000000d8   Code   RO         2489    i.HAL_TIM_PWM_ConfigChannel  stm32f4xx_hal_tim.o
    0x08002d76   0x08002d76   0x0000005c   Code   RO         2492    i.HAL_TIM_PWM_Init  stm32f4xx_hal_tim.o
    0x08002dd2   0x08002dd2   0x00000002   Code   RO         2494    i.HAL_TIM_PWM_MspInit  stm32f4xx_hal_tim.o
    0x08002dd4   0x08002dd4   0x00000002   Code   RO         3412    i.HAL_UARTEx_RxEventCallback  stm32f4xx_hal_uart.o
    0x08002dd6   0x08002dd6   0x00000070   Code   RO         3424    i.HAL_UART_DMAStop  stm32f4xx_hal_uart.o
    0x08002e46   0x08002e46   0x00000002   Code   RO         3426    i.HAL_UART_ErrorCallback  stm32f4xx_hal_uart.o
    0x08002e48   0x08002e48   0x00000284   Code   RO         3429    i.HAL_UART_IRQHandler  stm32f4xx_hal_uart.o
    0x080030cc   0x080030cc   0x00000066   Code   RO         3430    i.HAL_UART_Init     stm32f4xx_hal_uart.o
    0x08003132   0x08003132   0x00000328   Code   RO          465    i.HAL_UART_MspInit  usart.o
    0x0800345a   0x0800345a   0x0000001c   Code   RO         3434    i.HAL_UART_Receive_DMA  stm32f4xx_hal_uart.o
    0x08003476   0x08003476   0x0000001c   Code   RO         3435    i.HAL_UART_Receive_IT  stm32f4xx_hal_uart.o
    0x08003492   0x08003492   0x00000110   Code   RO         4646    i.HAL_UART_RxCpltCallback  bsp_bluetooth.o
    0x080035a2   0x080035a2   0x00000002   Code   RO         3437    i.HAL_UART_RxHalfCpltCallback  stm32f4xx_hal_uart.o
    0x080035a4   0x080035a4   0x000000b8   Code   RO         3438    i.HAL_UART_Transmit  stm32f4xx_hal_uart.o
    0x0800365c   0x0800365c   0x00000002   Code   RO         3441    i.HAL_UART_TxCpltCallback  stm32f4xx_hal_uart.o
    0x0800365e   0x0800365e   0x00000020   Code   RO         4978    i.HX711_Init        hx711.o
    0x0800367e   0x0800367e   0x000000a8   Code   RO         4979    i.HX711_Read        hx711.o
    0x08003726   0x08003726   0x00000004   Code   RO          535    i.HardFault_Handler  stm32f4xx_it.o
    0x0800372a   0x0800372a   0x00000226   Code   RO         4749    i.K230_UART4_RxHandler  k230_cmd.o
    0x08003950   0x08003950   0x00000008   Code   RO         3773    i.Key_Init          bsp_key.o
    0x08003958   0x08003958   0x00000014   Code   RO         5027    i.Lower_Layer_Close  servo_ctrl.o
    0x0800396c   0x0800396c   0x00000014   Code   RO         5028    i.Lower_Layer_Open  servo_ctrl.o
    0x08003980   0x08003980   0x00000080   Code   RO          285    i.MX_ADC1_Init      adc.o
    0x08003a00   0x08003a00   0x0000004c   Code   RO          328    i.MX_CAN1_Init      can.o
    0x08003a4c   0x08003a4c   0x000000ac   Code   RO          386    i.MX_DMA_Init       dma.o
    0x08003af8   0x08003af8   0x0000015e   Code   RO          259    i.MX_GPIO_Init      gpio.o
    0x08003c56   0x08003c56   0x00000148   Code   RO          419    i.MX_TIM1_Init      tim.o
    0x08003d9e   0x08003d9e   0x00000040   Code   RO          466    i.MX_UART4_Init     usart.o
    0x08003dde   0x08003dde   0x00000040   Code   RO          467    i.MX_USART1_UART_Init  usart.o
    0x08003e1e   0x08003e1e   0x00000040   Code   RO          468    i.MX_USART2_UART_Init  usart.o
    0x08003e5e   0x08003e5e   0x00000040   Code   RO          469    i.MX_USART6_UART_Init  usart.o
    0x08003e9e   0x08003e9e   0x00000004   Code   RO          536    i.MemManage_Handler  stm32f4xx_it.o
    0x08003ea2   0x08003ea2   0x00000014   Code   RO         5029    i.Middle_Layer_Close  servo_ctrl.o
    0x08003eb6   0x08003eb6   0x00000014   Code   RO         5030    i.Middle_Layer_Open  servo_ctrl.o
    0x08003eca   0x08003eca   0x00000002   Code   RO          537    i.NMI_Handler       stm32f4xx_it.o
    0x08003ecc   0x08003ecc   0x0000002a   Code   RO         3959    i.OLED_Clear        oled.o
    0x08003ef6   0x08003ef6   0x00000094   Code   RO         3960    i.OLED_ClearArea    oled.o
    0x08003f8a   0x08003f8a   0x0000002c   Code   RO         3968    i.OLED_GPIO_Init    oled.o
    0x08003fb6   0x08003fb6   0x0000004a   Code   RO         3970    i.OLED_I2C_SendByte  oled.o
    0x08004000   0x08004000   0x0000002e   Code   RO         3971    i.OLED_I2C_Start    oled.o
    0x0800402e   0x0800402e   0x00000022   Code   RO         3972    i.OLED_I2C_Stop     oled.o
    0x08004050   0x08004050   0x0000009a   Code   RO         3973    i.OLED_Init         oled.o
    0x080040ea   0x080040ea   0x00000014   Code   RO         3975    i.OLED_Pow          oled.o
    0x080040fe   0x080040fe   0x00000022   Code   RO         3979    i.OLED_SetCursor    oled.o
    0x08004120   0x08004120   0x00000056   Code   RO         3981    i.OLED_ShowChar     oled.o
    0x08004176   0x08004176   0x00000110   Code   RO         3984    i.OLED_ShowImage    oled.o
    0x08004286   0x08004286   0x0000004c   Code   RO         3985    i.OLED_ShowNum      oled.o
    0x080042d2   0x080042d2   0x00000120   Code   RO         3987    i.OLED_ShowString   oled.o
    0x080043f2   0x080043f2   0x0000002a   Code   RO         3988    i.OLED_Update       oled.o
    0x0800441c   0x0800441c   0x00000018   Code   RO         3990    i.OLED_W_SCL        oled.o
    0x08004434   0x08004434   0x00000018   Code   RO         3991    i.OLED_W_SDA        oled.o
    0x0800444c   0x0800444c   0x00000020   Code   RO         3992    i.OLED_WriteCommand  oled.o
    0x0800446c   0x0800446c   0x0000002e   Code   RO         3993    i.OLED_WriteData    oled.o
    0x0800449a   0x0800449a   0x00000002   Code   RO          538    i.PendSV_Handler    stm32f4xx_it.o
    0x0800449c   0x0800449c   0x0000026c   Code   RO         5257    i.Process_Bluetooth_Command  app_bluetooth_task.o
    0x08004708   0x08004708   0x00000020   Code   RO         4609    i.Relay_Init        bsp_relay.o
    0x08004728   0x08004728   0x0000002e   Code   RO         4887    i.ResetEmergencyStop  conveyor_belt.o
    0x08004756   0x08004756   0x000004f8   Code   RO         5190    i.Run_Auto_Process_FSM  app_conveyor.o
    0x08004c4e   0x08004c4e   0x00000002   Code   RO         5191    i.Run_Maintenance_Mode  app_conveyor.o
    0x08004c50   0x08004c50   0x00000002   Code   RO          539    i.SVC_Handler       stm32f4xx_it.o
    0x08004c52   0x08004c52   0x0000001c   Code   RO         5032    i.Servo_Action      servo_ctrl.o
    0x08004c6e   0x08004c6e   0x0000004a   Code   RO         4704    i.Servo_SetAngleInt  servo.o
    0x08004cb8   0x08004cb8   0x0000006e   Code   RO         4705    i.Servo_SetPulse    servo.o
    0x08004d26   0x08004d26   0x00000042   Code   RO         4610    i.Set_Relay_Switch  bsp_relay.o
    0x08004d68   0x08004d68   0x000000d0   Code   RO         4888    i.StartConveyorBelt  conveyor_belt.o
    0x08004e38   0x08004e38   0x0000008c   Code   RO         4889    i.StartPackConveyor  conveyor_belt.o
    0x08004ec4   0x08004ec4   0x0000008c   Code   RO         4890    i.StartWrapMotor    conveyor_belt.o
    0x08004f50   0x08004f50   0x0000003a   Code   RO         4891    i.StopConveyorBelt  conveyor_belt.o
    0x08004f8a   0x08004f8a   0x0000002a   Code   RO         4892    i.StopPackConveyor  conveyor_belt.o
    0x08004fb4   0x08004fb4   0x0000001e   Code   RO         4893    i.StopWashingSystem  conveyor_belt.o
    0x08004fd2   0x08004fd2   0x0000002a   Code   RO         4894    i.StopWrapMotor     conveyor_belt.o
    0x08004ffc   0x08004ffc   0x00000008   Code   RO          540    i.SysTick_Handler   stm32f4xx_it.o
    0x08005004   0x08005004   0x000000c6   Code   RO           14    i.SystemClock_Config  main.o
    0x080050ca   0x080050ca   0x00000028   Code   RO          678    i.SystemInit        system_stm32f4xx.o
    0x080050f2   0x080050f2   0x000000da   Code   RO         2510    i.TIM_Base_SetConfig  stm32f4xx_hal_tim.o
    0x080051cc   0x080051cc   0x00000016   Code   RO         2521    i.TIM_ETR_SetConfig  stm32f4xx_hal_tim.o
    0x080051e2   0x080051e2   0x00000010   Code   RO         2522    i.TIM_ITRx_SetConfig  stm32f4xx_hal_tim.o
    0x080051f2   0x080051f2   0x00000072   Code   RO         2523    i.TIM_OC1_SetConfig  stm32f4xx_hal_tim.o
    0x08005264   0x08005264   0x0000007a   Code   RO         2524    i.TIM_OC2_SetConfig  stm32f4xx_hal_tim.o
    0x080052de   0x080052de   0x0000007a   Code   RO         2525    i.TIM_OC3_SetConfig  stm32f4xx_hal_tim.o
    0x08005358   0x08005358   0x00000058   Code   RO         2526    i.TIM_OC4_SetConfig  stm32f4xx_hal_tim.o
    0x080053b0   0x080053b0   0x00000026   Code   RO         2528    i.TIM_TI1_ConfigInputStage  stm32f4xx_hal_tim.o
    0x080053d6   0x080053d6   0x00000028   Code   RO         2530    i.TIM_TI2_ConfigInputStage  stm32f4xx_hal_tim.o
    0x080053fe   0x080053fe   0x00000010   Code   RO          541    i.UART4_IRQHandler  stm32f4xx_it.o
    0x0800540e   0x0800540e   0x0000000e   Code   RO         3443    i.UART_DMAAbortOnError  stm32f4xx_hal_uart.o
    0x0800541c   0x0800541c   0x0000004a   Code   RO         3444    i.UART_DMAError     stm32f4xx_hal_uart.o
    0x08005466   0x08005466   0x00000090   Code   RO         3445    i.UART_DMAReceiveCplt  stm32f4xx_hal_uart.o
    0x080054f6   0x080054f6   0x0000001e   Code   RO         3447    i.UART_DMARxHalfCplt  stm32f4xx_hal_uart.o
    0x08005514   0x08005514   0x0000004e   Code   RO         3453    i.UART_EndRxTransfer  stm32f4xx_hal_uart.o
    0x08005562   0x08005562   0x0000001a   Code   RO         3454    i.UART_EndTransmit_IT  stm32f4xx_hal_uart.o
    0x0800557c   0x0800557c   0x0000001c   Code   RO         3455    i.UART_EndTxTransfer  stm32f4xx_hal_uart.o
    0x08005598   0x08005598   0x000000ca   Code   RO         3456    i.UART_Receive_IT   stm32f4xx_hal_uart.o
    0x08005662   0x08005662   0x000000fe   Code   RO         3457    i.UART_SetConfig    stm32f4xx_hal_uart.o
    0x08005760   0x08005760   0x000000b6   Code   RO         3458    i.UART_Start_Receive_DMA  stm32f4xx_hal_uart.o
    0x08005816   0x08005816   0x00000038   Code   RO         3459    i.UART_Start_Receive_IT  stm32f4xx_hal_uart.o
    0x0800584e   0x0800584e   0x0000005e   Code   RO         3460    i.UART_Transmit_IT  stm32f4xx_hal_uart.o
    0x080058ac   0x080058ac   0x0000008e   Code   RO         3461    i.UART_WaitOnFlagUntilTimeout  stm32f4xx_hal_uart.o
    0x0800593a   0x0800593a   0x00000010   Code   RO          542    i.USART1_IRQHandler  stm32f4xx_it.o
    0x0800594a   0x0800594a   0x00000010   Code   RO          543    i.USART2_IRQHandler  stm32f4xx_it.o
    0x0800595a   0x0800595a   0x000000d6   Code   RO           15    i.USART6_DMAHandler  main.o
    0x08005a30   0x08005a30   0x00000014   Code   RO          544    i.USART6_IRQHandler  stm32f4xx_it.o
    0x08005a44   0x08005a44   0x0000007e   Code   RO          329    i.USER_CAN1_Filter_Init  can.o
    0x08005ac2   0x08005ac2   0x00000004   Code   RO          545    i.UsageFault_Handler  stm32f4xx_it.o
    0x08005ac6   0x08005ac6   0x00000144   Code   RO         4895    i.WashingSystem_Init  conveyor_belt.o
    0x08005c0a   0x08005c0a   0x00000002   PAD
    0x08005c0c   0x08005c0c   0x00000020   Code   RO         5545    i.__0printf         mc_w.l(printfa.o)
    0x08005c2c   0x08005c2c   0x00000024   Code   RO         5551    i.__0vsprintf       mc_w.l(printfa.o)
    0x08005c50   0x08005c50   0x0000000e   Code   RO         5681    i.__scatterload_copy  mc_w.l(handlers.o)
    0x08005c5e   0x08005c5e   0x00000002   Code   RO         5682    i.__scatterload_null  mc_w.l(handlers.o)
    0x08005c60   0x08005c60   0x0000000e   Code   RO         5683    i.__scatterload_zeroinit  mc_w.l(handlers.o)
    0x08005c6e   0x08005c6e   0x00000002   PAD
    0x08005c70   0x08005c70   0x00000184   Code   RO         5552    i._fp_digits        mc_w.l(printfa.o)
    0x08005df4   0x08005df4   0x000006b4   Code   RO         5553    i._printf_core      mc_w.l(printfa.o)
    0x080064a8   0x080064a8   0x00000024   Code   RO         5554    i._printf_post_padding  mc_w.l(printfa.o)
    0x080064cc   0x080064cc   0x0000002e   Code   RO         5555    i._printf_pre_padding  mc_w.l(printfa.o)
    0x080064fa   0x080064fa   0x0000000a   Code   RO         5557    i._sputc            mc_w.l(printfa.o)
    0x08006504   0x08006504   0x0000001e   Code   RO         4750    i.bsp_uart4_start_receive  k230_cmd.o
    0x08006522   0x08006522   0x00000094   Code   RO         5123    i.btn_four_cb       app_key_task.o
    0x080065b6   0x080065b6   0x0000007c   Code   RO         5124    i.btn_one_cb        app_key_task.o
    0x08006632   0x08006632   0x0000008e   Code   RO         5125    i.btn_three_cb      app_key_task.o
    0x080066c0   0x080066c0   0x0000007e   Code   RO         5126    i.btn_two_cb        app_key_task.o
    0x0800673e   0x0800673e   0x0000000e   Code   RO         4812    i.button_four_read  mid_button.o
    0x0800674c   0x0800674c   0x0000000e   Code   RO         4813    i.button_one_read   mid_button.o
    0x0800675a   0x0800675a   0x0000000e   Code   RO         4814    i.button_three_read  mid_button.o
    0x08006768   0x08006768   0x0000000e   Code   RO         4815    i.button_two_read   mid_button.o
    0x08006776   0x08006776   0x00000160   Code   RO          330    i.can_SendCmd       can.o
    0x080068d6   0x080068d6   0x00000074   Code   RO         4751    i.category_str_to_type  k230_cmd.o
    0x0800694a   0x0800694a   0x00000018   Code   RO         3932    i.delay_us          delay_us.o
    0x08006962   0x08006962   0x000002ce   Code   RO         4817    i.flex_button_process  mid_button.o
    0x08006c30   0x08006c30   0x000000a2   Code   RO         4818    i.flex_button_read  mid_button.o
    0x08006cd2   0x08006cd2   0x0000009c   Code   RO         4819    i.flex_button_register  mid_button.o
    0x08006d6e   0x08006d6e   0x0000000c   Code   RO         4820    i.flex_button_scan  mid_button.o
    0x08006d7a   0x08006d7a   0x0000001c   Code   RO         3808    i.fputc             debug.o
    0x08006d96   0x08006d96   0x0000004e   Code   RO         4752    i.k230_parser_reset  k230_cmd.o
    0x08006de4   0x08006de4   0x0000007e   Code   RO         3774    i.key_scan          bsp_key.o
    0x08006e62   0x08006e62   0x00000236   Code   RO           16    i.main              main.o
    0x08007098   0x08007098   0x00000016   Code   RO         4754    i.to_lower_ascii    k230_cmd.o
    0x080070ae   0x080070ae   0x00000002   PAD
    0x080070b0   0x080070b0   0x000000dc   Code   RO         4821    i.user_button_init  mid_button.o
    0x0800718c   0x0800718c   0x00000018   Data   RO          679    .constdata          system_stm32f4xx.o
    0x080071a4   0x080071a4   0x00000008   Data   RO         1508    .constdata          stm32f4xx_hal_dma.o
    0x080071ac   0x080071ac   0x000018d5   Data   RO         4205    .constdata          oled_data.o
    0x08008a81   0x08008a81   0x00000003   PAD
    0x08008a84   0x08008a84   0x00000078   Data   RO           18    .conststring        main.o
    0x08008afc   0x08008afc   0x0000009c   Data   RO         3809    .conststring        debug.o
    0x08008b98   0x08008b98   0x00000001   Data   RO         3996    .conststring        oled.o
    0x08008b99   0x08008b99   0x00000003   PAD
    0x08008b9c   0x08008b9c   0x00000008   Data   RO         4897    .conststring        conveyor_belt.o
    0x08008ba4   0x08008ba4   0x0000008c   Data   RO         5127    .conststring        app_key_task.o
    0x08008c30   0x08008c30   0x0000030c   Data   RO         5193    .conststring        app_conveyor.o
    0x08008f3c   0x08008f3c   0x000000e0   Data   RO         5258    .conststring        app_bluetooth_task.o
    0x0800901c   0x0800901c   0x00000020   Data   RO         5679    Region$$Table       anon$$obj.o
    0x0800903c   0x0800903c   0x00000008   Data   RO         4759    c.K230_UART4_RxHandler.0000002e  k230_cmd.o
    0x08009044   0x08009044   0x0000000f   Data   RO         5194    c.Run_Auto_Process_FSM.0000002a  app_conveyor.o
    0x08009053   0x08009053   0x00000007   Data   RO         4824    c.flex_button_process.00000028  mid_button.o


    Execution Region RW_IRAM1 (Exec base: 0x20000000, Load base: 0x0800905c, Size: 0x00002098, Max: 0x00020000, ABSOLUTE)

    Exec Addr    Load Addr    Size         Type   Attr      Idx    E Section Name        Object

    0x20000000   0x0800905c   0x00000023   Data   RW           19    .data               main.o
    0x20000023   0x0800907f   0x00000001   PAD
    0x20000024   0x08009080   0x00000004   Data   RW          332    .data               can.o
    0x20000028   0x08009084   0x00000004   Data   RW          680    .data               system_stm32f4xx.o
    0x2000002c   0x08009088   0x0000000c   Data   RW         1950    .data               stm32f4xx_hal.o
    0x20000038   0x08009094   0x00000004   Data   RW         4648    .data               bsp_bluetooth.o
    0x2000003c   0x08009098   0x00000006   Data   RW         4706    .data               servo.o
    0x20000042   0x0800909e   0x0000000d   Data   RW         4758    .data               k230_cmd.o
    0x2000004f   0x080090ab   0x00000001   PAD
    0x20000050   0x080090ac   0x0000000d   Data   RW         4823    .data               mid_button.o
    0x2000005d   0x080090b9   0x00000003   PAD
    0x20000060   0x080090bc   0x00000004   Data   RW         5648    .data               mc_w.l(stdout.o)
    0x20000064        -       0x00000500   Zero   RW           17    .bss                main.o
    0x20000564        -       0x00000048   Zero   RW          286    .bss                adc.o
    0x200005ac        -       0x000000a0   Zero   RW          331    .bss                can.o
    0x2000064c        -       0x00000060   Zero   RW          387    .bss                dma.o
    0x200006ac        -       0x00000048   Zero   RW          420    .bss                tim.o
    0x200006f4        -       0x000002e0   Zero   RW          470    .bss                usart.o
    0x200009d4        -       0x00000400   Zero   RW         3995    .bss                oled.o
    0x20000dd4        -       0x000008d4   Zero   RW         4280    .bss                emm_v5.o
    0x200016a8        -       0x00000096   Zero   RW         4647    .bss                bsp_bluetooth.o
    0x2000173e        -       0x0000000e   Zero   RW         4756    .bss                k230_cmd.o
    0x2000174c        -       0x00000070   Zero   RW         4822    .bss                mid_button.o
    0x200017bc        -       0x0000007c   Zero   RW         4896    .bss                conveyor_belt.o
    0x20001838        -       0x00000010   Zero   RW         4980    .bss                hx711.o
    0x20001848        -       0x0000004c   Zero   RW         5192    .bss                app_conveyor.o
    0x20001894   0x080090c0   0x00000004   PAD
    0x20001898        -       0x00000800   Zero   RW            1    STACK               startup_stm32f407xx.o


==============================================================================

Image component sizes


      Code (inc. data)   RO Data    RW Data    ZI Data      Debug   Object Name

       272          0          0          0         72       1737   adc.o
       620          0        224          0          0        736   app_bluetooth_task.o
      1724          0        795          0         76       5474   app_conveyor.o
       540          0        140          0          0       4011   app_key_task.o
       368          0          0          4        150       3161   bsp_bluetooth.o
       134          0          0          0          0       1594   bsp_key.o
        98          0          0          0          0       1148   bsp_relay.o
       806          0          0          4        160       4407   can.o
      1166          0          8          0        124       9331   conveyor_belt.o
       124          0        156          0          0       2365   debug.o
        24          0          0          0          0        511   delay_us.o
       172          0          0          0         96       1087   dma.o
       404          0          0          0       2260      27526   emm_v5.o
       350          0          0          0          0       1103   gpio.o
       362          0          0          0         16       3027   hx711.o
       796          0          8         13         14       4570   k230_cmd.o
       982          0        120         35       1280     725338   main.o
      1324          0          7         13        112       7233   mid_button.o
      1486          0          1          0       1024      12749   oled.o
         0          0       6357          0          0       1146   oled_data.o
       184          0          0          6          0       1885   servo.o
       108          0          0          0          0       3115   servo_ctrl.o
        36          8        392          0       2048        848   startup_stm32f407xx.o
       194          0          0         12          0       9513   stm32f4xx_hal.o
       770          0          0          0          0       2895   stm32f4xx_hal_adc.o
      2030          0          0          0          0      16028   stm32f4xx_hal_can.o
       210          0          0          0          0      33643   stm32f4xx_hal_cortex.o
      1278          0          8          0          0       7626   stm32f4xx_hal_dma.o
       586          0          0          0          0       3123   stm32f4xx_hal_gpio.o
        80          0          0          0          0        862   stm32f4xx_hal_msp.o
      1768          0          0          0          0       6680   stm32f4xx_hal_rcc.o
      1416          0          0          0          0      11438   stm32f4xx_hal_tim.o
       256          0          0          0          0       2360   stm32f4xx_hal_tim_ex.o
      2430          0          0          0          0      18973   stm32f4xx_hal_uart.o
       164          0          0          0          0       8293   stm32f4xx_it.o
        40          0         24          4          0       1167   system_stm32f4xx.o
       498          0          0          0         72       2524   tim.o
      1064          0          0          0        736       4075   usart.o

    ----------------------------------------------------------------------
     24868          8       8280         96       8244     953302   Object Totals
         0          0         32          0          0          0   (incl. Generated)
         4          0          8          5          4          0   (incl. Padding)

    ----------------------------------------------------------------------

      Code (inc. data)   RO Data    RW Data    ZI Data      Debug   Library Member Name

         0          0          0          0          0          0   entry.o
         0          0          0          0          0          0   entry10a.o
         0          0          0          0          0          0   entry11a.o
         4          0          0          0          0          0   entry12b.o
         8          4          0          0          0          0   entry2.o
         4          0          0          0          0          0   entry5.o
         0          0          0          0          0          0   entry7b.o
         0          0          0          0          0          0   entry8b.o
         8          4          0          0          0          0   entry9a.o
        30          0          0          0          0          0   handlers.o
        36          8          0          0          0         68   init.o
         0          0          0          0          0          0   iusefp.o
        30          0          0          0          0         68   llshl.o
        36          0          0          0          0         68   llsshr.o
        32          0          0          0          0         68   llushr.o
        36          0          0          0          0        108   memseta.o
      2264         96          0          0          0        612   printfa.o
         0          0          0          4          0          0   stdout.o
        28          0          0          0          0         76   strcmp.o
        14          0          0          0          0         68   strlen.o
        30          0          0          0          0         80   strncmp.o
        44          0          0          0          0         80   uidiv.o
        98          0          0          0          0         92   uldiv.o
        48          0          0          0          0         68   cdrcmple.o
       334          0          0          0          0        148   dadd.o
       222          0          0          0          0        100   ddiv.o
       186          0          0          0          0        176   depilogue.o
        48          0          0          0          0         68   dfixul.o
       228          0          0          0          0         96   dmul.o
        38          0          0          0          0         68   f2d.o

    ----------------------------------------------------------------------
      3808        112          0          4          0       2112   Library Totals
         2          0          0          0          0          0   (incl. Padding)

    ----------------------------------------------------------------------

      Code (inc. data)   RO Data    RW Data    ZI Data      Debug   Library Name

      2702        112          0          4          0       1388   mc_w.l
      1104          0          0          0          0        724   mf_w.l

    ----------------------------------------------------------------------
      3808        112          0          4          0       2112   Library Totals

    ----------------------------------------------------------------------

==============================================================================


      Code (inc. data)   RO Data    RW Data    ZI Data      Debug   

     28676        120       8280        100       8244     933826   Grand Totals
     28676        120       8280        100       8244     933826   ELF Image Totals
     28676        120       8280        100          0          0   ROM Totals

==============================================================================

    Total RO  Size (Code + RO Data)                36956 (  36.09kB)
    Total RW  Size (RW Data + ZI Data)              8344 (   8.15kB)
    Total ROM Size (Code + RO Data + RW Data)      37056 (  36.19kB)

==============================================================================

